ARM GAS  C:\Users\PROYEC~1\AppData\Local\Temp\cc7YSakf.s 			page 1


   1              		.syntax unified
   2              		.cpu cortex-m3
   3              		.fpu softvfp
   4              		.eabi_attribute 20, 1
   5              		.eabi_attribute 21, 1
   6              		.eabi_attribute 23, 3
   7              		.eabi_attribute 24, 1
   8              		.eabi_attribute 25, 1
   9              		.eabi_attribute 26, 1
  10              		.eabi_attribute 30, 6
  11              		.eabi_attribute 34, 1
  12              		.eabi_attribute 18, 4
  13              		.thumb
  14              		.file	"Beagle_INT.c"
  15              		.text
  16              	.Ltext0:
  17              		.cfi_sections	.debug_frame
  18              		.section	.text.Beagle_RXISR,"ax",%progbits
  19              		.align	2
  20              		.global	Beagle_RXISR
  21              		.thumb
  22              		.thumb_func
  23              		.type	Beagle_RXISR, %function
  24              	Beagle_RXISR:
  25              	.LFB0:
  26              		.file 1 ".\\Generated_Source\\PSoC5\\Beagle_INT.c"
   1:.\Generated_Source\PSoC5/Beagle_INT.c **** /*******************************************************************************
   2:.\Generated_Source\PSoC5/Beagle_INT.c **** * File Name: Beagle_INT.c
   3:.\Generated_Source\PSoC5/Beagle_INT.c **** * Version 2.30
   4:.\Generated_Source\PSoC5/Beagle_INT.c **** *
   5:.\Generated_Source\PSoC5/Beagle_INT.c **** * Description:
   6:.\Generated_Source\PSoC5/Beagle_INT.c **** *  This file provides all Interrupt Service functionality of the UART component
   7:.\Generated_Source\PSoC5/Beagle_INT.c **** *
   8:.\Generated_Source\PSoC5/Beagle_INT.c **** * Note:
   9:.\Generated_Source\PSoC5/Beagle_INT.c **** *  Any unusual or non-standard behavior should be noted here. Other-
  10:.\Generated_Source\PSoC5/Beagle_INT.c **** *  wise, this section should remain blank.
  11:.\Generated_Source\PSoC5/Beagle_INT.c **** *
  12:.\Generated_Source\PSoC5/Beagle_INT.c **** ********************************************************************************
  13:.\Generated_Source\PSoC5/Beagle_INT.c **** * Copyright 2008-2012, Cypress Semiconductor Corporation.  All rights reserved.
  14:.\Generated_Source\PSoC5/Beagle_INT.c **** * You may use this file only in accordance with the license, terms, conditions,
  15:.\Generated_Source\PSoC5/Beagle_INT.c **** * disclaimers, and limitations in the end user license agreement accompanying
  16:.\Generated_Source\PSoC5/Beagle_INT.c **** * the software package with which this file was provided.
  17:.\Generated_Source\PSoC5/Beagle_INT.c **** *******************************************************************************/
  18:.\Generated_Source\PSoC5/Beagle_INT.c **** 
  19:.\Generated_Source\PSoC5/Beagle_INT.c **** #include "Beagle.h"
  20:.\Generated_Source\PSoC5/Beagle_INT.c **** #include "CyLib.h"
  21:.\Generated_Source\PSoC5/Beagle_INT.c **** 
  22:.\Generated_Source\PSoC5/Beagle_INT.c **** 
  23:.\Generated_Source\PSoC5/Beagle_INT.c **** /***************************************
  24:.\Generated_Source\PSoC5/Beagle_INT.c **** * Custom Declratations
  25:.\Generated_Source\PSoC5/Beagle_INT.c **** ***************************************/
  26:.\Generated_Source\PSoC5/Beagle_INT.c **** /* `#START CUSTOM_DECLARATIONS` Place your declaration here */
  27:.\Generated_Source\PSoC5/Beagle_INT.c **** 
  28:.\Generated_Source\PSoC5/Beagle_INT.c **** /* `#END` */
  29:.\Generated_Source\PSoC5/Beagle_INT.c **** 
  30:.\Generated_Source\PSoC5/Beagle_INT.c **** #if( (Beagle_RX_ENABLED || Beagle_HD_ENABLED) && \
  31:.\Generated_Source\PSoC5/Beagle_INT.c ****      (Beagle_RXBUFFERSIZE > Beagle_FIFO_LENGTH))
ARM GAS  C:\Users\PROYEC~1\AppData\Local\Temp\cc7YSakf.s 			page 2


  32:.\Generated_Source\PSoC5/Beagle_INT.c **** 
  33:.\Generated_Source\PSoC5/Beagle_INT.c **** 
  34:.\Generated_Source\PSoC5/Beagle_INT.c ****     /*******************************************************************************
  35:.\Generated_Source\PSoC5/Beagle_INT.c ****     * Function Name: Beagle_RXISR
  36:.\Generated_Source\PSoC5/Beagle_INT.c ****     ********************************************************************************
  37:.\Generated_Source\PSoC5/Beagle_INT.c ****     *
  38:.\Generated_Source\PSoC5/Beagle_INT.c ****     * Summary:
  39:.\Generated_Source\PSoC5/Beagle_INT.c ****     *  Interrupt Service Routine for RX portion of the UART
  40:.\Generated_Source\PSoC5/Beagle_INT.c ****     *
  41:.\Generated_Source\PSoC5/Beagle_INT.c ****     * Parameters:
  42:.\Generated_Source\PSoC5/Beagle_INT.c ****     *  None.
  43:.\Generated_Source\PSoC5/Beagle_INT.c ****     *
  44:.\Generated_Source\PSoC5/Beagle_INT.c ****     * Return:
  45:.\Generated_Source\PSoC5/Beagle_INT.c ****     *  None.
  46:.\Generated_Source\PSoC5/Beagle_INT.c ****     *
  47:.\Generated_Source\PSoC5/Beagle_INT.c ****     * Global Variables:
  48:.\Generated_Source\PSoC5/Beagle_INT.c ****     *  Beagle_rxBuffer - RAM buffer pointer for save received data.
  49:.\Generated_Source\PSoC5/Beagle_INT.c ****     *  Beagle_rxBufferWrite - cyclic index for write to rxBuffer,
  50:.\Generated_Source\PSoC5/Beagle_INT.c ****     *     increments after each byte saved to buffer.
  51:.\Generated_Source\PSoC5/Beagle_INT.c ****     *  Beagle_rxBufferRead - cyclic index for read from rxBuffer,
  52:.\Generated_Source\PSoC5/Beagle_INT.c ****     *     checked to detect overflow condition.
  53:.\Generated_Source\PSoC5/Beagle_INT.c ****     *  Beagle_rxBufferOverflow - software overflow flag. Set to one
  54:.\Generated_Source\PSoC5/Beagle_INT.c ****     *     when Beagle_rxBufferWrite index overtakes
  55:.\Generated_Source\PSoC5/Beagle_INT.c ****     *     Beagle_rxBufferRead index.
  56:.\Generated_Source\PSoC5/Beagle_INT.c ****     *  Beagle_rxBufferLoopDetect - additional variable to detect overflow.
  57:.\Generated_Source\PSoC5/Beagle_INT.c ****     *     Set to one when Beagle_rxBufferWrite is equal to
  58:.\Generated_Source\PSoC5/Beagle_INT.c ****     *    Beagle_rxBufferRead
  59:.\Generated_Source\PSoC5/Beagle_INT.c ****     *  Beagle_rxAddressMode - this variable contains the Address mode,
  60:.\Generated_Source\PSoC5/Beagle_INT.c ****     *     selected in customizer or set by UART_SetRxAddressMode() API.
  61:.\Generated_Source\PSoC5/Beagle_INT.c ****     *  Beagle_rxAddressDetected - set to 1 when correct address received,
  62:.\Generated_Source\PSoC5/Beagle_INT.c ****     *     and analysed to store following addressed data bytes to the buffer.
  63:.\Generated_Source\PSoC5/Beagle_INT.c ****     *     When not correct address received, set to 0 to skip following data bytes.
  64:.\Generated_Source\PSoC5/Beagle_INT.c ****     *
  65:.\Generated_Source\PSoC5/Beagle_INT.c ****     *******************************************************************************/
  66:.\Generated_Source\PSoC5/Beagle_INT.c ****     CY_ISR(Beagle_RXISR)
  67:.\Generated_Source\PSoC5/Beagle_INT.c ****     {
  27              		.loc 1 67 0
  28              		.cfi_startproc
  29              		@ args = 0, pretend = 0, frame = 8
  30              		@ frame_needed = 1, uses_anonymous_args = 0
  31              		@ link register save eliminated.
  32 0000 80B4     		push	{r7}
  33              		.cfi_def_cfa_offset 4
  34              		.cfi_offset 7, -4
  35 0002 83B0     		sub	sp, sp, #12
  36              		.cfi_def_cfa_offset 16
  37 0004 00AF     		add	r7, sp, #0
  38              		.cfi_def_cfa_register 7
  68:.\Generated_Source\PSoC5/Beagle_INT.c ****         uint8 readData;
  69:.\Generated_Source\PSoC5/Beagle_INT.c ****         uint8 increment_pointer = 0u;
  39              		.loc 1 69 0
  40 0006 0023     		movs	r3, #0
  41 0008 BB71     		strb	r3, [r7, #6]
  70:.\Generated_Source\PSoC5/Beagle_INT.c ****         #if(CY_PSOC3)
  71:.\Generated_Source\PSoC5/Beagle_INT.c ****             uint8 int_en;
  72:.\Generated_Source\PSoC5/Beagle_INT.c ****         #endif /* CY_PSOC3 */
  73:.\Generated_Source\PSoC5/Beagle_INT.c **** 
ARM GAS  C:\Users\PROYEC~1\AppData\Local\Temp\cc7YSakf.s 			page 3


  74:.\Generated_Source\PSoC5/Beagle_INT.c ****         /* User code required at start of ISR */
  75:.\Generated_Source\PSoC5/Beagle_INT.c ****         /* `#START Beagle_RXISR_START` */
  76:.\Generated_Source\PSoC5/Beagle_INT.c **** 
  77:.\Generated_Source\PSoC5/Beagle_INT.c ****         /* `#END` */
  78:.\Generated_Source\PSoC5/Beagle_INT.c **** 
  79:.\Generated_Source\PSoC5/Beagle_INT.c ****         #if(CY_PSOC3)   /* Make sure nested interrupt is enabled */
  80:.\Generated_Source\PSoC5/Beagle_INT.c ****             int_en = EA;
  81:.\Generated_Source\PSoC5/Beagle_INT.c ****             CyGlobalIntEnable;
  82:.\Generated_Source\PSoC5/Beagle_INT.c ****         #endif /* CY_PSOC3 */
  83:.\Generated_Source\PSoC5/Beagle_INT.c **** 
  84:.\Generated_Source\PSoC5/Beagle_INT.c ****         readData = Beagle_RXSTATUS_REG;
  42              		.loc 1 84 0
  43 000a 214B     		ldr	r3, .L7
  44 000c 1B78     		ldrb	r3, [r3]
  45 000e FB71     		strb	r3, [r7, #7]
  85:.\Generated_Source\PSoC5/Beagle_INT.c **** 
  86:.\Generated_Source\PSoC5/Beagle_INT.c ****         if((readData & (Beagle_RX_STS_BREAK | Beagle_RX_STS_PAR_ERROR |
  87:.\Generated_Source\PSoC5/Beagle_INT.c ****                         Beagle_RX_STS_STOP_ERROR | Beagle_RX_STS_OVERRUN)) != 0u)
  88:.\Generated_Source\PSoC5/Beagle_INT.c ****         {
  89:.\Generated_Source\PSoC5/Beagle_INT.c ****             /* ERROR handling. */
  90:.\Generated_Source\PSoC5/Beagle_INT.c ****             /* `#START Beagle_RXISR_ERROR` */
  91:.\Generated_Source\PSoC5/Beagle_INT.c **** 
  92:.\Generated_Source\PSoC5/Beagle_INT.c ****             /* `#END` */
  93:.\Generated_Source\PSoC5/Beagle_INT.c ****         }
  94:.\Generated_Source\PSoC5/Beagle_INT.c **** 
  95:.\Generated_Source\PSoC5/Beagle_INT.c ****         while((readData & Beagle_RX_STS_FIFO_NOTEMPTY) != 0u)
  46              		.loc 1 95 0
  47 0010 34E0     		b	.L2
  48              	.L6:
  96:.\Generated_Source\PSoC5/Beagle_INT.c ****         {
  97:.\Generated_Source\PSoC5/Beagle_INT.c **** 
  98:.\Generated_Source\PSoC5/Beagle_INT.c ****             #if (Beagle_RXHW_ADDRESS_ENABLED)
  99:.\Generated_Source\PSoC5/Beagle_INT.c ****                 if(Beagle_rxAddressMode == (uint8)Beagle__B_UART__AM_SW_DETECT_TO_BUFFER)
 100:.\Generated_Source\PSoC5/Beagle_INT.c ****                 {
 101:.\Generated_Source\PSoC5/Beagle_INT.c ****                     if((readData & Beagle_RX_STS_MRKSPC) != 0u)
 102:.\Generated_Source\PSoC5/Beagle_INT.c ****                     {
 103:.\Generated_Source\PSoC5/Beagle_INT.c ****                         if ((readData & Beagle_RX_STS_ADDR_MATCH) != 0u)
 104:.\Generated_Source\PSoC5/Beagle_INT.c ****                         {
 105:.\Generated_Source\PSoC5/Beagle_INT.c ****                             Beagle_rxAddressDetected = 1u;
 106:.\Generated_Source\PSoC5/Beagle_INT.c ****                         }
 107:.\Generated_Source\PSoC5/Beagle_INT.c ****                         else
 108:.\Generated_Source\PSoC5/Beagle_INT.c ****                         {
 109:.\Generated_Source\PSoC5/Beagle_INT.c ****                             Beagle_rxAddressDetected = 0u;
 110:.\Generated_Source\PSoC5/Beagle_INT.c ****                         }
 111:.\Generated_Source\PSoC5/Beagle_INT.c ****                     }
 112:.\Generated_Source\PSoC5/Beagle_INT.c **** 
 113:.\Generated_Source\PSoC5/Beagle_INT.c ****                     readData = Beagle_RXDATA_REG;
 114:.\Generated_Source\PSoC5/Beagle_INT.c ****                     if(Beagle_rxAddressDetected != 0u)
 115:.\Generated_Source\PSoC5/Beagle_INT.c ****                     {   /* store only addressed data */
 116:.\Generated_Source\PSoC5/Beagle_INT.c ****                         Beagle_rxBuffer[Beagle_rxBufferWrite] = readData;
 117:.\Generated_Source\PSoC5/Beagle_INT.c ****                         increment_pointer = 1u;
 118:.\Generated_Source\PSoC5/Beagle_INT.c ****                     }
 119:.\Generated_Source\PSoC5/Beagle_INT.c ****                 }
 120:.\Generated_Source\PSoC5/Beagle_INT.c ****                 else /* without software addressing */
 121:.\Generated_Source\PSoC5/Beagle_INT.c ****                 {
 122:.\Generated_Source\PSoC5/Beagle_INT.c ****                     Beagle_rxBuffer[Beagle_rxBufferWrite] = Beagle_RXDATA_REG;
 123:.\Generated_Source\PSoC5/Beagle_INT.c ****                     increment_pointer = 1u;
ARM GAS  C:\Users\PROYEC~1\AppData\Local\Temp\cc7YSakf.s 			page 4


 124:.\Generated_Source\PSoC5/Beagle_INT.c ****                 }
 125:.\Generated_Source\PSoC5/Beagle_INT.c ****             #else  /* without addressing */
 126:.\Generated_Source\PSoC5/Beagle_INT.c ****                 Beagle_rxBuffer[Beagle_rxBufferWrite] = Beagle_RXDATA_REG;
  49              		.loc 1 126 0
  50 0012 204B     		ldr	r3, .L7+4
  51 0014 1B88     		ldrh	r3, [r3]	@ movhi
  52 0016 9BB2     		uxth	r3, r3
  53 0018 1A46     		mov	r2, r3
  54 001a 1F4B     		ldr	r3, .L7+8
  55 001c 1B78     		ldrb	r3, [r3]
  56 001e D9B2     		uxtb	r1, r3
  57 0020 1E4B     		ldr	r3, .L7+12
  58 0022 9954     		strb	r1, [r3, r2]
 127:.\Generated_Source\PSoC5/Beagle_INT.c ****                 increment_pointer = 1u;
  59              		.loc 1 127 0
  60 0024 0123     		movs	r3, #1
  61 0026 BB71     		strb	r3, [r7, #6]
 128:.\Generated_Source\PSoC5/Beagle_INT.c ****             #endif /* End SW_DETECT_TO_BUFFER */
 129:.\Generated_Source\PSoC5/Beagle_INT.c **** 
 130:.\Generated_Source\PSoC5/Beagle_INT.c ****             /* do not increment buffer pointer when skip not adderessed data */
 131:.\Generated_Source\PSoC5/Beagle_INT.c ****             if( increment_pointer != 0u )
  62              		.loc 1 131 0
  63 0028 BB79     		ldrb	r3, [r7, #6]	@ zero_extendqisi2
  64 002a 002B     		cmp	r3, #0
  65 002c 23D0     		beq	.L3
 132:.\Generated_Source\PSoC5/Beagle_INT.c ****             {
 133:.\Generated_Source\PSoC5/Beagle_INT.c ****                 if(Beagle_rxBufferLoopDetect != 0u)
  66              		.loc 1 133 0
  67 002e 1C4B     		ldr	r3, .L7+16
  68 0030 1B78     		ldrb	r3, [r3]
  69 0032 DBB2     		uxtb	r3, r3
  70 0034 002B     		cmp	r3, #0
  71 0036 02D0     		beq	.L4
 134:.\Generated_Source\PSoC5/Beagle_INT.c ****                 {   /* Set Software Buffer status Overflow */
 135:.\Generated_Source\PSoC5/Beagle_INT.c ****                     Beagle_rxBufferOverflow = 1u;
  72              		.loc 1 135 0
  73 0038 1A4B     		ldr	r3, .L7+20
  74 003a 0122     		movs	r2, #1
  75 003c 1A70     		strb	r2, [r3]
  76              	.L4:
 136:.\Generated_Source\PSoC5/Beagle_INT.c ****                 }
 137:.\Generated_Source\PSoC5/Beagle_INT.c ****                 /* Set next pointer. */
 138:.\Generated_Source\PSoC5/Beagle_INT.c ****                 Beagle_rxBufferWrite++;
  77              		.loc 1 138 0
  78 003e 154B     		ldr	r3, .L7+4
  79 0040 1B88     		ldrh	r3, [r3]	@ movhi
  80 0042 9BB2     		uxth	r3, r3
  81 0044 0133     		adds	r3, r3, #1
  82 0046 9AB2     		uxth	r2, r3
  83 0048 124B     		ldr	r3, .L7+4
  84 004a 1A80     		strh	r2, [r3]	@ movhi
 139:.\Generated_Source\PSoC5/Beagle_INT.c **** 
 140:.\Generated_Source\PSoC5/Beagle_INT.c ****                 /* Check pointer for a loop condition */
 141:.\Generated_Source\PSoC5/Beagle_INT.c ****                 if(Beagle_rxBufferWrite >= Beagle_RXBUFFERSIZE)
  85              		.loc 1 141 0
  86 004c 114B     		ldr	r3, .L7+4
  87 004e 1B88     		ldrh	r3, [r3]	@ movhi
ARM GAS  C:\Users\PROYEC~1\AppData\Local\Temp\cc7YSakf.s 			page 5


  88 0050 9BB2     		uxth	r3, r3
  89 0052 40F2DB52 		movw	r2, #1499
  90 0056 9342     		cmp	r3, r2
  91 0058 02D9     		bls	.L5
 142:.\Generated_Source\PSoC5/Beagle_INT.c ****                 {
 143:.\Generated_Source\PSoC5/Beagle_INT.c ****                     Beagle_rxBufferWrite = 0u;
  92              		.loc 1 143 0
  93 005a 0E4B     		ldr	r3, .L7+4
  94 005c 0022     		movs	r2, #0
  95 005e 1A80     		strh	r2, [r3]	@ movhi
  96              	.L5:
 144:.\Generated_Source\PSoC5/Beagle_INT.c ****                 }
 145:.\Generated_Source\PSoC5/Beagle_INT.c ****                 /* Detect pre-overload condition and set flag */
 146:.\Generated_Source\PSoC5/Beagle_INT.c ****                 if(Beagle_rxBufferWrite == Beagle_rxBufferRead)
  97              		.loc 1 146 0
  98 0060 0C4B     		ldr	r3, .L7+4
  99 0062 1B88     		ldrh	r3, [r3]	@ movhi
 100 0064 9AB2     		uxth	r2, r3
 101 0066 104B     		ldr	r3, .L7+24
 102 0068 1B88     		ldrh	r3, [r3]	@ movhi
 103 006a 9BB2     		uxth	r3, r3
 104 006c 9A42     		cmp	r2, r3
 105 006e 02D1     		bne	.L3
 147:.\Generated_Source\PSoC5/Beagle_INT.c ****                 {
 148:.\Generated_Source\PSoC5/Beagle_INT.c ****                     Beagle_rxBufferLoopDetect = 1u;
 106              		.loc 1 148 0
 107 0070 0B4B     		ldr	r3, .L7+16
 108 0072 0122     		movs	r2, #1
 109 0074 1A70     		strb	r2, [r3]
 110              	.L3:
 149:.\Generated_Source\PSoC5/Beagle_INT.c ****                     /* When Hardware Flow Control selected */
 150:.\Generated_Source\PSoC5/Beagle_INT.c ****                     #if(Beagle_FLOW_CONTROL != 0u)
 151:.\Generated_Source\PSoC5/Beagle_INT.c ****                     /* Disable RX interrupt mask, it will be enabled when user read data from the b
 152:.\Generated_Source\PSoC5/Beagle_INT.c ****                         Beagle_RXSTATUS_MASK_REG  &= (uint8)~Beagle_RX_STS_FIFO_NOTEMPTY;
 153:.\Generated_Source\PSoC5/Beagle_INT.c ****                         CyIntClearPending(Beagle_RX_VECT_NUM);
 154:.\Generated_Source\PSoC5/Beagle_INT.c ****                         break; /* Break the reading of the FIFO loop, leave the data there for gene
 155:.\Generated_Source\PSoC5/Beagle_INT.c ****                     #endif /* End Beagle_FLOW_CONTROL != 0 */
 156:.\Generated_Source\PSoC5/Beagle_INT.c ****                 }
 157:.\Generated_Source\PSoC5/Beagle_INT.c ****             }
 158:.\Generated_Source\PSoC5/Beagle_INT.c **** 
 159:.\Generated_Source\PSoC5/Beagle_INT.c ****             /* Check again if there is data. */
 160:.\Generated_Source\PSoC5/Beagle_INT.c ****             readData = Beagle_RXSTATUS_REG;
 111              		.loc 1 160 0
 112 0076 064B     		ldr	r3, .L7
 113 0078 1B78     		ldrb	r3, [r3]
 114 007a FB71     		strb	r3, [r7, #7]
 115              	.L2:
  95:.\Generated_Source\PSoC5/Beagle_INT.c ****         {
 116              		.loc 1 95 0
 117 007c FB79     		ldrb	r3, [r7, #7]	@ zero_extendqisi2
 118 007e 03F02003 		and	r3, r3, #32
 119 0082 002B     		cmp	r3, #0
 120 0084 C5D1     		bne	.L6
 161:.\Generated_Source\PSoC5/Beagle_INT.c ****         }
 162:.\Generated_Source\PSoC5/Beagle_INT.c **** 
 163:.\Generated_Source\PSoC5/Beagle_INT.c ****         /* User code required at end of ISR (Optional) */
 164:.\Generated_Source\PSoC5/Beagle_INT.c ****         /* `#START Beagle_RXISR_END` */
ARM GAS  C:\Users\PROYEC~1\AppData\Local\Temp\cc7YSakf.s 			page 6


 165:.\Generated_Source\PSoC5/Beagle_INT.c **** 
 166:.\Generated_Source\PSoC5/Beagle_INT.c ****         /* `#END` */
 167:.\Generated_Source\PSoC5/Beagle_INT.c **** 
 168:.\Generated_Source\PSoC5/Beagle_INT.c ****         #if(CY_PSOC3)
 169:.\Generated_Source\PSoC5/Beagle_INT.c ****             EA = int_en;
 170:.\Generated_Source\PSoC5/Beagle_INT.c ****         #endif /* CY_PSOC3 */
 171:.\Generated_Source\PSoC5/Beagle_INT.c **** 
 172:.\Generated_Source\PSoC5/Beagle_INT.c ****     }
 121              		.loc 1 172 0
 122 0086 0C37     		adds	r7, r7, #12
 123              		.cfi_def_cfa_offset 4
 124 0088 BD46     		mov	sp, r7
 125              		.cfi_def_cfa_register 13
 126              		@ sp needed
 127 008a 5DF8047B 		ldr	r7, [sp], #4
 128              		.cfi_restore 7
 129              		.cfi_def_cfa_offset 0
 130 008e 7047     		bx	lr
 131              	.L8:
 132              		.align	2
 133              	.L7:
 134 0090 66650040 		.word	1073767782
 135 0094 00000000 		.word	Beagle_rxBufferWrite
 136 0098 42640040 		.word	1073767490
 137 009c 00000000 		.word	Beagle_rxBuffer
 138 00a0 00000000 		.word	Beagle_rxBufferLoopDetect
 139 00a4 00000000 		.word	Beagle_rxBufferOverflow
 140 00a8 00000000 		.word	Beagle_rxBufferRead
 141              		.cfi_endproc
 142              	.LFE0:
 143              		.size	Beagle_RXISR, .-Beagle_RXISR
 144              		.text
 145              	.Letext0:
 146              		.file 2 ".\\Generated_Source\\PSoC5\\cytypes.h"
 147              		.file 3 ".\\Generated_Source\\PSoC5\\Beagle.h"
 148              		.section	.debug_info,"",%progbits
 149              	.Ldebug_info0:
 150 0000 34010000 		.4byte	0x134
 151 0004 0400     		.2byte	0x4
 152 0006 00000000 		.4byte	.Ldebug_abbrev0
 153 000a 04       		.byte	0x4
 154 000b 01       		.uleb128 0x1
 155 000c 0D010000 		.4byte	.LASF23
 156 0010 01       		.byte	0x1
 157 0011 04020000 		.4byte	.LASF24
 158 0015 1B000000 		.4byte	.LASF25
 159 0019 00000000 		.4byte	.Ldebug_ranges0+0
 160 001d 00000000 		.4byte	0
 161 0021 00000000 		.4byte	.Ldebug_line0
 162 0025 02       		.uleb128 0x2
 163 0026 01       		.byte	0x1
 164 0027 06       		.byte	0x6
 165 0028 E4010000 		.4byte	.LASF0
 166 002c 02       		.uleb128 0x2
 167 002d 01       		.byte	0x1
 168 002e 08       		.byte	0x8
 169 002f F1000000 		.4byte	.LASF1
ARM GAS  C:\Users\PROYEC~1\AppData\Local\Temp\cc7YSakf.s 			page 7


 170 0033 02       		.uleb128 0x2
 171 0034 02       		.byte	0x2
 172 0035 05       		.byte	0x5
 173 0036 37020000 		.4byte	.LASF2
 174 003a 02       		.uleb128 0x2
 175 003b 02       		.byte	0x2
 176 003c 07       		.byte	0x7
 177 003d D1010000 		.4byte	.LASF3
 178 0041 02       		.uleb128 0x2
 179 0042 04       		.byte	0x4
 180 0043 05       		.byte	0x5
 181 0044 04010000 		.4byte	.LASF4
 182 0048 02       		.uleb128 0x2
 183 0049 04       		.byte	0x4
 184 004a 07       		.byte	0x7
 185 004b C2000000 		.4byte	.LASF5
 186 004f 02       		.uleb128 0x2
 187 0050 08       		.byte	0x8
 188 0051 05       		.byte	0x5
 189 0052 00000000 		.4byte	.LASF6
 190 0056 02       		.uleb128 0x2
 191 0057 08       		.byte	0x8
 192 0058 07       		.byte	0x7
 193 0059 D4000000 		.4byte	.LASF7
 194 005d 03       		.uleb128 0x3
 195 005e 04       		.byte	0x4
 196 005f 05       		.byte	0x5
 197 0060 696E7400 		.ascii	"int\000"
 198 0064 02       		.uleb128 0x2
 199 0065 04       		.byte	0x4
 200 0066 07       		.byte	0x7
 201 0067 0E000000 		.4byte	.LASF8
 202 006b 04       		.uleb128 0x4
 203 006c BC000000 		.4byte	.LASF9
 204 0070 02       		.byte	0x2
 205 0071 A1       		.byte	0xa1
 206 0072 2C000000 		.4byte	0x2c
 207 0076 04       		.uleb128 0x4
 208 0077 41020000 		.4byte	.LASF10
 209 007b 02       		.byte	0x2
 210 007c A2       		.byte	0xa2
 211 007d 3A000000 		.4byte	0x3a
 212 0081 02       		.uleb128 0x2
 213 0082 04       		.byte	0x4
 214 0083 04       		.byte	0x4
 215 0084 EB000000 		.4byte	.LASF11
 216 0088 02       		.uleb128 0x2
 217 0089 08       		.byte	0x8
 218 008a 04       		.byte	0x4
 219 008b B0010000 		.4byte	.LASF12
 220 008f 02       		.uleb128 0x2
 221 0090 01       		.byte	0x1
 222 0091 08       		.byte	0x8
 223 0092 FF000000 		.4byte	.LASF13
 224 0096 05       		.uleb128 0x5
 225 0097 B7000000 		.4byte	.LASF14
 226 009b 02       		.byte	0x2
ARM GAS  C:\Users\PROYEC~1\AppData\Local\Temp\cc7YSakf.s 			page 8


 227 009c 4B01     		.2byte	0x14b
 228 009e A2000000 		.4byte	0xa2
 229 00a2 06       		.uleb128 0x6
 230 00a3 6B000000 		.4byte	0x6b
 231 00a7 06       		.uleb128 0x6
 232 00a8 76000000 		.4byte	0x76
 233 00ac 02       		.uleb128 0x2
 234 00ad 04       		.byte	0x4
 235 00ae 07       		.byte	0x7
 236 00af 51020000 		.4byte	.LASF15
 237 00b3 07       		.uleb128 0x7
 238 00b4 2A020000 		.4byte	.LASF26
 239 00b8 01       		.byte	0x1
 240 00b9 42       		.byte	0x42
 241 00ba 00000000 		.4byte	.LFB0
 242 00be AC000000 		.4byte	.LFE0-.LFB0
 243 00c2 01       		.uleb128 0x1
 244 00c3 9C       		.byte	0x9c
 245 00c4 E5000000 		.4byte	0xe5
 246 00c8 08       		.uleb128 0x8
 247 00c9 48020000 		.4byte	.LASF16
 248 00cd 01       		.byte	0x1
 249 00ce 44       		.byte	0x44
 250 00cf 6B000000 		.4byte	0x6b
 251 00d3 02       		.uleb128 0x2
 252 00d4 91       		.byte	0x91
 253 00d5 77       		.sleb128 -9
 254 00d6 08       		.uleb128 0x8
 255 00d7 7D000000 		.4byte	.LASF17
 256 00db 01       		.byte	0x1
 257 00dc 45       		.byte	0x45
 258 00dd 6B000000 		.4byte	0x6b
 259 00e1 02       		.uleb128 0x2
 260 00e2 91       		.byte	0x91
 261 00e3 76       		.sleb128 -10
 262 00e4 00       		.byte	0
 263 00e5 09       		.uleb128 0x9
 264 00e6 6B000000 		.4byte	0x6b
 265 00ea F6000000 		.4byte	0xf6
 266 00ee 0A       		.uleb128 0xa
 267 00ef AC000000 		.4byte	0xac
 268 00f3 DB05     		.2byte	0x5db
 269 00f5 00       		.byte	0
 270 00f6 0B       		.uleb128 0xb
 271 00f7 A7000000 		.4byte	.LASF18
 272 00fb 03       		.byte	0x3
 273 00fc 5201     		.2byte	0x152
 274 00fe 02010000 		.4byte	0x102
 275 0102 06       		.uleb128 0x6
 276 0103 E5000000 		.4byte	0xe5
 277 0107 0B       		.uleb128 0xb
 278 0108 F0010000 		.4byte	.LASF19
 279 010c 03       		.byte	0x3
 280 010d 5301     		.2byte	0x153
 281 010f A7000000 		.4byte	0xa7
 282 0113 0B       		.uleb128 0xb
 283 0114 9B010000 		.4byte	.LASF20
ARM GAS  C:\Users\PROYEC~1\AppData\Local\Temp\cc7YSakf.s 			page 9


 284 0118 03       		.byte	0x3
 285 0119 5401     		.2byte	0x154
 286 011b A7000000 		.4byte	0xa7
 287 011f 0B       		.uleb128 0xb
 288 0120 B7010000 		.4byte	.LASF21
 289 0124 03       		.byte	0x3
 290 0125 5501     		.2byte	0x155
 291 0127 A2000000 		.4byte	0xa2
 292 012b 0B       		.uleb128 0xb
 293 012c 8F000000 		.4byte	.LASF22
 294 0130 03       		.byte	0x3
 295 0131 5601     		.2byte	0x156
 296 0133 A2000000 		.4byte	0xa2
 297 0137 00       		.byte	0
 298              		.section	.debug_abbrev,"",%progbits
 299              	.Ldebug_abbrev0:
 300 0000 01       		.uleb128 0x1
 301 0001 11       		.uleb128 0x11
 302 0002 01       		.byte	0x1
 303 0003 25       		.uleb128 0x25
 304 0004 0E       		.uleb128 0xe
 305 0005 13       		.uleb128 0x13
 306 0006 0B       		.uleb128 0xb
 307 0007 03       		.uleb128 0x3
 308 0008 0E       		.uleb128 0xe
 309 0009 1B       		.uleb128 0x1b
 310 000a 0E       		.uleb128 0xe
 311 000b 55       		.uleb128 0x55
 312 000c 17       		.uleb128 0x17
 313 000d 11       		.uleb128 0x11
 314 000e 01       		.uleb128 0x1
 315 000f 10       		.uleb128 0x10
 316 0010 17       		.uleb128 0x17
 317 0011 00       		.byte	0
 318 0012 00       		.byte	0
 319 0013 02       		.uleb128 0x2
 320 0014 24       		.uleb128 0x24
 321 0015 00       		.byte	0
 322 0016 0B       		.uleb128 0xb
 323 0017 0B       		.uleb128 0xb
 324 0018 3E       		.uleb128 0x3e
 325 0019 0B       		.uleb128 0xb
 326 001a 03       		.uleb128 0x3
 327 001b 0E       		.uleb128 0xe
 328 001c 00       		.byte	0
 329 001d 00       		.byte	0
 330 001e 03       		.uleb128 0x3
 331 001f 24       		.uleb128 0x24
 332 0020 00       		.byte	0
 333 0021 0B       		.uleb128 0xb
 334 0022 0B       		.uleb128 0xb
 335 0023 3E       		.uleb128 0x3e
 336 0024 0B       		.uleb128 0xb
 337 0025 03       		.uleb128 0x3
 338 0026 08       		.uleb128 0x8
 339 0027 00       		.byte	0
 340 0028 00       		.byte	0
ARM GAS  C:\Users\PROYEC~1\AppData\Local\Temp\cc7YSakf.s 			page 10


 341 0029 04       		.uleb128 0x4
 342 002a 16       		.uleb128 0x16
 343 002b 00       		.byte	0
 344 002c 03       		.uleb128 0x3
 345 002d 0E       		.uleb128 0xe
 346 002e 3A       		.uleb128 0x3a
 347 002f 0B       		.uleb128 0xb
 348 0030 3B       		.uleb128 0x3b
 349 0031 0B       		.uleb128 0xb
 350 0032 49       		.uleb128 0x49
 351 0033 13       		.uleb128 0x13
 352 0034 00       		.byte	0
 353 0035 00       		.byte	0
 354 0036 05       		.uleb128 0x5
 355 0037 16       		.uleb128 0x16
 356 0038 00       		.byte	0
 357 0039 03       		.uleb128 0x3
 358 003a 0E       		.uleb128 0xe
 359 003b 3A       		.uleb128 0x3a
 360 003c 0B       		.uleb128 0xb
 361 003d 3B       		.uleb128 0x3b
 362 003e 05       		.uleb128 0x5
 363 003f 49       		.uleb128 0x49
 364 0040 13       		.uleb128 0x13
 365 0041 00       		.byte	0
 366 0042 00       		.byte	0
 367 0043 06       		.uleb128 0x6
 368 0044 35       		.uleb128 0x35
 369 0045 00       		.byte	0
 370 0046 49       		.uleb128 0x49
 371 0047 13       		.uleb128 0x13
 372 0048 00       		.byte	0
 373 0049 00       		.byte	0
 374 004a 07       		.uleb128 0x7
 375 004b 2E       		.uleb128 0x2e
 376 004c 01       		.byte	0x1
 377 004d 3F       		.uleb128 0x3f
 378 004e 19       		.uleb128 0x19
 379 004f 03       		.uleb128 0x3
 380 0050 0E       		.uleb128 0xe
 381 0051 3A       		.uleb128 0x3a
 382 0052 0B       		.uleb128 0xb
 383 0053 3B       		.uleb128 0x3b
 384 0054 0B       		.uleb128 0xb
 385 0055 27       		.uleb128 0x27
 386 0056 19       		.uleb128 0x19
 387 0057 11       		.uleb128 0x11
 388 0058 01       		.uleb128 0x1
 389 0059 12       		.uleb128 0x12
 390 005a 06       		.uleb128 0x6
 391 005b 40       		.uleb128 0x40
 392 005c 18       		.uleb128 0x18
 393 005d 9742     		.uleb128 0x2117
 394 005f 19       		.uleb128 0x19
 395 0060 01       		.uleb128 0x1
 396 0061 13       		.uleb128 0x13
 397 0062 00       		.byte	0
ARM GAS  C:\Users\PROYEC~1\AppData\Local\Temp\cc7YSakf.s 			page 11


 398 0063 00       		.byte	0
 399 0064 08       		.uleb128 0x8
 400 0065 34       		.uleb128 0x34
 401 0066 00       		.byte	0
 402 0067 03       		.uleb128 0x3
 403 0068 0E       		.uleb128 0xe
 404 0069 3A       		.uleb128 0x3a
 405 006a 0B       		.uleb128 0xb
 406 006b 3B       		.uleb128 0x3b
 407 006c 0B       		.uleb128 0xb
 408 006d 49       		.uleb128 0x49
 409 006e 13       		.uleb128 0x13
 410 006f 02       		.uleb128 0x2
 411 0070 18       		.uleb128 0x18
 412 0071 00       		.byte	0
 413 0072 00       		.byte	0
 414 0073 09       		.uleb128 0x9
 415 0074 01       		.uleb128 0x1
 416 0075 01       		.byte	0x1
 417 0076 49       		.uleb128 0x49
 418 0077 13       		.uleb128 0x13
 419 0078 01       		.uleb128 0x1
 420 0079 13       		.uleb128 0x13
 421 007a 00       		.byte	0
 422 007b 00       		.byte	0
 423 007c 0A       		.uleb128 0xa
 424 007d 21       		.uleb128 0x21
 425 007e 00       		.byte	0
 426 007f 49       		.uleb128 0x49
 427 0080 13       		.uleb128 0x13
 428 0081 2F       		.uleb128 0x2f
 429 0082 05       		.uleb128 0x5
 430 0083 00       		.byte	0
 431 0084 00       		.byte	0
 432 0085 0B       		.uleb128 0xb
 433 0086 34       		.uleb128 0x34
 434 0087 00       		.byte	0
 435 0088 03       		.uleb128 0x3
 436 0089 0E       		.uleb128 0xe
 437 008a 3A       		.uleb128 0x3a
 438 008b 0B       		.uleb128 0xb
 439 008c 3B       		.uleb128 0x3b
 440 008d 05       		.uleb128 0x5
 441 008e 49       		.uleb128 0x49
 442 008f 13       		.uleb128 0x13
 443 0090 3F       		.uleb128 0x3f
 444 0091 19       		.uleb128 0x19
 445 0092 3C       		.uleb128 0x3c
 446 0093 19       		.uleb128 0x19
 447 0094 00       		.byte	0
 448 0095 00       		.byte	0
 449 0096 00       		.byte	0
 450              		.section	.debug_aranges,"",%progbits
 451 0000 1C000000 		.4byte	0x1c
 452 0004 0200     		.2byte	0x2
 453 0006 00000000 		.4byte	.Ldebug_info0
 454 000a 04       		.byte	0x4
ARM GAS  C:\Users\PROYEC~1\AppData\Local\Temp\cc7YSakf.s 			page 12


 455 000b 00       		.byte	0
 456 000c 0000     		.2byte	0
 457 000e 0000     		.2byte	0
 458 0010 00000000 		.4byte	.LFB0
 459 0014 AC000000 		.4byte	.LFE0-.LFB0
 460 0018 00000000 		.4byte	0
 461 001c 00000000 		.4byte	0
 462              		.section	.debug_ranges,"",%progbits
 463              	.Ldebug_ranges0:
 464 0000 00000000 		.4byte	.LFB0
 465 0004 AC000000 		.4byte	.LFE0
 466 0008 00000000 		.4byte	0
 467 000c 00000000 		.4byte	0
 468              		.section	.debug_line,"",%progbits
 469              	.Ldebug_line0:
 470 0000 89000000 		.section	.debug_str,"MS",%progbits,1
 470      02005500 
 470      00000201 
 470      FB0E0D00 
 470      01010101 
 471              	.LASF6:
 472 0000 6C6F6E67 		.ascii	"long long int\000"
 472      206C6F6E 
 472      6720696E 
 472      7400
 473              	.LASF8:
 474 000e 756E7369 		.ascii	"unsigned int\000"
 474      676E6564 
 474      20696E74 
 474      00
 475              	.LASF25:
 476 001b 433A5C55 		.ascii	"C:\\Users\\Proyectos_Hardware\\Dropbox\\Proyecto Co"
 476      73657273 
 476      5C50726F 
 476      79656374 
 476      6F735F48 
 477 004a 6E74726F 		.ascii	"ntroller\\Mux Advance Encore V4_00\\MuxAdvance.cyds"
 477      6C6C6572 
 477      5C4D7578 
 477      20416476 
 477      616E6365 
 478 007b 6E00     		.ascii	"n\000"
 479              	.LASF17:
 480 007d 696E6372 		.ascii	"increment_pointer\000"
 480      656D656E 
 480      745F706F 
 480      696E7465 
 480      7200
 481              	.LASF22:
 482 008f 42656167 		.ascii	"Beagle_rxBufferOverflow\000"
 482      6C655F72 
 482      78427566 
 482      6665724F 
 482      76657266 
 483              	.LASF18:
 484 00a7 42656167 		.ascii	"Beagle_rxBuffer\000"
 484      6C655F72 
ARM GAS  C:\Users\PROYEC~1\AppData\Local\Temp\cc7YSakf.s 			page 13


 484      78427566 
 484      66657200 
 485              	.LASF14:
 486 00b7 72656738 		.ascii	"reg8\000"
 486      00
 487              	.LASF9:
 488 00bc 75696E74 		.ascii	"uint8\000"
 488      3800
 489              	.LASF5:
 490 00c2 6C6F6E67 		.ascii	"long unsigned int\000"
 490      20756E73 
 490      69676E65 
 490      6420696E 
 490      7400
 491              	.LASF7:
 492 00d4 6C6F6E67 		.ascii	"long long unsigned int\000"
 492      206C6F6E 
 492      6720756E 
 492      7369676E 
 492      65642069 
 493              	.LASF11:
 494 00eb 666C6F61 		.ascii	"float\000"
 494      7400
 495              	.LASF1:
 496 00f1 756E7369 		.ascii	"unsigned char\000"
 496      676E6564 
 496      20636861 
 496      7200
 497              	.LASF13:
 498 00ff 63686172 		.ascii	"char\000"
 498      00
 499              	.LASF4:
 500 0104 6C6F6E67 		.ascii	"long int\000"
 500      20696E74 
 500      00
 501              	.LASF23:
 502 010d 474E5520 		.ascii	"GNU C 4.9.3 20150303 (release) [ARM/embedded-4_9-br"
 502      4320342E 
 502      392E3320 
 502      32303135 
 502      30333033 
 503 0140 616E6368 		.ascii	"anch revision 221220] -mcpu=cortex-m3 -mthumb -g -O"
 503      20726576 
 503      6973696F 
 503      6E203232 
 503      31323230 
 504 0173 30202D66 		.ascii	"0 -ffunction-sections -ffat-lto-objects\000"
 504      66756E63 
 504      74696F6E 
 504      2D736563 
 504      74696F6E 
 505              	.LASF20:
 506 019b 42656167 		.ascii	"Beagle_rxBufferWrite\000"
 506      6C655F72 
 506      78427566 
 506      66657257 
 506      72697465 
ARM GAS  C:\Users\PROYEC~1\AppData\Local\Temp\cc7YSakf.s 			page 14


 507              	.LASF12:
 508 01b0 646F7562 		.ascii	"double\000"
 508      6C6500
 509              	.LASF21:
 510 01b7 42656167 		.ascii	"Beagle_rxBufferLoopDetect\000"
 510      6C655F72 
 510      78427566 
 510      6665724C 
 510      6F6F7044 
 511              	.LASF3:
 512 01d1 73686F72 		.ascii	"short unsigned int\000"
 512      7420756E 
 512      7369676E 
 512      65642069 
 512      6E7400
 513              	.LASF0:
 514 01e4 7369676E 		.ascii	"signed char\000"
 514      65642063 
 514      68617200 
 515              	.LASF19:
 516 01f0 42656167 		.ascii	"Beagle_rxBufferRead\000"
 516      6C655F72 
 516      78427566 
 516      66657252 
 516      65616400 
 517              	.LASF24:
 518 0204 2E5C4765 		.ascii	".\\Generated_Source\\PSoC5\\Beagle_INT.c\000"
 518      6E657261 
 518      7465645F 
 518      536F7572 
 518      63655C50 
 519              	.LASF26:
 520 022a 42656167 		.ascii	"Beagle_RXISR\000"
 520      6C655F52 
 520      58495352 
 520      00
 521              	.LASF2:
 522 0237 73686F72 		.ascii	"short int\000"
 522      7420696E 
 522      7400
 523              	.LASF10:
 524 0241 75696E74 		.ascii	"uint16\000"
 524      313600
 525              	.LASF16:
 526 0248 72656164 		.ascii	"readData\000"
 526      44617461 
 526      00
 527              	.LASF15:
 528 0251 73697A65 		.ascii	"sizetype\000"
 528      74797065 
 528      00
 529              		.ident	"GCC: (GNU Tools for ARM Embedded Processors) 4.9.3 20150303 (release) [ARM/embedded-4_9-br
