Archive member included because of file (symbol)

.\CortexM3\ARM_GCC_493\Debug\MuxAdvance.a(cyfitter_cfg.o)
                              .\CortexM3\ARM_GCC_493\Debug\Cm3Start.o (cyfitter_cfg)
.\CortexM3\ARM_GCC_493\Debug\MuxAdvance.a(CyBootAsmGnu.o)
                              .\CortexM3\ARM_GCC_493\Debug\MuxAdvance.a(cyfitter_cfg.o) (CyDelayCycles)
.\CortexM3\ARM_GCC_493\Debug\MuxAdvance.a(CyLib.o)
                              .\CortexM3\ARM_GCC_493\Debug\Cm3Start.o (CyResetStatus)
.\CortexM3\ARM_GCC_493\Debug\MuxAdvance.a(cyPm.o)
                              .\CortexM3\ARM_GCC_493\Debug\MuxAdvance.a(CyLib.o) (CyPmReadStatus)
.\CortexM3\ARM_GCC_493\Debug\MuxAdvance.a(I2C_1.o)
                              .\CortexM3\ARM_GCC_493\Debug\main.o (I2C_1_Start)
.\CortexM3\ARM_GCC_493\Debug\MuxAdvance.a(I2C_1_INT.o)
                              .\CortexM3\ARM_GCC_493\Debug\MuxAdvance.a(I2C_1.o) (I2C_1_ISR)
.\CortexM3\ARM_GCC_493\Debug\MuxAdvance.a(I2C_1_PM.o)
                              .\CortexM3\ARM_GCC_493\Debug\MuxAdvance.a(I2C_1.o) (I2C_1_backup)
.\CortexM3\ARM_GCC_493\Debug\MuxAdvance.a(I2C_1_MASTER.o)
                              .\CortexM3\ARM_GCC_493\Debug\MuxAdvance.a(I2C_1.o) (I2C_1_mstrStatus)
.\CortexM3\ARM_GCC_493\Debug\MuxAdvance.a(isr_1.o)
                              .\CortexM3\ARM_GCC_493\Debug\main.o (isr_1_StartEx)
.\CortexM3\ARM_GCC_493\Debug\MuxAdvance.a(isr_2.o)
                              .\CortexM3\ARM_GCC_493\Debug\main.o (isr_2_StartEx)
.\CortexM3\ARM_GCC_493\Debug\MuxAdvance.a(IB1.o)
                              .\CortexM3\ARM_GCC_493\Debug\ibuton.o (IB1_Write)
.\CortexM3\ARM_GCC_493\Debug\MuxAdvance.a(IB2.o)
                              .\CortexM3\ARM_GCC_493\Debug\ibuton.o (IB2_Write)
.\CortexM3\ARM_GCC_493\Debug\MuxAdvance.a(isr_3.o)
                              .\CortexM3\ARM_GCC_493\Debug\main.o (isr_3_StartEx)
.\CortexM3\ARM_GCC_493\Debug\MuxAdvance.a(isr_4.o)
                              .\CortexM3\ARM_GCC_493\Debug\main.o (isr_4_StartEx)
.\CortexM3\ARM_GCC_493\Debug\MuxAdvance.a(Waitable_2.o)
                              .\CortexM3\ARM_GCC_493\Debug\main.o (Waitable_2_Start)
.\CortexM3\ARM_GCC_493\Debug\MuxAdvance.a(Waitable_3.o)
                              .\CortexM3\ARM_GCC_493\Debug\main.o (Waitable_3_Start)
.\CortexM3\ARM_GCC_493\Debug\MuxAdvance.a(Waitable_1.o)
                              .\CortexM3\ARM_GCC_493\Debug\main.o (Waitable_1_Start)
.\CortexM3\ARM_GCC_493\Debug\MuxAdvance.a(Waitable_4.o)
                              .\CortexM3\ARM_GCC_493\Debug\main.o (Waitable_4_Start)
.\CortexM3\ARM_GCC_493\Debug\MuxAdvance.a(Beagle.o)
                              .\CortexM3\ARM_GCC_493\Debug\main.o (Beagle_Start)
.\CortexM3\ARM_GCC_493\Debug\MuxAdvance.a(Beagle_INT.o)
                              .\CortexM3\ARM_GCC_493\Debug\MuxAdvance.a(Beagle.o) (Beagle_RXISR)
.\CortexM3\ARM_GCC_493\Debug\MuxAdvance.a(Beagle_IntClock.o)
                              .\CortexM3\ARM_GCC_493\Debug\MuxAdvance.a(Beagle.o) (Beagle_IntClock_Start)
.\CortexM3\ARM_GCC_493\Debug\MuxAdvance.a(EEPROM_1.o)
                              .\CortexM3\ARM_GCC_493\Debug\main.o (EEPROM_1_Start)
.\CortexM3\ARM_GCC_493\Debug\MuxAdvance.a(LCD2.o)
                              .\CortexM3\ARM_GCC_493\Debug\main.o (LCD2_rxBuffer)
.\CortexM3\ARM_GCC_493\Debug\MuxAdvance.a(LCD2_INT.o)
                              .\CortexM3\ARM_GCC_493\Debug\MuxAdvance.a(LCD2.o) (LCD2_RXISR)
.\CortexM3\ARM_GCC_493\Debug\MuxAdvance.a(LCD2_IntClock.o)
                              .\CortexM3\ARM_GCC_493\Debug\MuxAdvance.a(LCD2.o) (LCD2_IntClock_Start)
.\CortexM3\ARM_GCC_493\Debug\MuxAdvance.a(LCD1.o)
                              .\CortexM3\ARM_GCC_493\Debug\main.o (LCD1_rxBuffer)
.\CortexM3\ARM_GCC_493\Debug\MuxAdvance.a(LCD1_INT.o)
                              .\CortexM3\ARM_GCC_493\Debug\MuxAdvance.a(LCD1.o) (LCD1_RXISR)
.\CortexM3\ARM_GCC_493\Debug\MuxAdvance.a(LCD1_IntClock.o)
                              .\CortexM3\ARM_GCC_493\Debug\MuxAdvance.a(LCD1.o) (LCD1_IntClock_Start)
.\CortexM3\ARM_GCC_493\Debug\MuxAdvance.a(Pump_AL.o)
                              .\CortexM3\ARM_GCC_493\Debug\protocol.o (Pump_AL_rxBuffer)
.\CortexM3\ARM_GCC_493\Debug\MuxAdvance.a(Pump_AL_INT.o)
                              .\CortexM3\ARM_GCC_493\Debug\MuxAdvance.a(Pump_AL.o) (Pump_AL_RXISR)
.\CortexM3\ARM_GCC_493\Debug\MuxAdvance.a(Tag.o)
                              .\CortexM3\ARM_GCC_493\Debug\main.o (Tag_Start)
.\CortexM3\ARM_GCC_493\Debug\MuxAdvance.a(Tag_INT.o)
                              .\CortexM3\ARM_GCC_493\Debug\MuxAdvance.a(Tag.o) (Tag_RXISR)
.\CortexM3\ARM_GCC_493\Debug\MuxAdvance.a(Tag_IntClock.o)
                              .\CortexM3\ARM_GCC_493\Debug\MuxAdvance.a(Tag.o) (Tag_IntClock_Start)
.\CortexM3\ARM_GCC_493\Debug\MuxAdvance.a(Code_Bar.o)
                              .\CortexM3\ARM_GCC_493\Debug\main.o (Code_Bar_Start)
.\CortexM3\ARM_GCC_493\Debug\MuxAdvance.a(Code_Bar_INT.o)
[...]
Memory Configuration

Name             Origin             Length             Attributes
rom              0x00000000         0x00040000         xr
ram              0x1fff8000         0x00010000         xrw
*default*        0x00000000         0xffffffff

Linker script and memory map

LOAD c:/program files (x86)/cypress/psoc creator/3.3/psoc creator/import/gnu/arm/4.9.3/bin/../lib/gcc/arm-none-eabi/4.9.3/armv7-m/crti.o
LOAD c:/program files (x86)/cypress/psoc creator/3.3/psoc creator/import/gnu/arm/4.9.3/bin/../lib/gcc/arm-none-eabi/4.9.3/armv7-m/crtbegin.o
LOAD c:/program files (x86)/cypress/psoc creator/3.3/psoc creator/import/gnu/arm/4.9.3/bin/../lib/gcc/arm-none-eabi/4.9.3/../../../../arm-none-eabi/lib/armv7-m/crt0.o
START GROUP
LOAD .\CortexM3\ARM_GCC_493\Debug\ibuton.o
LOAD .\CortexM3\ARM_GCC_493\Debug\I2C.o
LOAD .\CortexM3\ARM_GCC_493\Debug\main.o
LOAD .\CortexM3\ARM_GCC_493\Debug\LCD.o
LOAD .\CortexM3\ARM_GCC_493\Debug\keyboard.o
LOAD .\CortexM3\ARM_GCC_493\Debug\protocol.o
LOAD .\CortexM3\ARM_GCC_493\Debug\operations.o
LOAD .\CortexM3\ARM_GCC_493\Debug\codebar.o
LOAD .\CortexM3\ARM_GCC_493\Debug\codetag.o
LOAD .\CortexM3\ARM_GCC_493\Debug\memoryEP.o
LOAD .\CortexM3\ARM_GCC_493\Debug\Cm3Start.o
LOAD .\CortexM3\ARM_GCC_493\Debug\cymetadata.o
LOAD .\CortexM3\ARM_GCC_493\Debug\MuxAdvance.a
LOAD C:\Program Files (x86)\Cypress\PSoC Creator\3.3\PSoC Creator\psoc\content\cycomponentlibrary\CyComponentLibrary.cylib\CortexM3\ARM_GCC_493\Debug\CyComponentLibrary.a
LOAD c:/program files (x86)/cypress/psoc creator/3.3/psoc creator/import/gnu/arm/4.9.3/bin/../lib/gcc/arm-none-eabi/4.9.3/../../../../arm-none-eabi/lib/armv7-m\libm.a
END GROUP
START GROUP
LOAD c:/program files (x86)/cypress/psoc creator/3.3/psoc creator/import/gnu/arm/4.9.3/bin/../lib/gcc/arm-none-eabi/4.9.3/armv7-m\libgcc.a
LOAD c:/program files (x86)/cypress/psoc creator/3.3/psoc creator/import/gnu/arm/4.9.3/bin/../lib/gcc/arm-none-eabi/4.9.3/../../../../arm-none-eabi/lib/armv7-m\libg_nano.a
LOAD c:/program files (x86)/cypress/psoc creator/3.3/psoc creator/import/gnu/arm/4.9.3/bin/../lib/gcc/arm-none-eabi/4.9.3/../../../../arm-none-eabi/lib/armv7-m\libc_nano.a
END GROUP
START GROUP
LOAD c:/program files (x86)/cypress/psoc creator/3.3/psoc creator/import/gnu/arm/4.9.3/bin/../lib/gcc/arm-none-eabi/4.9.3/armv7-m\libgcc.a
LOAD c:/program files (x86)/cypress/psoc creator/3.3/psoc creator/import/gnu/arm/4.9.3/bin/../lib/gcc/arm-none-eabi/4.9.3/../../../../arm-none-eabi/lib/armv7-m\libc_nano.a
END GROUP
LOAD c:/program files (x86)/cypress/psoc creator/3.3/psoc creator/import/gnu/arm/4.9.3/bin/../lib/gcc/arm-none-eabi/4.9.3/armv7-m/crtend.o
LOAD c:/program files (x86)/cypress/psoc creator/3.3/psoc creator/import/gnu/arm/4.9.3/bin/../lib/gcc/arm-none-eabi/4.9.3/armv7-m/crtn.o
START GROUP
LOAD c:/program files (x86)/cypress/psoc creator/3.3/psoc creator/import/gnu/arm/4.9.3/bin/../lib/gcc/arm-none-eabi/4.9.3/armv7-m\libgcc.a
LOAD c:/program files (x86)/cypress/psoc creator/3.3/psoc creator/import/gnu/arm/4.9.3/bin/../lib/gcc/arm-none-eabi/4.9.3/../../../../arm-none-eabi/lib/armv7-m\libc.a
LOAD c:/program files (x86)/cypress/psoc creator/3.3/psoc creator/import/gnu/arm/4.9.3/bin/../lib/gcc/arm-none-eabi/4.9.3/../../../../arm-none-eabi/lib/armv7-m\libnosys.a
END GROUP
                0x00000000                CY_APPL_ORIGIN = 0x0
                0x00000100                CY_FLASH_ROW_SIZE = 0x100
                0x00000020                CY_ECC_ROW_SIZE = 0x20
                0x00000000                CY_EE_IN_BTLDR = 0x0
                0x00000000                CY_APPL_LOADABLE = 0x0
                0x00000800                CY_EE_SIZE = 0x800
                0x00000001                CY_APPL_NUM = 0x1
                0x00000001                CY_APPL_MAX = 0x1
                0x00000040                CY_METADATA_SIZE = 0x40
                0x1fff9738                PROVIDE (__cy_heap_start, _end)
                0x00000001                PROVIDE (__cy_region_num, ((__cy_regions_end - __cy_regions) / 0x10))
                0x20008000                PROVIDE (__cy_stack, (ORIGIN (ram) + 0x10000))
                0x20004000                PROVIDE (__cy_heap_end, (__cy_stack - 0x4000))

.cybootloader   0x00000000        0x0
 *(.cybootloader)
                0x00000000                appl1_start = CY_APPL_ORIGIN?CY_APPL_ORIGIN:ALIGN (CY_FLASH_ROW_SIZE)
                0x0001ff00                appl2_start = (appl1_start + ALIGN ((((0x40000 - appl1_start) - (0x2 * CY_FLASH_ROW_SIZE)) / 0x2), CY_FLASH_ROW_SIZE))
                0x00000000                appl_start = (CY_APPL_NUM == 0x1)?appl1_start:appl2_start
                0x00000000                ecc_offset = ((appl_start / CY_FLASH_ROW_SIZE) * CY_ECC_ROW_SIZE)
                0x00000000                ee_offset = (CY_APPL_LOADABLE && ! (CY_EE_IN_BTLDR))?((CY_EE_SIZE / CY_APPL_MAX) * (CY_APPL_NUM - 0x1)):0x0
                0x00000800                ee_size = (CY_APPL_LOADABLE && ! (CY_EE_IN_BTLDR))?(CY_EE_SIZE / CY_APPL_MAX):CY_EE_SIZE
                0x00000000                PROVIDE (CY_ECC_OFFSET, ecc_offset)

.text           0x00000000    0x2241c
 CREATE_OBJECT_SYMBOLS
                0x00000000                PROVIDE (__cy_interrupt_vector, RomVectors)
 *(.romvectors)
 .romvectors    0x00000000       0x10 .\CortexM3\ARM_GCC_493\Debug\Cm3Start.o
                0x00000000                RomVectors
                0x00000001                ASSERT ((. != __cy_interrupt_vector), No interrupt vector)
                0x00000001                ASSERT (CY_APPL_ORIGIN?(SIZEOF (.cybootloader) <= CY_APPL_ORIGIN):0x1, Wrong image location)
                0x00000010                PROVIDE (__cy_reset, Reset)
 *(.text.Reset)
 .text.Reset    0x00000010       0x18 .\CortexM3\ARM_GCC_493\Debug\Cm3Start.o
                0x00000010                Reset
                0x00000001                ASSERT ((. != __cy_reset), No reset code)
 *(.dma_init)
                0x00000001                ASSERT ((((appl_start + .) <= 0x10000) || 0x1), DMA Init must be within the first 64k of flash)
 *(.text .text.* .gnu.linkonce.t.*)
 .text          0x00000028       0x5c c:/program files (x86)/cypress/psoc creator/3.3/psoc creator/import/gnu/arm/4.9.3/bin/../lib/gcc/arm-none-eabi/4.9.3/armv7-m/crtbegin.o
 .text.touch_present
                0x00000084       0xc0 .\CortexM3\ARM_GCC_493\Debug\ibuton.o
                0x00000084                touch_present
 .text.touch_write
                0x00000144      0x10c .\CortexM3\ARM_GCC_493\Debug\ibuton.o
                0x00000144                touch_write
 .text.touch_read_byte
                0x00000250       0xb4 .\CortexM3\ARM_GCC_493\Debug\ibuton.o
                0x00000250                touch_read_byte
 .text.crc_check
                0x00000304       0x58 .\CortexM3\ARM_GCC_493\Debug\ibuton.o
                0x00000304                crc_check
 .text.read_time
                0x0000035c       0x94 .\CortexM3\ARM_GCC_493\Debug\I2C.o
                0x0000035c                read_time
 .text.read_date
                0x000003f0       0x90 .\CortexM3\ARM_GCC_493\Debug\I2C.o
                0x000003f0                read_date
 .text.write_time
                0x00000480       0x80 .\CortexM3\ARM_GCC_493\Debug\I2C.o
                0x00000480                write_time
 .text.write_date
                0x00000500       0x80 .\CortexM3\ARM_GCC_493\Debug\I2C.o
                0x00000500                write_date
 .text.show_picture
                0x00000580       0xa4 .\CortexM3\ARM_GCC_493\Debug\main.o
                0x00000580                show_picture
 .text.init_mux
                0x00000624      0x534 .\CortexM3\ARM_GCC_493\Debug\main.o
                0x00000624                init_mux
 .text.init_pump
                0x00000b58      0x140 .\CortexM3\ARM_GCC_493\Debug\main.o
                0x00000b58                init_pump
 .text.polling_Beagle_RX
                0x00000c98     0x34d0 .\CortexM3\ARM_GCC_493\Debug\main.o
                0x00000c98                polling_Beagle_RX
 .text.polling_beagle_TX
                0x00004168     0x459c .\CortexM3\ARM_GCC_493\Debug\main.o
                0x00004168                polling_beagle_TX
 .text.polling_LCD1
                0x00008704     0x5eb4 .\CortexM3\ARM_GCC_493\Debug\main.o
                0x00008704                polling_LCD1
 .text.polling_LCD2
                0x0000e5b8     0x5f68 .\CortexM3\ARM_GCC_493\Debug\main.o
                0x0000e5b8                polling_LCD2
 .text.polling_Pump
                0x00014520      0x1e4 .\CortexM3\ARM_GCC_493\Debug\main.o
                0x00014520                polling_Pump
 .text.timerAnimation1
                0x00014704       0x8c .\CortexM3\ARM_GCC_493\Debug\main.o
                0x00014704                timerAnimation1
 .text.timerAnimation2
                0x00014790       0x8c .\CortexM3\ARM_GCC_493\Debug\main.o
                0x00014790                timerAnimation2
 .text.timerBeagleTX
                0x0001481c       0x20 .\CortexM3\ARM_GCC_493\Debug\main.o
                0x0001481c                timerBeagleTX
 .text.timerPump
                0x0001483c       0x20 .\CortexM3\ARM_GCC_493\Debug\main.o
                0x0001483c                timerPump
 .text.main     0x0001485c       0x3c .\CortexM3\ARM_GCC_493\Debug\main.o
                0x0001485c                main
 .text.set_picture
                0x00014898       0x74 .\CortexM3\ARM_GCC_493\Debug\LCD.o
                0x00014898                set_picture
 .text.write_LCD
                0x0001490c      0x100 .\CortexM3\ARM_GCC_493\Debug\LCD.o
                0x0001490c                write_LCD
 .text.write_button
                0x00014a0c     0x3370 .\CortexM3\ARM_GCC_493\Debug\LCD.o
                0x00014a0c                write_button
 .text.show_time_date
                0x00017d7c      0x1cc .\CortexM3\ARM_GCC_493\Debug\LCD.o
                0x00017d7c                show_time_date
 .text.show_info
                0x00017f48      0x36c .\CortexM3\ARM_GCC_493\Debug\LCD.o
                0x00017f48                show_info
 .text.show_message
                0x000182b4       0xa8 .\CortexM3\ARM_GCC_493\Debug\LCD.o
                0x000182b4                show_message
 .text.show_market
                0x0001835c      0x560 .\CortexM3\ARM_GCC_493\Debug\LCD.o
                0x0001835c                show_market
 .text.alphanumeric_keyboard
                0x000188bc      0x654 .\CortexM3\ARM_GCC_493\Debug\keyboard.o
                0x000188bc                alphanumeric_keyboard
 .text.get_state
                0x00018f10       0x44 .\CortexM3\ARM_GCC_493\Debug\protocol.o
                0x00018f10                get_state
 .text.get_position
                0x00018f54       0xb8 .\CortexM3\ARM_GCC_493\Debug\protocol.o
                0x00018f54                get_position
 .text.get_handle
                0x0001900c      0x11c .\CortexM3\ARM_GCC_493\Debug\protocol.o
                0x0001900c                get_handle
 .text.get_totals
                0x00019128      0x7c8 .\CortexM3\ARM_GCC_493\Debug\protocol.o
                0x00019128                get_totals
 .text.price_change
                0x000198f0      0x2c4 .\CortexM3\ARM_GCC_493\Debug\protocol.o
                0x000198f0                price_change
 .text.preset_data
                0x00019bb4      0x570 .\CortexM3\ARM_GCC_493\Debug\protocol.o
                0x00019bb4                preset_data
 .text.get_sale
                0x0001a124      0x4f0 .\CortexM3\ARM_GCC_493\Debug\protocol.o
                0x0001a124                get_sale
 .text.compare_ppu
                0x0001a614      0x1a4 .\CortexM3\ARM_GCC_493\Debug\operations.o
                0x0001a614                compare_ppu
 .text.subtraction
                0x0001a7b8      0x3f0 .\CortexM3\ARM_GCC_493\Debug\operations.o
                0x0001a7b8                subtraction
 .text.higher   0x0001aba8      0x1b4 .\CortexM3\ARM_GCC_493\Debug\operations.o
                0x0001aba8                higher
 .text.multiplication_market
                0x0001ad5c      0x370 .\CortexM3\ARM_GCC_493\Debug\operations.o
                0x0001ad5c                multiplication_market
 .text.addition_market
                0x0001b0cc      0x32c .\CortexM3\ARM_GCC_493\Debug\operations.o
                0x0001b0cc                addition_market
 .text.serial_codebar
                0x0001b3f8       0x68 .\CortexM3\ARM_GCC_493\Debug\codebar.o
                0x0001b3f8                serial_codebar
 .text.serial_codetag
                0x0001b460      0x100 .\CortexM3\ARM_GCC_493\Debug\codetag.o
                0x0001b460                serial_codetag
 .text.write_settings
                0x0001b560      0x49c .\CortexM3\ARM_GCC_493\Debug\memoryEP.o
                0x0001b560                write_settings
 .text.write_ppus
                0x0001b9fc      0x1f8 .\CortexM3\ARM_GCC_493\Debug\memoryEP.o
                0x0001b9fc                write_ppus
 .text.write_buttons
                0x0001bbf4       0xb8 .\CortexM3\ARM_GCC_493\Debug\memoryEP.o
                0x0001bbf4                write_buttons
 .text.IntDefaultHandler
                0x0001bcac        0x8 .\CortexM3\ARM_GCC_493\Debug\Cm3Start.o
                0x0001bcac                IntDefaultHandler
 .text._sbrk    0x0001bcb4       0x54 .\CortexM3\ARM_GCC_493\Debug\Cm3Start.o
                0x0001bcb4                _sbrk
 .text.Start_c  0x0001bd08       0x98 .\CortexM3\ARM_GCC_493\Debug\Cm3Start.o
                0x0001bd08                Start_c
 .text.initialize_psoc
                0x0001bda0       0x8c .\CortexM3\ARM_GCC_493\Debug\Cm3Start.o
                0x0001bda0                initialize_psoc
 .text.CYMEMZERO
                0x0001be2c       0x1c .\CortexM3\ARM_GCC_493\Debug\MuxAdvance.a(cyfitter_cfg.o)
 .text.CYCONFIGCPY
                0x0001be48       0x1c .\CortexM3\ARM_GCC_493\Debug\MuxAdvance.a(cyfitter_cfg.o)
 .text.CyClockStartupError
                0x0001be64        0xc .\CortexM3\ARM_GCC_493\Debug\MuxAdvance.a(cyfitter_cfg.o)
 .text.cfg_write_bytes32
                0x0001be70       0x74 .\CortexM3\ARM_GCC_493\Debug\MuxAdvance.a(cyfitter_cfg.o)
 .text.ClockSetup
                0x0001bee4      0x17c .\CortexM3\ARM_GCC_493\Debug\MuxAdvance.a(cyfitter_cfg.o)
 .text.AnalogSetDefault
                0x0001c060       0x44 .\CortexM3\ARM_GCC_493\Debug\MuxAdvance.a(cyfitter_cfg.o)
 .text.cyfitter_cfg
                0x0001c0a4      0x1b4 .\CortexM3\ARM_GCC_493\Debug\MuxAdvance.a(cyfitter_cfg.o)
                0x0001c0a4                cyfitter_cfg
 .text          0x0001c258       0x20 .\CortexM3\ARM_GCC_493\Debug\MuxAdvance.a(CyBootAsmGnu.o)
                0x0001c258                CyDelayCycles
                0x0001c268                CyEnterCriticalSection
                0x0001c270                CyExitCriticalSection
 .text.CyHalt   0x0001c278       0x18 .\CortexM3\ARM_GCC_493\Debug\MuxAdvance.a(CyLib.o)
                0x0001c278                CyHalt
 .text.CyDelay  0x0001c290       0x44 .\CortexM3\ARM_GCC_493\Debug\MuxAdvance.a(CyLib.o)
                0x0001c290                CyDelay
 .text.CyDelayUs
                0x0001c2d4       0x24 .\CortexM3\ARM_GCC_493\Debug\MuxAdvance.a(CyLib.o)
                0x0001c2d4                CyDelayUs
 .text.CyWdtStart
                0x0001c2f8       0x8c .\CortexM3\ARM_GCC_493\Debug\MuxAdvance.a(CyLib.o)
                0x0001c2f8                CyWdtStart
 .text.CyWdtClear
                0x0001c384       0x18 .\CortexM3\ARM_GCC_493\Debug\MuxAdvance.a(CyLib.o)
                0x0001c384                CyWdtClear
 .text.CyIntSetVector
                0x0001c39c       0x50 .\CortexM3\ARM_GCC_493\Debug\MuxAdvance.a(CyLib.o)
                0x0001c39c                CyIntSetVector
 .text.CyIntSetPriority
                0x0001c3ec       0x44 .\CortexM3\ARM_GCC_493\Debug\MuxAdvance.a(CyLib.o)
                0x0001c3ec                CyIntSetPriority
 .text.I2C_1_Init
                0x0001c430       0x80 .\CortexM3\ARM_GCC_493\Debug\MuxAdvance.a(I2C_1.o)
                0x0001c430                I2C_1_Init
 .text.I2C_1_Enable
                0x0001c4b0       0x44 .\CortexM3\ARM_GCC_493\Debug\MuxAdvance.a(I2C_1.o)
                0x0001c4b0                I2C_1_Enable
 .text.I2C_1_Start
                0x0001c4f4       0x2c .\CortexM3\ARM_GCC_493\Debug\MuxAdvance.a(I2C_1.o)
                0x0001c4f4                I2C_1_Start
 .text.I2C_1_ISR
                0x0001c520      0x3ac .\CortexM3\ARM_GCC_493\Debug\MuxAdvance.a(I2C_1_INT.o)
                0x0001c520                I2C_1_ISR
 .text.I2C_1_MasterSendStart
                0x0001c8cc       0xbc .\CortexM3\ARM_GCC_493\Debug\MuxAdvance.a(I2C_1_MASTER.o)
                0x0001c8cc                I2C_1_MasterSendStart
 .text.I2C_1_MasterSendStop
                0x0001c988       0x58 .\CortexM3\ARM_GCC_493\Debug\MuxAdvance.a(I2C_1_MASTER.o)
                0x0001c988                I2C_1_MasterSendStop
 .text.I2C_1_MasterWriteByte
                0x0001c9e0       0x80 .\CortexM3\ARM_GCC_493\Debug\MuxAdvance.a(I2C_1_MASTER.o)
                0x0001c9e0                I2C_1_MasterWriteByte
 .text.I2C_1_MasterReadByte
                0x0001ca60       0x7c .\CortexM3\ARM_GCC_493\Debug\MuxAdvance.a(I2C_1_MASTER.o)
                0x0001ca60                I2C_1_MasterReadByte
 .text.I2C_1_MasterClearStatus
                0x0001cadc       0x3c .\CortexM3\ARM_GCC_493\Debug\MuxAdvance.a(I2C_1_MASTER.o)
                0x0001cadc                I2C_1_MasterClearStatus
 .text.isr_1_StartEx
                0x0001cb18       0x24 .\CortexM3\ARM_GCC_493\Debug\MuxAdvance.a(isr_1.o)
                0x0001cb18                isr_1_StartEx
 .text.isr_1_Stop
                0x0001cb3c       0x14 .\CortexM3\ARM_GCC_493\Debug\MuxAdvance.a(isr_1.o)
                0x0001cb3c                isr_1_Stop
 .text.isr_1_SetVector
                0x0001cb50       0x24 .\CortexM3\ARM_GCC_493\Debug\MuxAdvance.a(isr_1.o)
                0x0001cb50                isr_1_SetVector
 .text.isr_1_SetPriority
                0x0001cb74       0x24 .\CortexM3\ARM_GCC_493\Debug\MuxAdvance.a(isr_1.o)
                0x0001cb74                isr_1_SetPriority
 .text.isr_1_Enable
                0x0001cb98       0x18 .\CortexM3\ARM_GCC_493\Debug\MuxAdvance.a(isr_1.o)
                0x0001cb98                isr_1_Enable
 .text.isr_1_Disable
                0x0001cbb0       0x18 .\CortexM3\ARM_GCC_493\Debug\MuxAdvance.a(isr_1.o)
                0x0001cbb0                isr_1_Disable
 .text.isr_2_StartEx
                0x0001cbc8       0x24 .\CortexM3\ARM_GCC_493\Debug\MuxAdvance.a(isr_2.o)
                0x0001cbc8                isr_2_StartEx
 .text.isr_2_Stop
                0x0001cbec       0x14 .\CortexM3\ARM_GCC_493\Debug\MuxAdvance.a(isr_2.o)
                0x0001cbec                isr_2_Stop
 .text.isr_2_SetVector
                0x0001cc00       0x24 .\CortexM3\ARM_GCC_493\Debug\MuxAdvance.a(isr_2.o)
                0x0001cc00                isr_2_SetVector
 .text.isr_2_SetPriority
                0x0001cc24       0x24 .\CortexM3\ARM_GCC_493\Debug\MuxAdvance.a(isr_2.o)
                0x0001cc24                isr_2_SetPriority
 .text.isr_2_Enable
                0x0001cc48       0x18 .\CortexM3\ARM_GCC_493\Debug\MuxAdvance.a(isr_2.o)
                0x0001cc48                isr_2_Enable
 .text.isr_2_Disable
                0x0001cc60       0x18 .\CortexM3\ARM_GCC_493\Debug\MuxAdvance.a(isr_2.o)
                0x0001cc60                isr_2_Disable
 .text.IB1_Write
                0x0001cc78       0x34 .\CortexM3\ARM_GCC_493\Debug\MuxAdvance.a(IB1.o)
                0x0001cc78                IB1_Write
 .text.IB1_Read
                0x0001ccac       0x1c .\CortexM3\ARM_GCC_493\Debug\MuxAdvance.a(IB1.o)
                0x0001ccac                IB1_Read
 .text.IB2_Write
                0x0001ccc8       0x3c .\CortexM3\ARM_GCC_493\Debug\MuxAdvance.a(IB2.o)
                0x0001ccc8                IB2_Write
 .text.IB2_Read
                0x0001cd04       0x20 .\CortexM3\ARM_GCC_493\Debug\MuxAdvance.a(IB2.o)
                0x0001cd04                IB2_Read
 .text.isr_3_StartEx
                0x0001cd24       0x24 .\CortexM3\ARM_GCC_493\Debug\MuxAdvance.a(isr_3.o)
                0x0001cd24                isr_3_StartEx
 .text.isr_3_SetVector
                0x0001cd48       0x24 .\CortexM3\ARM_GCC_493\Debug\MuxAdvance.a(isr_3.o)
                0x0001cd48                isr_3_SetVector
 .text.isr_3_SetPriority
                0x0001cd6c       0x24 .\CortexM3\ARM_GCC_493\Debug\MuxAdvance.a(isr_3.o)
                0x0001cd6c                isr_3_SetPriority
 .text.isr_3_Enable
                0x0001cd90       0x18 .\CortexM3\ARM_GCC_493\Debug\MuxAdvance.a(isr_3.o)
                0x0001cd90                isr_3_Enable
 .text.isr_3_Disable
                0x0001cda8       0x18 .\CortexM3\ARM_GCC_493\Debug\MuxAdvance.a(isr_3.o)
                0x0001cda8                isr_3_Disable
 .text.isr_4_StartEx
                0x0001cdc0       0x24 .\CortexM3\ARM_GCC_493\Debug\MuxAdvance.a(isr_4.o)
                0x0001cdc0                isr_4_StartEx
 .text.isr_4_SetVector
                0x0001cde4       0x24 .\CortexM3\ARM_GCC_493\Debug\MuxAdvance.a(isr_4.o)
                0x0001cde4                isr_4_SetVector
 .text.isr_4_SetPriority
                0x0001ce08       0x24 .\CortexM3\ARM_GCC_493\Debug\MuxAdvance.a(isr_4.o)
                0x0001ce08                isr_4_SetPriority
 .text.isr_4_Enable
                0x0001ce2c       0x18 .\CortexM3\ARM_GCC_493\Debug\MuxAdvance.a(isr_4.o)
                0x0001ce2c                isr_4_Enable
 .text.isr_4_Disable
                0x0001ce44       0x18 .\CortexM3\ARM_GCC_493\Debug\MuxAdvance.a(isr_4.o)
                0x0001ce44                isr_4_Disable
 .text.Waitable_2_Init
                0x0001ce5c       0x98 .\CortexM3\ARM_GCC_493\Debug\MuxAdvance.a(Waitable_2.o)
                0x0001ce5c                Waitable_2_Init
 .text.Waitable_2_Enable
                0x0001cef4       0x48 .\CortexM3\ARM_GCC_493\Debug\MuxAdvance.a(Waitable_2.o)
                0x0001cef4                Waitable_2_Enable
 .text.Waitable_2_Start
                0x0001cf3c       0x20 .\CortexM3\ARM_GCC_493\Debug\MuxAdvance.a(Waitable_2.o)
                0x0001cf3c                Waitable_2_Start
 .text.Waitable_2_Stop
                0x0001cf5c       0x48 .\CortexM3\ARM_GCC_493\Debug\MuxAdvance.a(Waitable_2.o)
                0x0001cf5c                Waitable_2_Stop
 .text.Waitable_2_SetInterruptMode
                0x0001cfa4       0x20 .\CortexM3\ARM_GCC_493\Debug\MuxAdvance.a(Waitable_2.o)
                0x0001cfa4                Waitable_2_SetInterruptMode
 .text.Waitable_2_ReadStatusRegister
                0x0001cfc4       0x18 .\CortexM3\ARM_GCC_493\Debug\MuxAdvance.a(Waitable_2.o)
                0x0001cfc4                Waitable_2_ReadStatusRegister
 .text.Waitable_2_WritePeriod
                0x0001cfdc       0x24 .\CortexM3\ARM_GCC_493\Debug\MuxAdvance.a(Waitable_2.o)
                0x0001cfdc                Waitable_2_WritePeriod
 .text.Waitable_2_WriteCounter
                0x0001d000       0x20 .\CortexM3\ARM_GCC_493\Debug\MuxAdvance.a(Waitable_2.o)
                0x0001d000                Waitable_2_WriteCounter
 .text.Waitable_3_Init
                0x0001d020       0x98 .\CortexM3\ARM_GCC_493\Debug\MuxAdvance.a(Waitable_3.o)
                0x0001d020                Waitable_3_Init
 .text.Waitable_3_Enable
                0x0001d0b8       0x48 .\CortexM3\ARM_GCC_493\Debug\MuxAdvance.a(Waitable_3.o)
                0x0001d0b8                Waitable_3_Enable
 .text.Waitable_3_Start
                0x0001d100       0x20 .\CortexM3\ARM_GCC_493\Debug\MuxAdvance.a(Waitable_3.o)
                0x0001d100                Waitable_3_Start
 .text.Waitable_3_SetInterruptMode
                0x0001d120       0x20 .\CortexM3\ARM_GCC_493\Debug\MuxAdvance.a(Waitable_3.o)
                0x0001d120                Waitable_3_SetInterruptMode
 .text.Waitable_3_ReadStatusRegister
                0x0001d140       0x18 .\CortexM3\ARM_GCC_493\Debug\MuxAdvance.a(Waitable_3.o)
                0x0001d140                Waitable_3_ReadStatusRegister
 .text.Waitable_3_WritePeriod
                0x0001d158       0x24 .\CortexM3\ARM_GCC_493\Debug\MuxAdvance.a(Waitable_3.o)
                0x0001d158                Waitable_3_WritePeriod
 .text.Waitable_3_WriteCounter
                0x0001d17c       0x20 .\CortexM3\ARM_GCC_493\Debug\MuxAdvance.a(Waitable_3.o)
                0x0001d17c                Waitable_3_WriteCounter
 .text.Waitable_1_Init
                0x0001d19c       0x98 .\CortexM3\ARM_GCC_493\Debug\MuxAdvance.a(Waitable_1.o)
                0x0001d19c                Waitable_1_Init
 .text.Waitable_1_Enable
                0x0001d234       0x48 .\CortexM3\ARM_GCC_493\Debug\MuxAdvance.a(Waitable_1.o)
                0x0001d234                Waitable_1_Enable
 .text.Waitable_1_Start
                0x0001d27c       0x20 .\CortexM3\ARM_GCC_493\Debug\MuxAdvance.a(Waitable_1.o)
                0x0001d27c                Waitable_1_Start
 .text.Waitable_1_Stop
                0x0001d29c       0x48 .\CortexM3\ARM_GCC_493\Debug\MuxAdvance.a(Waitable_1.o)
                0x0001d29c                Waitable_1_Stop
 .text.Waitable_1_SetInterruptMode
                0x0001d2e4       0x20 .\CortexM3\ARM_GCC_493\Debug\MuxAdvance.a(Waitable_1.o)
                0x0001d2e4                Waitable_1_SetInterruptMode
 .text.Waitable_1_ReadStatusRegister
                0x0001d304       0x18 .\CortexM3\ARM_GCC_493\Debug\MuxAdvance.a(Waitable_1.o)
                0x0001d304                Waitable_1_ReadStatusRegister
 .text.Waitable_1_WritePeriod
                0x0001d31c       0x24 .\CortexM3\ARM_GCC_493\Debug\MuxAdvance.a(Waitable_1.o)
                0x0001d31c                Waitable_1_WritePeriod
 .text.Waitable_1_WriteCounter
                0x0001d340       0x20 .\CortexM3\ARM_GCC_493\Debug\MuxAdvance.a(Waitable_1.o)
                0x0001d340                Waitable_1_WriteCounter
 .text.Waitable_4_Init
                0x0001d360       0x98 .\CortexM3\ARM_GCC_493\Debug\MuxAdvance.a(Waitable_4.o)
                0x0001d360                Waitable_4_Init
 .text.Waitable_4_Enable
                0x0001d3f8       0x48 .\CortexM3\ARM_GCC_493\Debug\MuxAdvance.a(Waitable_4.o)
                0x0001d3f8                Waitable_4_Enable
 .text.Waitable_4_Start
                0x0001d440       0x20 .\CortexM3\ARM_GCC_493\Debug\MuxAdvance.a(Waitable_4.o)
                0x0001d440                Waitable_4_Start
 .text.Waitable_4_SetInterruptMode
                0x0001d460       0x20 .\CortexM3\ARM_GCC_493\Debug\MuxAdvance.a(Waitable_4.o)
                0x0001d460                Waitable_4_SetInterruptMode
 .text.Waitable_4_ReadStatusRegister
                0x0001d480       0x18 .\CortexM3\ARM_GCC_493\Debug\MuxAdvance.a(Waitable_4.o)
                0x0001d480                Waitable_4_ReadStatusRegister
 .text.Waitable_4_WritePeriod
                0x0001d498       0x24 .\CortexM3\ARM_GCC_493\Debug\MuxAdvance.a(Waitable_4.o)
                0x0001d498                Waitable_4_WritePeriod
 .text.Waitable_4_WriteCounter
                0x0001d4bc       0x20 .\CortexM3\ARM_GCC_493\Debug\MuxAdvance.a(Waitable_4.o)
                0x0001d4bc                Waitable_4_WriteCounter
 .text.Beagle_Start
                0x0001d4dc       0x20 .\CortexM3\ARM_GCC_493\Debug\MuxAdvance.a(Beagle.o)
                0x0001d4dc                Beagle_Start
 .text.Beagle_Init
                0x0001d4fc       0x4c .\CortexM3\ARM_GCC_493\Debug\MuxAdvance.a(Beagle.o)
                0x0001d4fc                Beagle_Init
 .text.Beagle_Enable
                0x0001d548       0x68 .\CortexM3\ARM_GCC_493\Debug\MuxAdvance.a(Beagle.o)
                0x0001d548                Beagle_Enable
 .text.Beagle_EnableRxInt
                0x0001d5b0       0x18 .\CortexM3\ARM_GCC_493\Debug\MuxAdvance.a(Beagle.o)
                0x0001d5b0                Beagle_EnableRxInt
 .text.Beagle_DisableRxInt
                0x0001d5c8       0x18 .\CortexM3\ARM_GCC_493\Debug\MuxAdvance.a(Beagle.o)
                0x0001d5c8                Beagle_DisableRxInt
 .text.Beagle_ReadRxData
                0x0001d5e0       0x88 .\CortexM3\ARM_GCC_493\Debug\MuxAdvance.a(Beagle.o)
                0x0001d5e0                Beagle_ReadRxData
 .text.Beagle_GetRxBufferSize
                0x0001d668       0x84 .\CortexM3\ARM_GCC_493\Debug\MuxAdvance.a(Beagle.o)
                0x0001d668                Beagle_GetRxBufferSize
 .text.Beagle_ClearRxBuffer
                0x0001d6ec       0x70 .\CortexM3\ARM_GCC_493\Debug\MuxAdvance.a(Beagle.o)
                0x0001d6ec                Beagle_ClearRxBuffer
 .text.Beagle_PutChar
                0x0001d75c       0x34 .\CortexM3\ARM_GCC_493\Debug\MuxAdvance.a(Beagle.o)
                0x0001d75c                Beagle_PutChar
 .text.Beagle_RXISR
                0x0001d790       0xac .\CortexM3\ARM_GCC_493\Debug\MuxAdvance.a(Beagle_INT.o)
                0x0001d790                Beagle_RXISR
 .text.Beagle_IntClock_Start
                0x0001d83c       0x34 .\CortexM3\ARM_GCC_493\Debug\MuxAdvance.a(Beagle_IntClock.o)
                0x0001d83c                Beagle_IntClock_Start
 .text.EEPROM_1_Enable
                0x0001d870       0x10 .\CortexM3\ARM_GCC_493\Debug\MuxAdvance.a(EEPROM_1.o)
                0x0001d870                EEPROM_1_Enable
 .text.EEPROM_1_Start
                0x0001d880        0xc .\CortexM3\ARM_GCC_493\Debug\MuxAdvance.a(EEPROM_1.o)
                0x0001d880                EEPROM_1_Start
 .text.EEPROM_1_Write
                0x0001d88c       0xf0 .\CortexM3\ARM_GCC_493\Debug\MuxAdvance.a(EEPROM_1.o)
                0x0001d88c                EEPROM_1_Write
 .text.LCD2_Start
                0x0001d97c       0x20 .\CortexM3\ARM_GCC_493\Debug\MuxAdvance.a(LCD2.o)
                0x0001d97c                LCD2_Start
 .text.LCD2_Init
                0x0001d99c       0x4c .\CortexM3\ARM_GCC_493\Debug\MuxAdvance.a(LCD2.o)
                0x0001d99c                LCD2_Init
 .text.LCD2_Enable
                0x0001d9e8       0x68 .\CortexM3\ARM_GCC_493\Debug\MuxAdvance.a(LCD2.o)
                0x0001d9e8                LCD2_Enable
 .text.LCD2_EnableRxInt
                0x0001da50       0x18 .\CortexM3\ARM_GCC_493\Debug\MuxAdvance.a(LCD2.o)
                0x0001da50                LCD2_EnableRxInt
 .text.LCD2_DisableRxInt
                0x0001da68       0x18 .\CortexM3\ARM_GCC_493\Debug\MuxAdvance.a(LCD2.o)
                0x0001da68                LCD2_DisableRxInt
 .text.LCD2_GetRxBufferSize
                0x0001da80       0x80 .\CortexM3\ARM_GCC_493\Debug\MuxAdvance.a(LCD2.o)
                0x0001da80                LCD2_GetRxBufferSize
 .text.LCD2_ClearRxBuffer
                0x0001db00       0x70 .\CortexM3\ARM_GCC_493\Debug\MuxAdvance.a(LCD2.o)
                0x0001db00                LCD2_ClearRxBuffer
 .text.LCD2_PutChar
                0x0001db70       0x34 .\CortexM3\ARM_GCC_493\Debug\MuxAdvance.a(LCD2.o)
                0x0001db70                LCD2_PutChar
 .text.LCD2_RXISR
                0x0001dba4       0xa8 .\CortexM3\ARM_GCC_493\Debug\MuxAdvance.a(LCD2_INT.o)
                0x0001dba4                LCD2_RXISR
 .text.LCD2_IntClock_Start
                0x0001dc4c       0x34 .\CortexM3\ARM_GCC_493\Debug\MuxAdvance.a(LCD2_IntClock.o)
                0x0001dc4c                LCD2_IntClock_Start
 .text.LCD1_Start
                0x0001dc80       0x20 .\CortexM3\ARM_GCC_493\Debug\MuxAdvance.a(LCD1.o)
                0x0001dc80                LCD1_Start
 .text.LCD1_Init
                0x0001dca0       0x4c .\CortexM3\ARM_GCC_493\Debug\MuxAdvance.a(LCD1.o)
                0x0001dca0                LCD1_Init
 .text.LCD1_Enable
                0x0001dcec       0x68 .\CortexM3\ARM_GCC_493\Debug\MuxAdvance.a(LCD1.o)
                0x0001dcec                LCD1_Enable
 .text.LCD1_EnableRxInt
                0x0001dd54       0x18 .\CortexM3\ARM_GCC_493\Debug\MuxAdvance.a(LCD1.o)
                0x0001dd54                LCD1_EnableRxInt
 .text.LCD1_DisableRxInt
                0x0001dd6c       0x18 .\CortexM3\ARM_GCC_493\Debug\MuxAdvance.a(LCD1.o)
                0x0001dd6c                LCD1_DisableRxInt
 .text.LCD1_GetRxBufferSize
                0x0001dd84       0x80 .\CortexM3\ARM_GCC_493\Debug\MuxAdvance.a(LCD1.o)
                0x0001dd84                LCD1_GetRxBufferSize
 .text.LCD1_ClearRxBuffer
                0x0001de04       0x70 .\CortexM3\ARM_GCC_493\Debug\MuxAdvance.a(LCD1.o)
                0x0001de04                LCD1_ClearRxBuffer
 .text.LCD1_PutChar
                0x0001de74       0x34 .\CortexM3\ARM_GCC_493\Debug\MuxAdvance.a(LCD1.o)
                0x0001de74                LCD1_PutChar
 .text.LCD1_RXISR
                0x0001dea8       0xa8 .\CortexM3\ARM_GCC_493\Debug\MuxAdvance.a(LCD1_INT.o)
                0x0001dea8                LCD1_RXISR
 .text.LCD1_IntClock_Start
                0x0001df50       0x34 .\CortexM3\ARM_GCC_493\Debug\MuxAdvance.a(LCD1_IntClock.o)
                0x0001df50                LCD1_IntClock_Start
 .text.Pump_AL_Start
                0x0001df84       0x20 .\CortexM3\ARM_GCC_493\Debug\MuxAdvance.a(Pump_AL.o)
                0x0001df84                Pump_AL_Start
 .text.Pump_AL_Init
                0x0001dfa4       0x4c .\CortexM3\ARM_GCC_493\Debug\MuxAdvance.a(Pump_AL.o)
                0x0001dfa4                Pump_AL_Init
 .text.Pump_AL_Enable
                0x0001dff0       0x64 .\CortexM3\ARM_GCC_493\Debug\MuxAdvance.a(Pump_AL.o)
                0x0001dff0                Pump_AL_Enable
 .text.Pump_AL_EnableRxInt
                0x0001e054       0x18 .\CortexM3\ARM_GCC_493\Debug\MuxAdvance.a(Pump_AL.o)
                0x0001e054                Pump_AL_EnableRxInt
 .text.Pump_AL_DisableRxInt
                0x0001e06c       0x18 .\CortexM3\ARM_GCC_493\Debug\MuxAdvance.a(Pump_AL.o)
                0x0001e06c                Pump_AL_DisableRxInt
 .text.Pump_AL_ReadRxData
                0x0001e084       0x84 .\CortexM3\ARM_GCC_493\Debug\MuxAdvance.a(Pump_AL.o)
                0x0001e084                Pump_AL_ReadRxData
 .text.Pump_AL_GetRxBufferSize
                0x0001e108       0x84 .\CortexM3\ARM_GCC_493\Debug\MuxAdvance.a(Pump_AL.o)
                0x0001e108                Pump_AL_GetRxBufferSize
 .text.Pump_AL_ClearRxBuffer
                0x0001e18c       0x70 .\CortexM3\ARM_GCC_493\Debug\MuxAdvance.a(Pump_AL.o)
                0x0001e18c                Pump_AL_ClearRxBuffer
 .text.Pump_AL_PutChar
                0x0001e1fc       0x34 .\CortexM3\ARM_GCC_493\Debug\MuxAdvance.a(Pump_AL.o)
                0x0001e1fc                Pump_AL_PutChar
 .text.Pump_AL_RXISR
                0x0001e230       0xa8 .\CortexM3\ARM_GCC_493\Debug\MuxAdvance.a(Pump_AL_INT.o)
                0x0001e230                Pump_AL_RXISR
 .text.Tag_Start
                0x0001e2d8       0x20 .\CortexM3\ARM_GCC_493\Debug\MuxAdvance.a(Tag.o)
                0x0001e2d8                Tag_Start
 .text.Tag_Init
                0x0001e2f8       0x4c .\CortexM3\ARM_GCC_493\Debug\MuxAdvance.a(Tag.o)
                0x0001e2f8                Tag_Init
 .text.Tag_Enable
                0x0001e344       0x68 .\CortexM3\ARM_GCC_493\Debug\MuxAdvance.a(Tag.o)
                0x0001e344                Tag_Enable
 .text.Tag_EnableRxInt
                0x0001e3ac       0x18 .\CortexM3\ARM_GCC_493\Debug\MuxAdvance.a(Tag.o)
                0x0001e3ac                Tag_EnableRxInt
 .text.Tag_DisableRxInt
                0x0001e3c4       0x18 .\CortexM3\ARM_GCC_493\Debug\MuxAdvance.a(Tag.o)
                0x0001e3c4                Tag_DisableRxInt
 .text.Tag_ReadRxData
                0x0001e3dc       0x84 .\CortexM3\ARM_GCC_493\Debug\MuxAdvance.a(Tag.o)
                0x0001e3dc                Tag_ReadRxData
 .text.Tag_GetRxBufferSize
                0x0001e460       0x84 .\CortexM3\ARM_GCC_493\Debug\MuxAdvance.a(Tag.o)
                0x0001e460                Tag_GetRxBufferSize
 .text.Tag_ClearRxBuffer
                0x0001e4e4       0x70 .\CortexM3\ARM_GCC_493\Debug\MuxAdvance.a(Tag.o)
                0x0001e4e4                Tag_ClearRxBuffer
 .text.Tag_PutChar
                0x0001e554       0x34 .\CortexM3\ARM_GCC_493\Debug\MuxAdvance.a(Tag.o)
                0x0001e554                Tag_PutChar
 .text.Tag_ClearTxBuffer
                0x0001e588       0x40 .\CortexM3\ARM_GCC_493\Debug\MuxAdvance.a(Tag.o)
                0x0001e588                Tag_ClearTxBuffer
 .text.Tag_RXISR
                0x0001e5c8       0xa8 .\CortexM3\ARM_GCC_493\Debug\MuxAdvance.a(Tag_INT.o)
                0x0001e5c8                Tag_RXISR
 .text.Tag_IntClock_Start
                0x0001e670       0x34 .\CortexM3\ARM_GCC_493\Debug\MuxAdvance.a(Tag_IntClock.o)
                0x0001e670                Tag_IntClock_Start
 .text.Code_Bar_Start
                0x0001e6a4       0x20 .\CortexM3\ARM_GCC_493\Debug\MuxAdvance.a(Code_Bar.o)
                0x0001e6a4                Code_Bar_Start
 .text.Code_Bar_Init
                0x0001e6c4       0x4c .\CortexM3\ARM_GCC_493\Debug\MuxAdvance.a(Code_Bar.o)
                0x0001e6c4                Code_Bar_Init
 .text.Code_Bar_Enable
                0x0001e710       0x68 .\CortexM3\ARM_GCC_493\Debug\MuxAdvance.a(Code_Bar.o)
                0x0001e710                Code_Bar_Enable
 .text.Code_Bar_EnableRxInt
                0x0001e778       0x18 .\CortexM3\ARM_GCC_493\Debug\MuxAdvance.a(Code_Bar.o)
                0x0001e778                Code_Bar_EnableRxInt
 .text.Code_Bar_DisableRxInt
                0x0001e790       0x18 .\CortexM3\ARM_GCC_493\Debug\MuxAdvance.a(Code_Bar.o)
                0x0001e790                Code_Bar_DisableRxInt
 .text.Code_Bar_ReadRxData
                0x0001e7a8       0x84 .\CortexM3\ARM_GCC_493\Debug\MuxAdvance.a(Code_Bar.o)
                0x0001e7a8                Code_Bar_ReadRxData
 .text.Code_Bar_GetRxBufferSize
                0x0001e82c       0x84 .\CortexM3\ARM_GCC_493\Debug\MuxAdvance.a(Code_Bar.o)
                0x0001e82c                Code_Bar_GetRxBufferSize
 .text.Code_Bar_ClearRxBuffer
                0x0001e8b0       0x70 .\CortexM3\ARM_GCC_493\Debug\MuxAdvance.a(Code_Bar.o)
                0x0001e8b0                Code_Bar_ClearRxBuffer
 .text.Code_Bar_RXISR
                0x0001e920       0xa8 .\CortexM3\ARM_GCC_493\Debug\MuxAdvance.a(Code_Bar_INT.o)
                0x0001e920                Code_Bar_RXISR
 .text.Code_Bar_IntClock_Start
                0x0001e9c8       0x34 .\CortexM3\ARM_GCC_493\Debug\MuxAdvance.a(Code_Bar_IntClock.o)
                0x0001e9c8                Code_Bar_IntClock_Start
 .text.CySetTempInt
                0x0001e9fc       0x7c .\CortexM3\ARM_GCC_493\Debug\MuxAdvance.a(CyFlash.o)
 .text.CyFlashGetSpcAlgorithm
                0x0001ea78       0x70 .\CortexM3\ARM_GCC_493\Debug\MuxAdvance.a(CyFlash.o)
 .text.CySetTemp
                0x0001eae8       0x24 .\CortexM3\ARM_GCC_493\Debug\MuxAdvance.a(CyFlash.o)
                0x0001eae8                CySetTemp
 .text.CyEEPROM_Start
                0x0001eb0c       0x8c .\CortexM3\ARM_GCC_493\Debug\MuxAdvance.a(CyFlash.o)
                0x0001eb0c                CyEEPROM_Start
 .text.CySpcStart
                0x0001eb98       0x44 .\CortexM3\ARM_GCC_493\Debug\MuxAdvance.a(CySpc.o)
                0x0001eb98                CySpcStart
 .text.CySpcReadData
                0x0001ebdc       0x58 .\CortexM3\ARM_GCC_493\Debug\MuxAdvance.a(CySpc.o)
                0x0001ebdc                CySpcReadData
 .text.CySpcLoadRow
                0x0001ec34       0x8c .\CortexM3\ARM_GCC_493\Debug\MuxAdvance.a(CySpc.o)
                0x0001ec34                CySpcLoadRow
 .text.CySpcWriteRow
                0x0001ecc0       0x98 .\CortexM3\ARM_GCC_493\Debug\MuxAdvance.a(CySpc.o)
                0x0001ecc0                CySpcWriteRow
 .text.CySpcGetTemp
                0x0001ed58       0x64 .\CortexM3\ARM_GCC_493\Debug\MuxAdvance.a(CySpc.o)
                0x0001ed58                CySpcGetTemp
 .text.CySpcLock
                0x0001edbc       0x68 .\CortexM3\ARM_GCC_493\Debug\MuxAdvance.a(CySpc.o)
                0x0001edbc                CySpcLock
 .text.CySpcUnlock
                0x0001ee24       0x50 .\CortexM3\ARM_GCC_493\Debug\MuxAdvance.a(CySpc.o)
                0x0001ee24                CySpcUnlock
 .text.CySpcGetAlgorithm
                0x0001ee74       0x48 .\CortexM3\ARM_GCC_493\Debug\MuxAdvance.a(CySpc.o)
                0x0001ee74                CySpcGetAlgorithm
 .text.pow      0x0001eebc      0x2f0 c:/program files (x86)/cypress/psoc creator/3.3/psoc creator/import/gnu/arm/4.9.3/bin/../lib/gcc/arm-none-eabi/4.9.3/../../../../arm-none-eabi/lib/armv7-m\libm.a(lib_a-w_pow.o)
                0x0001eebc                pow
 *fill*         0x0001f1ac        0x4 
 .text.__ieee754_pow
                0x0001f1b0      0xaa0 c:/program files (x86)/cypress/psoc creator/3.3/psoc creator/import/gnu/arm/4.9.3/bin/../lib/gcc/arm-none-eabi/4.9.3/../../../../arm-none-eabi/lib/armv7-m\libm.a(lib_a-e_pow.o)
                0x0001f1b0                __ieee754_pow
 .text.__ieee754_sqrt
                0x0001fc50      0x18c c:/program files (x86)/cypress/psoc creator/3.3/psoc creator/import/gnu/arm/4.9.3/bin/../lib/gcc/arm-none-eabi/4.9.3/../../../../arm-none-eabi/lib/armv7-m\libm.a(lib_a-e_sqrt.o)
                0x0001fc50                __ieee754_sqrt
 .text.fabs     0x0001fddc        0x8 c:/program files (x86)/cypress/psoc creator/3.3/psoc creator/import/gnu/arm/4.9.3/bin/../lib/gcc/arm-none-eabi/4.9.3/../../../../arm-none-eabi/lib/armv7-m\libm.a(lib_a-s_fabs.o)
                0x0001fddc                fabs
 .text.finite   0x0001fde4        0xc c:/program files (x86)/cypress/psoc creator/3.3/psoc creator/import/gnu/arm/4.9.3/bin/../lib/gcc/arm-none-eabi/4.9.3/../../../../arm-none-eabi/lib/armv7-m\libm.a(lib_a-s_finite.o)
                0x0001fde4                finite
 .text.__fpclassifyd
                0x0001fdf0       0x58 c:/program files (x86)/cypress/psoc creator/3.3/psoc creator/import/gnu/arm/4.9.3/bin/../lib/gcc/arm-none-eabi/4.9.3/../../../../arm-none-eabi/lib/armv7-m\libm.a(lib_a-s_fpclassify.o)
                0x0001fdf0                __fpclassifyd
 .text.matherr  0x0001fe48        0x4 c:/program files (x86)/cypress/psoc creator/3.3/psoc creator/import/gnu/arm/4.9.3/bin/../lib/gcc/arm-none-eabi/4.9.3/../../../../arm-none-eabi/lib/armv7-m\libm.a(lib_a-s_matherr.o)
                0x0001fe48                matherr
 .text.nan      0x0001fe4c        0xc c:/program files (x86)/cypress/psoc creator/3.3/psoc creator/import/gnu/arm/4.9.3/bin/../lib/gcc/arm-none-eabi/4.9.3/../../../../arm-none-eabi/lib/armv7-m\libm.a(lib_a-s_nan.o)
                0x0001fe4c                nan
 .text.rint     0x0001fe58      0x11c c:/program files (x86)/cypress/psoc creator/3.3/psoc creator/import/gnu/arm/4.9.3/bin/../lib/gcc/arm-none-eabi/4.9.3/../../../../arm-none-eabi/lib/armv7-m\libm.a(lib_a-s_rint.o)
                0x0001fe58                rint
 *fill*         0x0001ff74        0x4 
 .text.scalbn   0x0001ff78       0xf0 c:/program files (x86)/cypress/psoc creator/3.3/psoc creator/import/gnu/arm/4.9.3/bin/../lib/gcc/arm-none-eabi/4.9.3/../../../../arm-none-eabi/lib/armv7-m\libm.a(lib_a-s_scalbn.o)
                0x0001ff78                scalbn
 .text.copysign
                0x00020068       0x10 c:/program files (x86)/cypress/psoc creator/3.3/psoc creator/import/gnu/arm/4.9.3/bin/../lib/gcc/arm-none-eabi/4.9.3/../../../../arm-none-eabi/lib/armv7-m\libm.a(lib_a-s_copysign.o)
                0x00020068                copysign
 .text          0x00020078      0x370 c:/program files (x86)/cypress/psoc creator/3.3/psoc creator/import/gnu/arm/4.9.3/bin/../lib/gcc/arm-none-eabi/4.9.3/armv7-m\libgcc.a(_arm_addsubdf3.o)
                0x00020078                __aeabi_drsub
                0x00020080                __aeabi_dsub
                0x00020080                __subdf3
                0x00020084                __aeabi_dadd
                0x00020084                __adddf3
                0x000202fc                __floatunsidf
                0x000202fc                __aeabi_ui2d
                0x0002031c                __floatsidf
                0x0002031c                __aeabi_i2d
                0x00020340                __aeabi_f2d
                0x00020340                __extendsfdf2
                0x0002037c                __floatundidf
                0x0002037c                __aeabi_ul2d
                0x0002038c                __floatdidf
                0x0002038c                __aeabi_l2d
 .text          0x000203e8      0x424 c:/program files (x86)/cypress/psoc creator/3.3/psoc creator/import/gnu/arm/4.9.3/bin/../lib/gcc/arm-none-eabi/4.9.3/armv7-m\libgcc.a(_arm_muldivdf3.o)
                0x000203e8                __aeabi_dmul
                0x000203e8                __muldf3
                0x0002063c                __divdf3
                0x0002063c                __aeabi_ddiv
 .text          0x0002080c      0x110 c:/program files (x86)/cypress/psoc creator/3.3/psoc creator/import/gnu/arm/4.9.3/bin/../lib/gcc/arm-none-eabi/4.9.3/armv7-m\libgcc.a(_arm_cmpdf2.o)
                0x0002080c                __gtdf2
                0x0002080c                __gedf2
                0x00020814                __ltdf2
                0x00020814                __ledf2
                0x0002081c                __nedf2
                0x0002081c                __eqdf2
                0x0002081c                __cmpdf2
                0x00020898                __aeabi_cdrcmple
                0x000208a8                __aeabi_cdcmpeq
                0x000208a8                __aeabi_cdcmple
                0x000208b8                __aeabi_dcmpeq
                0x000208cc                __aeabi_dcmplt
                0x000208e0                __aeabi_dcmple
                0x000208f4                __aeabi_dcmpge
                0x00020908                __aeabi_dcmpgt
 .text          0x0002091c       0x40 c:/program files (x86)/cypress/psoc creator/3.3/psoc creator/import/gnu/arm/4.9.3/bin/../lib/gcc/arm-none-eabi/4.9.3/armv7-m\libgcc.a(_arm_fixunsdfsi.o)
                0x0002091c                __aeabi_d2uiz
                0x0002091c                __fixunsdfsi
 .text.__errno  0x0002095c        0xc c:/program files (x86)/cypress/psoc creator/3.3/psoc creator/import/gnu/arm/4.9.3/bin/../lib/gcc/arm-none-eabi/4.9.3/../../../../arm-none-eabi/lib/armv7-m\libg_nano.a(lib_a-errno.o)
                0x0002095c                __errno
 .text.__libc_init_array
                0x00020968       0x4c c:/program files (x86)/cypress/psoc creator/3.3/psoc creator/import/gnu/arm/4.9.3/bin/../lib/gcc/arm-none-eabi/4.9.3/../../../../arm-none-eabi/lib/armv7-m\libg_nano.a(lib_a-init.o)
                0x00020968                __libc_init_array
 .text.memcpy   0x000209b4       0x16 c:/program files (x86)/cypress/psoc creator/3.3/psoc creator/import/gnu/arm/4.9.3/bin/../lib/gcc/arm-none-eabi/4.9.3/../../../../arm-none-eabi/lib/armv7-m\libg_nano.a(lib_a-memcpy.o)
                0x000209b4                memcpy
 .text.memset   0x000209ca       0x10 c:/program files (x86)/cypress/psoc creator/3.3/psoc creator/import/gnu/arm/4.9.3/bin/../lib/gcc/arm-none-eabi/4.9.3/../../../../arm-none-eabi/lib/armv7-m\libg_nano.a(lib_a-memset.o)
                0x000209ca                memset
 .text.__cvt    0x000209da       0xbc c:/program files (x86)/cypress/psoc creator/3.3/psoc creator/import/gnu/arm/4.9.3/bin/../lib/gcc/arm-none-eabi/4.9.3/../../../../arm-none-eabi/lib/armv7-m\libg_nano.a(lib_a-nano-vfprintf_float.o)
                0x000209da                __cvt
 .text.__exponent
                0x00020a96       0x62 c:/program files (x86)/cypress/psoc creator/3.3/psoc creator/import/gnu/arm/4.9.3/bin/../lib/gcc/arm-none-eabi/4.9.3/../../../../arm-none-eabi/lib/armv7-m\libg_nano.a(lib_a-nano-vfprintf_float.o)
                0x00020a96                __exponent
 .text._printf_float
                0x00020af8      0x48c c:/program files (x86)/cypress/psoc creator/3.3/psoc creator/import/gnu/arm/4.9.3/bin/../lib/gcc/arm-none-eabi/4.9.3/../../../../arm-none-eabi/lib/armv7-m\libg_nano.a(lib_a-nano-vfprintf_float.o)
                0x00020af8                _printf_float
 .text._printf_common
                0x00020f84       0xea c:/program files (x86)/cypress/psoc creator/3.3/psoc creator/import/gnu/arm/4.9.3/bin/../lib/gcc/arm-none-eabi/4.9.3/../../../../arm-none-eabi/lib/armv7-m\libg_nano.a(lib_a-nano-vfprintf_i.o)
                0x00020f84                _printf_common
 .text.strlen   0x0002106e       0x10 c:/program files (x86)/cypress/psoc creator/3.3/psoc creator/import/gnu/arm/4.9.3/bin/../lib/gcc/arm-none-eabi/4.9.3/../../../../arm-none-eabi/lib/armv7-m\libg_nano.a(lib_a-strlen.o)
                0x0002106e                strlen
 .text.quorem   0x0002107e      0x114 c:/program files (x86)/cypress/psoc creator/3.3/psoc creator/import/gnu/arm/4.9.3/bin/../lib/gcc/arm-none-eabi/4.9.3/../../../../arm-none-eabi/lib/armv7-m\libg_nano.a(lib_a-dtoa.o)
 *fill*         0x00021192        0x6 
 .text._dtoa_r  0x00021198      0xb78 c:/program files (x86)/cypress/psoc creator/3.3/psoc creator/import/gnu/arm/4.9.3/bin/../lib/gcc/arm-none-eabi/4.9.3/../../../../arm-none-eabi/lib/armv7-m\libg_nano.a(lib_a-dtoa.o)
                0x00021198                _dtoa_r
 .text._localeconv_r
                0x00021d10        0x8 c:/program files (x86)/cypress/psoc creator/3.3/psoc creator/import/gnu/arm/4.9.3/bin/../lib/gcc/arm-none-eabi/4.9.3/../../../../arm-none-eabi/lib/armv7-m\libg_nano.a(lib_a-locale.o)
                0x00021d10                _localeconv_r
 .text.malloc   0x00021d18       0x10 c:/program files (x86)/cypress/psoc creator/3.3/psoc creator/import/gnu/arm/4.9.3/bin/../lib/gcc/arm-none-eabi/4.9.3/../../../../arm-none-eabi/lib/armv7-m\libg_nano.a(lib_a-malloc.o)
                0x00021d18                malloc
 .text._Balloc  0x00021d28       0x6a c:/program files (x86)/cypress/psoc creator/3.3/psoc creator/import/gnu/arm/4.9.3/bin/../lib/gcc/arm-none-eabi/4.9.3/../../../../arm-none-eabi/lib/armv7-m\libg_nano.a(lib_a-mprec.o)
                0x00021d28                _Balloc
 .text._Bfree   0x00021d92       0x2e c:/program files (x86)/cypress/psoc creator/3.3/psoc creator/import/gnu/arm/4.9.3/bin/../lib/gcc/arm-none-eabi/4.9.3/../../../../arm-none-eabi/lib/armv7-m\libg_nano.a(lib_a-mprec.o)
                0x00021d92                _Bfree
 .text.__multadd
                0x00021dc0       0x7c c:/program files (x86)/cypress/psoc creator/3.3/psoc creator/import/gnu/arm/4.9.3/bin/../lib/gcc/arm-none-eabi/4.9.3/../../../../arm-none-eabi/lib/armv7-m\libg_nano.a(lib_a-mprec.o)
                0x00021dc0                __multadd
 .text.__hi0bits
                0x00021e3c       0x40 c:/program files (x86)/cypress/psoc creator/3.3/psoc creator/import/gnu/arm/4.9.3/bin/../lib/gcc/arm-none-eabi/4.9.3/../../../../arm-none-eabi/lib/armv7-m\libg_nano.a(lib_a-mprec.o)
                0x00021e3c                __hi0bits
 .text.__lo0bits
                0x00021e7c       0x5a c:/program files (x86)/cypress/psoc creator/3.3/psoc creator/import/gnu/arm/4.9.3/bin/../lib/gcc/arm-none-eabi/4.9.3/../../../../arm-none-eabi/lib/armv7-m\libg_nano.a(lib_a-mprec.o)
                0x00021e7c                __lo0bits
 .text.__i2b    0x00021ed6       0x12 c:/program files (x86)/cypress/psoc creator/3.3/psoc creator/import/gnu/arm/4.9.3/bin/../lib/gcc/arm-none-eabi/4.9.3/../../../../arm-none-eabi/lib/armv7-m\libg_nano.a(lib_a-mprec.o)
                0x00021ed6                __i2b
 .text.__multiply
                0x00021ee8      0x120 c:/program files (x86)/cypress/psoc creator/3.3/psoc creator/import/gnu/arm/4.9.3/bin/../lib/gcc/arm-none-eabi/4.9.3/../../../../arm-none-eabi/lib/armv7-m\libg_nano.a(lib_a-mprec.o)
                0x00021ee8                __multiply
 .text.__pow5mult
                0x00022008       0x9c c:/program files (x86)/cypress/psoc creator/3.3/psoc creator/import/gnu/arm/4.9.3/bin/../lib/gcc/arm-none-eabi/4.9.3/../../../../arm-none-eabi/lib/armv7-m\libg_nano.a(lib_a-mprec.o)
                0x00022008                __pow5mult
 .text.__lshift
                0x000220a4       0xa6 c:/program files (x86)/cypress/psoc creator/3.3/psoc creator/import/gnu/arm/4.9.3/bin/../lib/gcc/arm-none-eabi/4.9.3/../../../../arm-none-eabi/lib/armv7-m\libg_nano.a(lib_a-mprec.o)
                0x000220a4                __lshift
 .text.__mcmp   0x0002214a       0x38 c:/program files (x86)/cypress/psoc creator/3.3/psoc creator/import/gnu/arm/4.9.3/bin/../lib/gcc/arm-none-eabi/4.9.3/../../../../arm-none-eabi/lib/armv7-m\libg_nano.a(lib_a-mprec.o)
                0x0002214a                __mcmp
 .text.__mdiff  0x00022182       0xbe c:/program files (x86)/cypress/psoc creator/3.3/psoc creator/import/gnu/arm/4.9.3/bin/../lib/gcc/arm-none-eabi/4.9.3/../../../../arm-none-eabi/lib/armv7-m\libg_nano.a(lib_a-mprec.o)
                0x00022182                __mdiff
 .text.__d2b    0x00022240       0xa4 c:/program files (x86)/cypress/psoc creator/3.3/psoc creator/import/gnu/arm/4.9.3/bin/../lib/gcc/arm-none-eabi/4.9.3/../../../../arm-none-eabi/lib/armv7-m\libg_nano.a(lib_a-mprec.o)
                0x00022240                __d2b
 .text._calloc_r
                0x000222e4       0x1c c:/program files (x86)/cypress/psoc creator/3.3/psoc creator/import/gnu/arm/4.9.3/bin/../lib/gcc/arm-none-eabi/4.9.3/../../../../arm-none-eabi/lib/armv7-m\libg_nano.a(lib_a-nano-callocr.o)
                0x000222e4                _calloc_r
 .text._malloc_r
                0x00022300       0xac c:/program files (x86)/cypress/psoc creator/3.3/psoc creator/import/gnu/arm/4.9.3/bin/../lib/gcc/arm-none-eabi/4.9.3/../../../../arm-none-eabi/lib/armv7-m\libg_nano.a(lib_a-nano-mallocr.o)
                0x00022300                _malloc_r
 .text._sbrk_r  0x000223ac       0x20 c:/program files (x86)/cypress/psoc creator/3.3/psoc creator/import/gnu/arm/4.9.3/bin/../lib/gcc/arm-none-eabi/4.9.3/../../../../arm-none-eabi/lib/armv7-m\libg_nano.a(lib_a-sbrkr.o)
                0x000223ac                _sbrk_r
 .text          0x000223cc       0x50 c:/program files (x86)/cypress/psoc creator/3.3/psoc creator/import/gnu/arm/4.9.3/bin/../lib/gcc/arm-none-eabi/4.9.3/armv7-m\libgcc.a(_arm_fixdfsi.o)
                0x000223cc                __aeabi_d2iz
                0x000223cc                __fixdfsi
 *(.plt)
 *(.gnu.warning)
 *(.glue_7t)
 .glue_7t       0x00000000        0x0 linker stubs
 *(.glue_7)
 .glue_7        0x00000000        0x0 linker stubs
 *(.vfp11_veneer)
 .vfp11_veneer  0x00000000        0x0 linker stubs
 *(.bootloader)
 *(.ARM.extab* .gnu.linkonce.armextab.*)
 *(.gcc_except_table)

.v4_bx          0x0002241c        0x0
 .v4_bx         0x00000000        0x0 linker stubs

.iplt           0x0002241c        0x0
 .iplt          0x00000000        0x0 c:/program files (x86)/cypress/psoc creator/3.3/psoc creator/import/gnu/arm/4.9.3/bin/../lib/gcc/arm-none-eabi/4.9.3/armv7-m/crtbegin.o

.eh_frame_hdr
 *(.eh_frame_hdr)

.eh_frame       0x0002241c        0x4
 *(.eh_frame)
 .eh_frame      0x0002241c        0x0 c:/program files (x86)/cypress/psoc creator/3.3/psoc creator/import/gnu/arm/4.9.3/bin/../lib/gcc/arm-none-eabi/4.9.3/armv7-m/crtbegin.o
 .eh_frame      0x0002241c        0x0 c:/program files (x86)/cypress/psoc creator/3.3/psoc creator/import/gnu/arm/4.9.3/bin/../lib/gcc/arm-none-eabi/4.9.3/../../../../arm-none-eabi/lib/armv7-m\libg_nano.a(lib_a-strcmp.o)
                                 0x28 (size before relaxing)
 .eh_frame      0x0002241c        0x4 c:/program files (x86)/cypress/psoc creator/3.3/psoc creator/import/gnu/arm/4.9.3/bin/../lib/gcc/arm-none-eabi/4.9.3/armv7-m/crtend.o
                0x00022420                PROVIDE (__exidx_start, .)

.ARM.exidx
 *(.ARM.exidx* .gnu.linkonce.armexidx.*)
                0x00022420                __exidx_end = .

.rodata         0x00022420      0x298
 *(.rodata .rodata.* .gnu.linkonce.r.*)
 .rodata        0x00022420       0x34 .\CortexM3\ARM_GCC_493\Debug\LCD.o
 .rodata        0x00022454       0x1c .\CortexM3\ARM_GCC_493\Debug\protocol.o
 .rodata        0x00022470        0xc .\CortexM3\ARM_GCC_493\Debug\operations.o
 .rodata        0x0002247c       0x90 .\CortexM3\ARM_GCC_493\Debug\MuxAdvance.a(cyfitter_cfg.o)
 .rodata.str1.4
                0x0002250c        0x4 c:/program files (x86)/cypress/psoc creator/3.3/psoc creator/import/gnu/arm/4.9.3/bin/../lib/gcc/arm-none-eabi/4.9.3/../../../../arm-none-eabi/lib/armv7-m\libm.a(lib_a-w_pow.o)
 .rodata.dp_h   0x00022510       0x10 c:/program files (x86)/cypress/psoc creator/3.3/psoc creator/import/gnu/arm/4.9.3/bin/../lib/gcc/arm-none-eabi/4.9.3/../../../../arm-none-eabi/lib/armv7-m\libm.a(lib_a-e_pow.o)
 .rodata.dp_l   0x00022520       0x10 c:/program files (x86)/cypress/psoc creator/3.3/psoc creator/import/gnu/arm/4.9.3/bin/../lib/gcc/arm-none-eabi/4.9.3/../../../../arm-none-eabi/lib/armv7-m\libm.a(lib_a-e_pow.o)
 .rodata.bp     0x00022530       0x10 c:/program files (x86)/cypress/psoc creator/3.3/psoc creator/import/gnu/arm/4.9.3/bin/../lib/gcc/arm-none-eabi/4.9.3/../../../../arm-none-eabi/lib/armv7-m\libm.a(lib_a-e_pow.o)
 .rodata.str1.4
                0x00022540        0x4 c:/program files (x86)/cypress/psoc creator/3.3/psoc creator/import/gnu/arm/4.9.3/bin/../lib/gcc/arm-none-eabi/4.9.3/../../../../arm-none-eabi/lib/armv7-m\libm.a(lib_a-e_pow.o)
 *fill*         0x00022544        0x4 
 .rodata.TWO52  0x00022548       0x10 c:/program files (x86)/cypress/psoc creator/3.3/psoc creator/import/gnu/arm/4.9.3/bin/../lib/gcc/arm-none-eabi/4.9.3/../../../../arm-none-eabi/lib/armv7-m\libm.a(lib_a-s_rint.o)
 .rodata.str1.1
                0x00022558        0x2 c:/program files (x86)/cypress/psoc creator/3.3/psoc creator/import/gnu/arm/4.9.3/bin/../lib/gcc/arm-none-eabi/4.9.3/../../../../arm-none-eabi/lib/armv7-m\libg_nano.a(lib_a-impure.o)
 .rodata.str1.1
                0x0002255a       0x12 c:/program files (x86)/cypress/psoc creator/3.3/psoc creator/import/gnu/arm/4.9.3/bin/../lib/gcc/arm-none-eabi/4.9.3/../../../../arm-none-eabi/lib/armv7-m\libg_nano.a(lib_a-nano-vfprintf_float.o)
 .rodata.str1.1
                0x0002256c        0xd c:/program files (x86)/cypress/psoc creator/3.3/psoc creator/import/gnu/arm/4.9.3/bin/../lib/gcc/arm-none-eabi/4.9.3/../../../../arm-none-eabi/lib/armv7-m\libg_nano.a(lib_a-dtoa.o)
                                  0xf (size before relaxing)
 .rodata.str1.1
                0x00022579        0x8 c:/program files (x86)/cypress/psoc creator/3.3/psoc creator/import/gnu/arm/4.9.3/bin/../lib/gcc/arm-none-eabi/4.9.3/../../../../arm-none-eabi/lib/armv7-m\libg_nano.a(lib_a-locale.o)
                                  0xb (size before relaxing)
 *fill*         0x00022581        0x7 
 .rodata.__mprec_tens
                0x00022588       0xc8 c:/program files (x86)/cypress/psoc creator/3.3/psoc creator/import/gnu/arm/4.9.3/bin/../lib/gcc/arm-none-eabi/4.9.3/../../../../arm-none-eabi/lib/armv7-m\libg_nano.a(lib_a-mprec.o)
                0x00022588                __mprec_tens
 .rodata.__mprec_bigtens
                0x00022650       0x28 c:/program files (x86)/cypress/psoc creator/3.3/psoc creator/import/gnu/arm/4.9.3/bin/../lib/gcc/arm-none-eabi/4.9.3/../../../../arm-none-eabi/lib/armv7-m\libg_nano.a(lib_a-mprec.o)
                0x00022650                __mprec_bigtens
 .rodata.p05.5308
                0x00022678        0xc c:/program files (x86)/cypress/psoc creator/3.3/psoc creator/import/gnu/arm/4.9.3/bin/../lib/gcc/arm-none-eabi/4.9.3/../../../../arm-none-eabi/lib/armv7-m\libg_nano.a(lib_a-mprec.o)
                0x00022684                . = ALIGN (0x4)
 *(.init)
 .init          0x00022684        0x4 c:/program files (x86)/cypress/psoc creator/3.3/psoc creator/import/gnu/arm/4.9.3/bin/../lib/gcc/arm-none-eabi/4.9.3/armv7-m/crti.o
                0x00022684                _init
 .init          0x00022688        0x8 c:/program files (x86)/cypress/psoc creator/3.3/psoc creator/import/gnu/arm/4.9.3/bin/../lib/gcc/arm-none-eabi/4.9.3/armv7-m/crtn.o
                0x00022690                . = ALIGN (0x4)
                0x00022690                __preinit_array_start = .
 *(.preinit_array)
                0x00022690                __preinit_array_end = .
                0x00022690                . = ALIGN (0x4)
                0x00022690                __init_array_start = .
 *(SORT(.init_array.*))
 *(.init_array)
 .init_array    0x00022690        0x4 c:/program files (x86)/cypress/psoc creator/3.3/psoc creator/import/gnu/arm/4.9.3/bin/../lib/gcc/arm-none-eabi/4.9.3/armv7-m/crtbegin.o
 .init_array    0x00022694        0x4 .\CortexM3\ARM_GCC_493\Debug\Cm3Start.o
                0x00022698                __init_array_end = .
                0x00022698                . = ALIGN (0x4)
 *(.fini)
 .fini          0x00022698        0x4 c:/program files (x86)/cypress/psoc creator/3.3/psoc creator/import/gnu/arm/4.9.3/bin/../lib/gcc/arm-none-eabi/4.9.3/armv7-m/crti.o
                0x00022698                _fini
 .fini          0x0002269c        0x8 c:/program files (x86)/cypress/psoc creator/3.3/psoc creator/import/gnu/arm/4.9.3/bin/../lib/gcc/arm-none-eabi/4.9.3/armv7-m/crtn.o
                0x000226a4                . = ALIGN (0x4)
                0x000226a4                __fini_array_start = .
 *(.fini_array)
 .fini_array    0x000226a4        0x4 c:/program files (x86)/cypress/psoc creator/3.3/psoc creator/import/gnu/arm/4.9.3/bin/../lib/gcc/arm-none-eabi/4.9.3/armv7-m/crtbegin.o
 *(SORT(.fini_array.*))
                0x000226a8                __fini_array_end = .
                0x000226a8                . = ALIGN (0x4)
 *crtbegin.o(.ctors)
 *(EXCLUDE_FILE(*crtend.o) .ctors)
 *(SORT(.ctors.*))
 *crtend.o(.ctors)
                0x000226a8                . = ALIGN (0x4)
 *crtbegin.o(.dtors)
 *(EXCLUDE_FILE(*crtend.o) .dtors)
 *(SORT(.dtors.*))
 *crtend.o(.dtors)
                0x000226a8                . = ALIGN (0x4)
                0x000226a8                __cy_regions = .
                0x000226a8        0x4 LONG 0x226b8 __cy_region_init_ram
                0x000226ac        0x4 LONG 0x1fff8108 __cy_region_start_data
                0x000226b0        0x4 LONG 0xd0 __cy_region_init_size_ram
                0x000226b4        0x4 LONG 0x1560 __cy_region_zero_size_ram
                0x000226b8                __cy_regions_end = .
                0x000226b8                . = ALIGN (0x8)
                0x000226b8                _etext = .

.ramvectors     0x1fff8000      0x100
                0x1fff8000                __cy_region_start_ram = .
 *(.ramvectors)
 .ramvectors    0x1fff8000      0x100 .\CortexM3\ARM_GCC_493\Debug\Cm3Start.o
                0x1fff8000                CyRamVectors

.noinit         0x1fff8100        0x5
 *(.noinit)
 .noinit        0x1fff8100        0x4 .\CortexM3\ARM_GCC_493\Debug\Cm3Start.o
 .noinit        0x1fff8104        0x1 .\CortexM3\ARM_GCC_493\Debug\MuxAdvance.a(CyLib.o)
                0x1fff8104                CyResetStatus

.data           0x1fff8108       0xd0 load address 0x000226b8
                0x1fff8108                __cy_region_start_data = .
 *(.jcr)
 .jcr           0x1fff8108        0x0 c:/program files (x86)/cypress/psoc creator/3.3/psoc creator/import/gnu/arm/4.9.3/bin/../lib/gcc/arm-none-eabi/4.9.3/armv7-m/crtbegin.o
 .jcr           0x1fff8108        0x4 c:/program files (x86)/cypress/psoc creator/3.3/psoc creator/import/gnu/arm/4.9.3/bin/../lib/gcc/arm-none-eabi/4.9.3/armv7-m/crtend.o
 *(.got.plt)
 *(.got)
 *(.shdata)
 *(.data .data.* .gnu.linkonce.d.*)
 .data          0x1fff810c       0x14 .\CortexM3\ARM_GCC_493\Debug\main.o
                0x1fff810c                version
                0x1fff8118                passwordPump
 .data          0x1fff8120        0x4 .\CortexM3\ARM_GCC_493\Debug\Cm3Start.o
 .data          0x1fff8124       0x10 .\CortexM3\ARM_GCC_493\Debug\MuxAdvance.a(CyLib.o)
                0x1fff8124                cydelay_freq_hz
                0x1fff8128                cydelay_freq_khz
                0x1fff812c                cydelay_freq_mhz
                0x1fff8130                cydelay_32k_ms
 .data.__fdlib_version
                0x1fff8134        0x1 c:/program files (x86)/cypress/psoc creator/3.3/psoc creator/import/gnu/arm/4.9.3/bin/../lib/gcc/arm-none-eabi/4.9.3/../../../../arm-none-eabi/lib/armv7-m\libm.a(lib_a-s_lib_ver.o)
                0x1fff8134                __fdlib_version
 *fill*         0x1fff8135        0x3 
 .data.impure_data
                0x1fff8138       0x60 c:/program files (x86)/cypress/psoc creator/3.3/psoc creator/import/gnu/arm/4.9.3/bin/../lib/gcc/arm-none-eabi/4.9.3/../../../../arm-none-eabi/lib/armv7-m\libg_nano.a(lib_a-impure.o)
 .data._impure_ptr
                0x1fff8198        0x4 c:/program files (x86)/cypress/psoc creator/3.3/psoc creator/import/gnu/arm/4.9.3/bin/../lib/gcc/arm-none-eabi/4.9.3/../../../../arm-none-eabi/lib/armv7-m\libg_nano.a(lib_a-impure.o)
                0x1fff8198                _impure_ptr
 .data.lconv    0x1fff819c       0x38 c:/program files (x86)/cypress/psoc creator/3.3/psoc creator/import/gnu/arm/4.9.3/bin/../lib/gcc/arm-none-eabi/4.9.3/../../../../arm-none-eabi/lib/armv7-m\libg_nano.a(lib_a-locale.o)
                0x1fff81d8                . = ALIGN (0x8)
 *fill*         0x1fff81d4        0x4 
 *(.ram)
                0x1fff81d8                _edata = .

.igot.plt       0x1fff81d8        0x0 load address 0x00022788
 .igot.plt      0x00000000        0x0 c:/program files (x86)/cypress/psoc creator/3.3/psoc creator/import/gnu/arm/4.9.3/bin/../lib/gcc/arm-none-eabi/4.9.3/armv7-m/crtbegin.o

.bss            0x1fff81d8     0x1560 load address 0x00022788
                0x1fff81d8                PROVIDE (__bss_start__, .)
 *(.shbss)
 *(.bss .bss.* .gnu.linkonce.b.*)
 .bss           0x1fff81d8       0x1c c:/program files (x86)/cypress/psoc creator/3.3/psoc creator/import/gnu/arm/4.9.3/bin/../lib/gcc/arm-none-eabi/4.9.3/armv7-m/crtbegin.o
 .bss           0x1fff81f4        0x1 .\CortexM3\ARM_GCC_493\Debug\MuxAdvance.a(I2C_1.o)
                0x1fff81f4                I2C_1_initVar
 .bss           0x1fff81f5        0x1 .\CortexM3\ARM_GCC_493\Debug\MuxAdvance.a(Waitable_2.o)
                0x1fff81f5                Waitable_2_initVar
 .bss           0x1fff81f6        0x1 .\CortexM3\ARM_GCC_493\Debug\MuxAdvance.a(Waitable_3.o)
                0x1fff81f6                Waitable_3_initVar
 .bss           0x1fff81f7        0x1 .\CortexM3\ARM_GCC_493\Debug\MuxAdvance.a(Waitable_1.o)
                0x1fff81f7                Waitable_1_initVar
 .bss           0x1fff81f8        0x1 .\CortexM3\ARM_GCC_493\Debug\MuxAdvance.a(Waitable_4.o)
                0x1fff81f8                Waitable_4_initVar
 *fill*         0x1fff81f9        0x1 
 .bss           0x1fff81fa        0xa .\CortexM3\ARM_GCC_493\Debug\MuxAdvance.a(Beagle.o)
                0x1fff81fa                Beagle_initVar
                0x1fff81fc                Beagle_rxBufferRead
                0x1fff81fe                Beagle_rxBufferWrite
                0x1fff8200                Beagle_rxBufferLoopDetect
                0x1fff8201                Beagle_rxBufferOverflow
 .bss           0x1fff8204        0x6 .\CortexM3\ARM_GCC_493\Debug\MuxAdvance.a(LCD2.o)
                0x1fff8204                LCD2_initVar
                0x1fff8205                LCD2_rxBufferRead
                0x1fff8206                LCD2_rxBufferWrite
                0x1fff8207                LCD2_rxBufferLoopDetect
                0x1fff8208                LCD2_rxBufferOverflow
 .bss           0x1fff820a        0x6 .\CortexM3\ARM_GCC_493\Debug\MuxAdvance.a(LCD1.o)
                0x1fff820a                LCD1_initVar
                0x1fff820b                LCD1_rxBufferRead
                0x1fff820c                LCD1_rxBufferWrite
                0x1fff820d                LCD1_rxBufferLoopDetect
                0x1fff820e                LCD1_rxBufferOverflow
 .bss           0x1fff8210        0xa .\CortexM3\ARM_GCC_493\Debug\MuxAdvance.a(Pump_AL.o)
                0x1fff8210                Pump_AL_initVar
                0x1fff8212                Pump_AL_rxBufferRead
                0x1fff8214                Pump_AL_rxBufferWrite
                0x1fff8216                Pump_AL_rxBufferLoopDetect
                0x1fff8217                Pump_AL_rxBufferOverflow
 .bss           0x1fff821a        0xa .\CortexM3\ARM_GCC_493\Debug\MuxAdvance.a(Tag.o)
                0x1fff821a                Tag_initVar
                0x1fff821c                Tag_rxBufferRead
                0x1fff821e                Tag_rxBufferWrite
                0x1fff8220                Tag_rxBufferLoopDetect
                0x1fff8221                Tag_rxBufferOverflow
 .bss           0x1fff8224        0xa .\CortexM3\ARM_GCC_493\Debug\MuxAdvance.a(Code_Bar.o)
                0x1fff8224                Code_Bar_initVar
                0x1fff8226                Code_Bar_rxBufferRead
                0x1fff8228                Code_Bar_rxBufferWrite
                0x1fff822a                Code_Bar_rxBufferLoopDetect
                0x1fff822b                Code_Bar_rxBufferOverflow
 *fill*         0x1fff822e        0x2 
 .bss           0x1fff8230        0x8 .\CortexM3\ARM_GCC_493\Debug\MuxAdvance.a(CySpc.o)
                0x1fff8230                SpcLockState
 .bss.__malloc_sbrk_start
                0x1fff8238        0x4 c:/program files (x86)/cypress/psoc creator/3.3/psoc creator/import/gnu/arm/4.9.3/bin/../lib/gcc/arm-none-eabi/4.9.3/../../../../arm-none-eabi/lib/armv7-m\libg_nano.a(lib_a-nano-mallocr.o)
                0x1fff8238                __malloc_sbrk_start
 .bss.__malloc_free_list
                0x1fff823c        0x4 c:/program files (x86)/cypress/psoc creator/3.3/psoc creator/import/gnu/arm/4.9.3/bin/../lib/gcc/arm-none-eabi/4.9.3/../../../../arm-none-eabi/lib/armv7-m\libg_nano.a(lib_a-nano-mallocr.o)
                0x1fff823c                __malloc_free_list
 *(COMMON)
 COMMON         0x1fff8240      0xbe8 .\CortexM3\ARM_GCC_493\Debug\I2C.o
                0x1fff8240                bufferLCD2
                0x1fff84d8                idSeller
                0x1fff84f4                delayPicture2
                0x1fff84f8                side
                0x1fff86f8                flagPoint2
                0x1fff86f9                decimalVolume
                0x1fff86fc                screen
                0x1fff8700                countAnimation1
                0x1fff8708                turn
                0x1fff870c                button
                0x1fff8acc                residue
                0x1fff8ada                flagResetMux
                0x1fff8adc                passwordSeller
                0x1fff8ae4                presetFast
                0x1fff8b02                lockTurn
                0x1fff8b03                productNumber
                0x1fff8b04                symbols
                0x1fff8b06                digits
                0x1fff8b07                numberKeys1
                0x1fff8b08                ipAdress
                0x1fff8b18                countAnimation2
                0x1fff8b20                countBeagleTX
                0x1fff8b28                ppux10
                0x1fff8b2c                time
                0x1fff8b2f                flagPoint1
                0x1fff8b30                bufferLCD1
                0x1fff8dc8                flowLCD1
                0x1fff8dcc                temporal
                0x1fff8dea                numberKeys2
                0x1fff8dec                delayPicture1
                0x1fff8df0                date
                0x1fff8df8                countPump
                0x1fff8e00                flowLCD2
                0x1fff8e04                stateBeagleSoft
                0x1fff8e08                temporalCom
                0x1fff8e26                decimalMoney
                0x1fff8e27                typeIdSeller
 COMMON         0x1fff8e28        0x1 .\CortexM3\ARM_GCC_493\Debug\MuxAdvance.a(I2C_1.o)
                0x1fff8e28                I2C_1_state
 *fill*         0x1fff8e29        0x3 
 COMMON         0x1fff8e2c       0x11 .\CortexM3\ARM_GCC_493\Debug\MuxAdvance.a(I2C_1_MASTER.o)
                0x1fff8e2c                I2C_1_mstrWrBufIndex
                0x1fff8e2d                I2C_1_mstrControl
                0x1fff8e2e                I2C_1_mstrStatus
                0x1fff8e2f                I2C_1_mstrWrBufSize
                0x1fff8e30                I2C_1_mstrRdBufIndex
                0x1fff8e34                I2C_1_mstrWrBufPtr
                0x1fff8e38                I2C_1_mstrRdBufPtr
                0x1fff8e3c                I2C_1_mstrRdBufSize
 *fill*         0x1fff8e3d        0x3 
 COMMON         0x1fff8e40      0x5dc .\CortexM3\ARM_GCC_493\Debug\MuxAdvance.a(Beagle.o)
                0x1fff8e40                Beagle_rxBuffer
 COMMON         0x1fff941c        0x8 .\CortexM3\ARM_GCC_493\Debug\MuxAdvance.a(LCD2.o)
                0x1fff941c                LCD2_rxBuffer
 COMMON         0x1fff9424        0x8 .\CortexM3\ARM_GCC_493\Debug\MuxAdvance.a(LCD1.o)
                0x1fff9424                LCD1_rxBuffer
 COMMON         0x1fff942c      0x100 .\CortexM3\ARM_GCC_493\Debug\MuxAdvance.a(Pump_AL.o)
                0x1fff942c                Pump_AL_rxBuffer
 COMMON         0x1fff952c      0x100 .\CortexM3\ARM_GCC_493\Debug\MuxAdvance.a(Tag.o)
                0x1fff952c                Tag_rxBuffer
 COMMON         0x1fff962c      0x100 .\CortexM3\ARM_GCC_493\Debug\MuxAdvance.a(Code_Bar.o)
                0x1fff962c                Code_Bar_rxBuffer
 COMMON         0x1fff972c        0x2 .\CortexM3\ARM_GCC_493\Debug\MuxAdvance.a(CyFlash.o)
                0x1fff972c                dieTemperature
 *fill*         0x1fff972e        0x2 
 COMMON         0x1fff9730        0x4 c:/program files (x86)/cypress/psoc creator/3.3/psoc creator/import/gnu/arm/4.9.3/bin/../lib/gcc/arm-none-eabi/4.9.3/../../../../arm-none-eabi/lib/armv7-m\libg_nano.a(lib_a-reent.o)
                0x1fff9730                errno
                0x1fff9738                . = ALIGN (0x8)
 *fill*         0x1fff9734        0x4 
 *(.ram.b)
                0x1fff9738                _end = .
                0x1fff9738                __end = .
                0x1fff9738                PROVIDE (end, .)
                0x1fff9738                PROVIDE (__bss_end__, .)
                0x000226b8                __cy_region_init_ram = LOADADDR (.data)
                0x000000d0                __cy_region_init_size_ram = (_edata - ADDR (.data))
                0x00001560                __cy_region_zero_size_ram = (_end - _edata)

.heap           0x1fff9738     0x2000 load address 0x00022788
                0x1fff9738                . = _end
                0x1fffb738                . = (. + 0x2000)
 *fill*         0x1fff9738     0x2000 
                0x1fffb738                __cy_heap_limit = .

.stack          0x20004000     0x4000
                0x20004000                __cy_stack_limit = .
                0x20008000                . = (. + 0x4000)
 *fill*         0x20004000     0x4000 
                0x00000001                ASSERT ((__cy_stack_limit >= __cy_heap_limit), region RAM overflowed with stack)

.cyloadermeta
 *(.cyloadermeta)

.cyloadablemeta
 *(.cyloadablemeta)

.cyconfigecc    0x80000000     0x130c
 *(.cyconfigecc)
 .cyconfigecc   0x80000000     0x130c .\CortexM3\ARM_GCC_493\Debug\cymetadata.o
                0x80000000                cy_meta_configecc

.cycustnvl      0x90000000        0x4
 *(.cycustnvl)
 .cycustnvl     0x90000000        0x4 .\CortexM3\ARM_GCC_493\Debug\cymetadata.o
                0x90000000                cy_meta_custnvl

.cywolatch      0x90100000        0x4
 *(.cywolatch)
 .cywolatch     0x90100000        0x4 .\CortexM3\ARM_GCC_493\Debug\cymetadata.o
                0x90100000                cy_meta_wonvl

.cyeeprom       0x90200000        0x0
 *(.cyeeprom)
                0x00000001                ASSERT ((. <= ((0x90200000 + ee_offset) + ee_size)), .cyeeprom data will not fit in EEPROM)

.cyflashprotect
                0x90400000      0x100
 *(.cyflashprotect)
 .cyflashprotect
                0x90400000      0x100 .\CortexM3\ARM_GCC_493\Debug\cymetadata.o
                0x90400000                cy_meta_flashprotect

.cymeta         0x90500000        0xc
 *(.cymeta)
 .cymeta        0x90500000        0xc .\CortexM3\ARM_GCC_493\Debug\cymetadata.o
                0x90500000                cy_metadata

.rel.dyn        0x00022788        0x0 load address 0x9050000c
 .rel.iplt      0x00000000        0x0 c:/program files (x86)/cypress/psoc creator/3.3/psoc creator/import/gnu/arm/4.9.3/bin/../lib/gcc/arm-none-eabi/4.9.3/armv7-m/crtbegin.o

.stab
 *(.stab)

.stabstr
 *(.stabstr)

.debug
 *(.debug)

.line
 *(.line)

.debug_srcinfo
 *(.debug_srcinfo)

.debug_sfnames
 *(.debug_sfnames)

.debug_aranges  0x00000000     0x1660
 *(.debug_aranges)
 .debug_aranges
                0x00000000       0x38 .\CortexM3\ARM_GCC_493\Debug\ibuton.o
 .debug_aranges
                0x00000038       0x38 .\CortexM3\ARM_GCC_493\Debug\I2C.o
 .debug_aranges
                0x00000070       0x80 .\CortexM3\ARM_GCC_493\Debug\main.o
 .debug_aranges
                0x000000f0       0x50 .\CortexM3\ARM_GCC_493\Debug\LCD.o
 .debug_aranges
                0x00000140       0x20 .\CortexM3\ARM_GCC_493\Debug\keyboard.o
 .debug_aranges
                0x00000160       0x50 .\CortexM3\ARM_GCC_493\Debug\protocol.o
 .debug_aranges
                0x000001b0       0x40 .\CortexM3\ARM_GCC_493\Debug\operations.o
 .debug_aranges
                0x000001f0       0x20 .\CortexM3\ARM_GCC_493\Debug\codebar.o
 .debug_aranges
                0x00000210       0x20 .\CortexM3\ARM_GCC_493\Debug\codetag.o
 .debug_aranges
                0x00000230       0x30 .\CortexM3\ARM_GCC_493\Debug\memoryEP.o
 .debug_aranges
                0x00000260       0x48 .\CortexM3\ARM_GCC_493\Debug\Cm3Start.o
 .debug_aranges
                0x000002a8       0x18 .\CortexM3\ARM_GCC_493\Debug\cymetadata.o
 .debug_aranges
                0x000002c0       0x60 .\CortexM3\ARM_GCC_493\Debug\MuxAdvance.a(cyfitter_cfg.o)
 .debug_aranges
                0x00000320       0x20 .\CortexM3\ARM_GCC_493\Debug\MuxAdvance.a(CyBootAsmGnu.o)
 .debug_aranges
                0x00000340      0x290 .\CortexM3\ARM_GCC_493\Debug\MuxAdvance.a(CyLib.o)
 .debug_aranges
                0x000005d0       0x90 .\CortexM3\ARM_GCC_493\Debug\MuxAdvance.a(cyPm.o)
 .debug_aranges
                0x00000660       0x38 .\CortexM3\ARM_GCC_493\Debug\MuxAdvance.a(I2C_1.o)
 .debug_aranges
                0x00000698       0x20 .\CortexM3\ARM_GCC_493\Debug\MuxAdvance.a(I2C_1_INT.o)
 .debug_aranges
                0x000006b8       0x38 .\CortexM3\ARM_GCC_493\Debug\MuxAdvance.a(I2C_1_PM.o)
 .debug_aranges
                0x000006f0       0x80 .\CortexM3\ARM_GCC_493\Debug\MuxAdvance.a(I2C_1_MASTER.o)
 .debug_aranges
                0x00000770       0x80 .\CortexM3\ARM_GCC_493\Debug\MuxAdvance.a(isr_1.o)
 .debug_aranges
                0x000007f0       0x80 .\CortexM3\ARM_GCC_493\Debug\MuxAdvance.a(isr_2.o)
 .debug_aranges
                0x00000870       0x38 .\CortexM3\ARM_GCC_493\Debug\MuxAdvance.a(IB1.o)
 .debug_aranges
                0x000008a8       0x38 .\CortexM3\ARM_GCC_493\Debug\MuxAdvance.a(IB2.o)
 .debug_aranges
                0x000008e0       0x80 .\CortexM3\ARM_GCC_493\Debug\MuxAdvance.a(isr_3.o)
 .debug_aranges
                0x00000960       0x80 .\CortexM3\ARM_GCC_493\Debug\MuxAdvance.a(isr_4.o)
 .debug_aranges
                0x000009e0       0x88 .\CortexM3\ARM_GCC_493\Debug\MuxAdvance.a(Waitable_2.o)
 .debug_aranges
                0x00000a68       0x88 .\CortexM3\ARM_GCC_493\Debug\MuxAdvance.a(Waitable_3.o)
 .debug_aranges
                0x00000af0       0x88 .\CortexM3\ARM_GCC_493\Debug\MuxAdvance.a(Waitable_1.o)
 .debug_aranges
                0x00000b78       0x88 .\CortexM3\ARM_GCC_493\Debug\MuxAdvance.a(Waitable_4.o)
 .debug_aranges
                0x00000c00      0x100 .\CortexM3\ARM_GCC_493\Debug\MuxAdvance.a(Beagle.o)
 .debug_aranges
                0x00000d00       0x20 .\CortexM3\ARM_GCC_493\Debug\MuxAdvance.a(Beagle_INT.o)
 .debug_aranges
                0x00000d20       0x70 .\CortexM3\ARM_GCC_493\Debug\MuxAdvance.a(Beagle_IntClock.o)
 .debug_aranges
                0x00000d90       0x78 .\CortexM3\ARM_GCC_493\Debug\MuxAdvance.a(EEPROM_1.o)
 .debug_aranges
                0x00000e08      0x100 .\CortexM3\ARM_GCC_493\Debug\MuxAdvance.a(LCD2.o)
 .debug_aranges
                0x00000f08       0x20 .\CortexM3\ARM_GCC_493\Debug\MuxAdvance.a(LCD2_INT.o)
 .debug_aranges
                0x00000f28       0x70 .\CortexM3\ARM_GCC_493\Debug\MuxAdvance.a(LCD2_IntClock.o)
 .debug_aranges
                0x00000f98      0x100 .\CortexM3\ARM_GCC_493\Debug\MuxAdvance.a(LCD1.o)
 .debug_aranges
                0x00001098       0x20 .\CortexM3\ARM_GCC_493\Debug\MuxAdvance.a(LCD1_INT.o)
 .debug_aranges
                0x000010b8       0x70 .\CortexM3\ARM_GCC_493\Debug\MuxAdvance.a(LCD1_IntClock.o)
 .debug_aranges
                0x00001128      0x100 .\CortexM3\ARM_GCC_493\Debug\MuxAdvance.a(Pump_AL.o)
 .debug_aranges
                0x00001228       0x20 .\CortexM3\ARM_GCC_493\Debug\MuxAdvance.a(Pump_AL_INT.o)
 .debug_aranges
                0x00001248      0x100 .\CortexM3\ARM_GCC_493\Debug\MuxAdvance.a(Tag.o)
 .debug_aranges
                0x00001348       0x20 .\CortexM3\ARM_GCC_493\Debug\MuxAdvance.a(Tag_INT.o)
 .debug_aranges
                0x00001368       0x70 .\CortexM3\ARM_GCC_493\Debug\MuxAdvance.a(Tag_IntClock.o)
 .debug_aranges
                0x000013d8      0x100 .\CortexM3\ARM_GCC_493\Debug\MuxAdvance.a(Code_Bar.o)
 .debug_aranges
                0x000014d8       0x20 .\CortexM3\ARM_GCC_493\Debug\MuxAdvance.a(Code_Bar_INT.o)
 .debug_aranges
                0x000014f8       0x70 .\CortexM3\ARM_GCC_493\Debug\MuxAdvance.a(Code_Bar_IntClock.o)
 .debug_aranges
                0x00001568       0x80 .\CortexM3\ARM_GCC_493\Debug\MuxAdvance.a(CyFlash.o)
 .debug_aranges
                0x000015e8       0x78 .\CortexM3\ARM_GCC_493\Debug\MuxAdvance.a(CySpc.o)

.debug_pubnames
 *(.debug_pubnames)

.debug_info     0x00000000     0xd254
 *(.debug_info .gnu.linkonce.wi.*)
 .debug_info    0x00000000      0x1c1 .\CortexM3\ARM_GCC_493\Debug\ibuton.o
 .debug_info    0x000001c1      0x8ee .\CortexM3\ARM_GCC_493\Debug\I2C.o
 .debug_info    0x00000aaf      0xb27 .\CortexM3\ARM_GCC_493\Debug\main.o
 .debug_info    0x000015d6      0xab4 .\CortexM3\ARM_GCC_493\Debug\LCD.o
 .debug_info    0x0000208a      0x868 .\CortexM3\ARM_GCC_493\Debug\keyboard.o
 .debug_info    0x000028f2      0xabe .\CortexM3\ARM_GCC_493\Debug\protocol.o
 .debug_info    0x000033b0      0xaf1 .\CortexM3\ARM_GCC_493\Debug\operations.o
 .debug_info    0x00003ea1      0x82a .\CortexM3\ARM_GCC_493\Debug\codebar.o
 .debug_info    0x000046cb      0x862 .\CortexM3\ARM_GCC_493\Debug\codetag.o
 .debug_info    0x00004f2d      0x8d9 .\CortexM3\ARM_GCC_493\Debug\memoryEP.o
 .debug_info    0x00005806      0x323 .\CortexM3\ARM_GCC_493\Debug\Cm3Start.o
 .debug_info    0x00005b29      0x13e .\CortexM3\ARM_GCC_493\Debug\cymetadata.o
 .debug_info    0x00005c67      0x448 .\CortexM3\ARM_GCC_493\Debug\MuxAdvance.a(cyfitter_cfg.o)
 .debug_info    0x000060af       0xa2 .\CortexM3\ARM_GCC_493\Debug\MuxAdvance.a(CyBootAsmGnu.o)
 .debug_info    0x00006151      0xd85 .\CortexM3\ARM_GCC_493\Debug\MuxAdvance.a(CyLib.o)
 .debug_info    0x00006ed6      0x536 .\CortexM3\ARM_GCC_493\Debug\MuxAdvance.a(cyPm.o)
 .debug_info    0x0000740c      0x1f7 .\CortexM3\ARM_GCC_493\Debug\MuxAdvance.a(I2C_1.o)
 .debug_info    0x00007603      0x14d .\CortexM3\ARM_GCC_493\Debug\MuxAdvance.a(I2C_1_INT.o)
 .debug_info    0x00007750      0x190 .\CortexM3\ARM_GCC_493\Debug\MuxAdvance.a(I2C_1_PM.o)
 .debug_info    0x000078e0      0x3ef .\CortexM3\ARM_GCC_493\Debug\MuxAdvance.a(I2C_1_MASTER.o)
 .debug_info    0x00007ccf      0x238 .\CortexM3\ARM_GCC_493\Debug\MuxAdvance.a(isr_1.o)
 .debug_info    0x00007f07      0x238 .\CortexM3\ARM_GCC_493\Debug\MuxAdvance.a(isr_2.o)
 .debug_info    0x0000813f      0x11d .\CortexM3\ARM_GCC_493\Debug\MuxAdvance.a(IB1.o)
 .debug_info    0x0000825c      0x11d .\CortexM3\ARM_GCC_493\Debug\MuxAdvance.a(IB2.o)
 .debug_info    0x00008379      0x238 .\CortexM3\ARM_GCC_493\Debug\MuxAdvance.a(isr_3.o)
 .debug_info    0x000085b1      0x238 .\CortexM3\ARM_GCC_493\Debug\MuxAdvance.a(isr_4.o)
 .debug_info    0x000087e9      0x23c .\CortexM3\ARM_GCC_493\Debug\MuxAdvance.a(Waitable_2.o)
 .debug_info    0x00008a25      0x23c .\CortexM3\ARM_GCC_493\Debug\MuxAdvance.a(Waitable_3.o)
 .debug_info    0x00008c61      0x23c .\CortexM3\ARM_GCC_493\Debug\MuxAdvance.a(Waitable_1.o)
 .debug_info    0x00008e9d      0x23c .\CortexM3\ARM_GCC_493\Debug\MuxAdvance.a(Waitable_4.o)
 .debug_info    0x000090d9      0x5ec .\CortexM3\ARM_GCC_493\Debug\MuxAdvance.a(Beagle.o)
 .debug_info    0x000096c5      0x138 .\CortexM3\ARM_GCC_493\Debug\MuxAdvance.a(Beagle_INT.o)
 .debug_info    0x000097fd      0x25b .\CortexM3\ARM_GCC_493\Debug\MuxAdvance.a(Beagle_IntClock.o)
 .debug_info    0x00009a58      0x350 .\CortexM3\ARM_GCC_493\Debug\MuxAdvance.a(EEPROM_1.o)
 .debug_info    0x00009da8      0x5e6 .\CortexM3\ARM_GCC_493\Debug\MuxAdvance.a(LCD2.o)
 .debug_info    0x0000a38e      0x127 .\CortexM3\ARM_GCC_493\Debug\MuxAdvance.a(LCD2_INT.o)
 .debug_info    0x0000a4b5      0x25b .\CortexM3\ARM_GCC_493\Debug\MuxAdvance.a(LCD2_IntClock.o)
 .debug_info    0x0000a710      0x5e6 .\CortexM3\ARM_GCC_493\Debug\MuxAdvance.a(LCD1.o)
 .debug_info    0x0000acf6      0x127 .\CortexM3\ARM_GCC_493\Debug\MuxAdvance.a(LCD1_INT.o)
 .debug_info    0x0000ae1d      0x25b .\CortexM3\ARM_GCC_493\Debug\MuxAdvance.a(LCD1_IntClock.o)
 .debug_info    0x0000b078      0x5eb .\CortexM3\ARM_GCC_493\Debug\MuxAdvance.a(Pump_AL.o)
 .debug_info    0x0000b663      0x137 .\CortexM3\ARM_GCC_493\Debug\MuxAdvance.a(Pump_AL_INT.o)
 .debug_info    0x0000b79a      0x5eb .\CortexM3\ARM_GCC_493\Debug\MuxAdvance.a(Tag.o)
 .debug_info    0x0000bd85      0x137 .\CortexM3\ARM_GCC_493\Debug\MuxAdvance.a(Tag_INT.o)
 .debug_info    0x0000bebc      0x25b .\CortexM3\ARM_GCC_493\Debug\MuxAdvance.a(Tag_IntClock.o)
 .debug_info    0x0000c117      0x5eb .\CortexM3\ARM_GCC_493\Debug\MuxAdvance.a(Code_Bar.o)
 .debug_info    0x0000c702      0x137 .\CortexM3\ARM_GCC_493\Debug\MuxAdvance.a(Code_Bar_INT.o)
 .debug_info    0x0000c839      0x25b .\CortexM3\ARM_GCC_493\Debug\MuxAdvance.a(Code_Bar_IntClock.o)
 .debug_info    0x0000ca94      0x36a .\CortexM3\ARM_GCC_493\Debug\MuxAdvance.a(CyFlash.o)
 .debug_info    0x0000cdfe      0x456 .\CortexM3\ARM_GCC_493\Debug\MuxAdvance.a(CySpc.o)

.debug_abbrev   0x00000000     0x38b6
 *(.debug_abbrev)
 .debug_abbrev  0x00000000       0xc3 .\CortexM3\ARM_GCC_493\Debug\ibuton.o
 .debug_abbrev  0x000000c3      0x111 .\CortexM3\ARM_GCC_493\Debug\I2C.o
 .debug_abbrev  0x000001d4      0x191 .\CortexM3\ARM_GCC_493\Debug\main.o
 .debug_abbrev  0x00000365      0x172 .\CortexM3\ARM_GCC_493\Debug\LCD.o
 .debug_abbrev  0x000004d7       0xf7 .\CortexM3\ARM_GCC_493\Debug\keyboard.o
 .debug_abbrev  0x000005ce      0x167 .\CortexM3\ARM_GCC_493\Debug\protocol.o
 .debug_abbrev  0x00000735      0x19b .\CortexM3\ARM_GCC_493\Debug\operations.o
 .debug_abbrev  0x000008d0       0xe6 .\CortexM3\ARM_GCC_493\Debug\codebar.o
 .debug_abbrev  0x000009b6      0x106 .\CortexM3\ARM_GCC_493\Debug\codetag.o
 .debug_abbrev  0x00000abc       0xf3 .\CortexM3\ARM_GCC_493\Debug\memoryEP.o
 .debug_abbrev  0x00000baf      0x1c5 .\CortexM3\ARM_GCC_493\Debug\Cm3Start.o
 .debug_abbrev  0x00000d74       0x77 .\CortexM3\ARM_GCC_493\Debug\cymetadata.o
 .debug_abbrev  0x00000deb      0x1b7 .\CortexM3\ARM_GCC_493\Debug\MuxAdvance.a(cyfitter_cfg.o)
 .debug_abbrev  0x00000fa2       0x14 .\CortexM3\ARM_GCC_493\Debug\MuxAdvance.a(CyBootAsmGnu.o)
 .debug_abbrev  0x00000fb6      0x217 .\CortexM3\ARM_GCC_493\Debug\MuxAdvance.a(CyLib.o)
 .debug_abbrev  0x000011cd      0x16e .\CortexM3\ARM_GCC_493\Debug\MuxAdvance.a(cyPm.o)
 .debug_abbrev  0x0000133b       0xe2 .\CortexM3\ARM_GCC_493\Debug\MuxAdvance.a(I2C_1.o)
 .debug_abbrev  0x0000141d       0x8e .\CortexM3\ARM_GCC_493\Debug\MuxAdvance.a(I2C_1_INT.o)
 .debug_abbrev  0x000014ab       0xf8 .\CortexM3\ARM_GCC_493\Debug\MuxAdvance.a(I2C_1_PM.o)
 .debug_abbrev  0x000015a3      0x12b .\CortexM3\ARM_GCC_493\Debug\MuxAdvance.a(I2C_1_MASTER.o)
 .debug_abbrev  0x000016ce      0x17f .\CortexM3\ARM_GCC_493\Debug\MuxAdvance.a(isr_1.o)
 .debug_abbrev  0x0000184d      0x17f .\CortexM3\ARM_GCC_493\Debug\MuxAdvance.a(isr_2.o)
 .debug_abbrev  0x000019cc       0x9d .\CortexM3\ARM_GCC_493\Debug\MuxAdvance.a(IB1.o)
 .debug_abbrev  0x00001a69       0x9d .\CortexM3\ARM_GCC_493\Debug\MuxAdvance.a(IB2.o)
 .debug_abbrev  0x00001b06      0x17f .\CortexM3\ARM_GCC_493\Debug\MuxAdvance.a(isr_3.o)
 .debug_abbrev  0x00001c85      0x17f .\CortexM3\ARM_GCC_493\Debug\MuxAdvance.a(isr_4.o)
 .debug_abbrev  0x00001e04       0xf6 .\CortexM3\ARM_GCC_493\Debug\MuxAdvance.a(Waitable_2.o)
 .debug_abbrev  0x00001efa       0xf6 .\CortexM3\ARM_GCC_493\Debug\MuxAdvance.a(Waitable_3.o)
 .debug_abbrev  0x00001ff0       0xf6 .\CortexM3\ARM_GCC_493\Debug\MuxAdvance.a(Waitable_1.o)
 .debug_abbrev  0x000020e6       0xf6 .\CortexM3\ARM_GCC_493\Debug\MuxAdvance.a(Waitable_4.o)
 .debug_abbrev  0x000021dc      0x19e .\CortexM3\ARM_GCC_493\Debug\MuxAdvance.a(Beagle.o)
 .debug_abbrev  0x0000237a       0x97 .\CortexM3\ARM_GCC_493\Debug\MuxAdvance.a(Beagle_INT.o)
 .debug_abbrev  0x00002411      0x12a .\CortexM3\ARM_GCC_493\Debug\MuxAdvance.a(Beagle_IntClock.o)
 .debug_abbrev  0x0000253b      0x124 .\CortexM3\ARM_GCC_493\Debug\MuxAdvance.a(EEPROM_1.o)
 .debug_abbrev  0x0000265f      0x19e .\CortexM3\ARM_GCC_493\Debug\MuxAdvance.a(LCD2.o)
 .debug_abbrev  0x000027fd       0x97 .\CortexM3\ARM_GCC_493\Debug\MuxAdvance.a(LCD2_INT.o)
 .debug_abbrev  0x00002894      0x12a .\CortexM3\ARM_GCC_493\Debug\MuxAdvance.a(LCD2_IntClock.o)
 .debug_abbrev  0x000029be      0x19e .\CortexM3\ARM_GCC_493\Debug\MuxAdvance.a(LCD1.o)
 .debug_abbrev  0x00002b5c       0x97 .\CortexM3\ARM_GCC_493\Debug\MuxAdvance.a(LCD1_INT.o)
 .debug_abbrev  0x00002bf3      0x12a .\CortexM3\ARM_GCC_493\Debug\MuxAdvance.a(LCD1_IntClock.o)
 .debug_abbrev  0x00002d1d      0x19e .\CortexM3\ARM_GCC_493\Debug\MuxAdvance.a(Pump_AL.o)
 .debug_abbrev  0x00002ebb       0x97 .\CortexM3\ARM_GCC_493\Debug\MuxAdvance.a(Pump_AL_INT.o)
 .debug_abbrev  0x00002f52      0x19e .\CortexM3\ARM_GCC_493\Debug\MuxAdvance.a(Tag.o)
 .debug_abbrev  0x000030f0       0x97 .\CortexM3\ARM_GCC_493\Debug\MuxAdvance.a(Tag_INT.o)
 .debug_abbrev  0x00003187      0x12a .\CortexM3\ARM_GCC_493\Debug\MuxAdvance.a(Tag_IntClock.o)
 .debug_abbrev  0x000032b1      0x19e .\CortexM3\ARM_GCC_493\Debug\MuxAdvance.a(Code_Bar.o)
 .debug_abbrev  0x0000344f       0x97 .\CortexM3\ARM_GCC_493\Debug\MuxAdvance.a(Code_Bar_INT.o)
 .debug_abbrev  0x000034e6      0x12a .\CortexM3\ARM_GCC_493\Debug\MuxAdvance.a(Code_Bar_IntClock.o)
 .debug_abbrev  0x00003610      0x12d .\CortexM3\ARM_GCC_493\Debug\MuxAdvance.a(CyFlash.o)
 .debug_abbrev  0x0000373d      0x179 .\CortexM3\ARM_GCC_493\Debug\MuxAdvance.a(CySpc.o)

.debug_line     0x00000000     0xad2d
 *(.debug_line)
 .debug_line    0x00000000      0x27a .\CortexM3\ARM_GCC_493\Debug\ibuton.o
 .debug_line    0x0000027a      0x226 .\CortexM3\ARM_GCC_493\Debug\I2C.o
 .debug_line    0x000004a0     0x3e3d .\CortexM3\ARM_GCC_493\Debug\main.o
 .debug_line    0x000042dd      0xd89 .\CortexM3\ARM_GCC_493\Debug\LCD.o
 .debug_line    0x00005066      0x249 .\CortexM3\ARM_GCC_493\Debug\keyboard.o
 .debug_line    0x000052af      0x893 .\CortexM3\ARM_GCC_493\Debug\protocol.o
 .debug_line    0x00005b42      0x451 .\CortexM3\ARM_GCC_493\Debug\operations.o
 .debug_line    0x00005f93      0x183 .\CortexM3\ARM_GCC_493\Debug\codebar.o
 .debug_line    0x00006116      0x1c2 .\CortexM3\ARM_GCC_493\Debug\codetag.o
 .debug_line    0x000062d8      0x350 .\CortexM3\ARM_GCC_493\Debug\memoryEP.o
 .debug_line    0x00006628      0x1d5 .\CortexM3\ARM_GCC_493\Debug\Cm3Start.o
 .debug_line    0x000067fd       0x53 .\CortexM3\ARM_GCC_493\Debug\cymetadata.o
 .debug_line    0x00006850      0x227 .\CortexM3\ARM_GCC_493\Debug\MuxAdvance.a(cyfitter_cfg.o)
 .debug_line    0x00006a77       0x68 .\CortexM3\ARM_GCC_493\Debug\MuxAdvance.a(CyBootAsmGnu.o)
 .debug_line    0x00006adf      0x841 .\CortexM3\ARM_GCC_493\Debug\MuxAdvance.a(CyLib.o)
 .debug_line    0x00007320      0x36f .\CortexM3\ARM_GCC_493\Debug\MuxAdvance.a(cyPm.o)
 .debug_line    0x0000768f       0xdd .\CortexM3\ARM_GCC_493\Debug\MuxAdvance.a(I2C_1.o)
 .debug_line    0x0000776c      0x118 .\CortexM3\ARM_GCC_493\Debug\MuxAdvance.a(I2C_1_INT.o)
 .debug_line    0x00007884       0xbe .\CortexM3\ARM_GCC_493\Debug\MuxAdvance.a(I2C_1_PM.o)
 .debug_line    0x00007942      0x1ed .\CortexM3\ARM_GCC_493\Debug\MuxAdvance.a(I2C_1_MASTER.o)
 .debug_line    0x00007b2f      0x169 .\CortexM3\ARM_GCC_493\Debug\MuxAdvance.a(isr_1.o)
 .debug_line    0x00007c98      0x169 .\CortexM3\ARM_GCC_493\Debug\MuxAdvance.a(isr_2.o)
 .debug_line    0x00007e01       0x94 .\CortexM3\ARM_GCC_493\Debug\MuxAdvance.a(IB1.o)
 .debug_line    0x00007e95       0x94 .\CortexM3\ARM_GCC_493\Debug\MuxAdvance.a(IB2.o)
 .debug_line    0x00007f29      0x169 .\CortexM3\ARM_GCC_493\Debug\MuxAdvance.a(isr_3.o)
 .debug_line    0x00008092      0x169 .\CortexM3\ARM_GCC_493\Debug\MuxAdvance.a(isr_4.o)
 .debug_line    0x000081fb      0x164 .\CortexM3\ARM_GCC_493\Debug\MuxAdvance.a(Waitable_2.o)
 .debug_line    0x0000835f      0x164 .\CortexM3\ARM_GCC_493\Debug\MuxAdvance.a(Waitable_3.o)
 .debug_line    0x000084c3      0x164 .\CortexM3\ARM_GCC_493\Debug\MuxAdvance.a(Waitable_1.o)
 .debug_line    0x00008627      0x164 .\CortexM3\ARM_GCC_493\Debug\MuxAdvance.a(Waitable_4.o)
 .debug_line    0x0000878b      0x338 .\CortexM3\ARM_GCC_493\Debug\MuxAdvance.a(Beagle.o)
 .debug_line    0x00008ac3       0x8d .\CortexM3\ARM_GCC_493\Debug\MuxAdvance.a(Beagle_INT.o)
 .debug_line    0x00008b50      0x1c3 .\CortexM3\ARM_GCC_493\Debug\MuxAdvance.a(Beagle_IntClock.o)
 .debug_line    0x00008d13      0x22a .\CortexM3\ARM_GCC_493\Debug\MuxAdvance.a(EEPROM_1.o)
 .debug_line    0x00008f3d      0x336 .\CortexM3\ARM_GCC_493\Debug\MuxAdvance.a(LCD2.o)
 .debug_line    0x00009273       0x89 .\CortexM3\ARM_GCC_493\Debug\MuxAdvance.a(LCD2_INT.o)
 .debug_line    0x000092fc      0x1c1 .\CortexM3\ARM_GCC_493\Debug\MuxAdvance.a(LCD2_IntClock.o)