Archive member included because of file (symbol)

.\CortexM3\ARM_GCC_493\Debug\MuxAdvance.a(cyfitter_cfg.o)
                              .\CortexM3\ARM_GCC_493\Debug\Cm3Start.o (cyfitter_cfg)
.\CortexM3\ARM_GCC_493\Debug\MuxAdvance.a(CyBootAsmGnu.o)
                              .\CortexM3\ARM_GCC_493\Debug\MuxAdvance.a(cyfitter_cfg.o) (CyDelayCycles)
.\CortexM3\ARM_GCC_493\Debug\MuxAdvance.a(CyLib.o)
                              .\CortexM3\ARM_GCC_493\Debug\Cm3Start.o (CyResetStatus)
.\CortexM3\ARM_GCC_493\Debug\MuxAdvance.a(cyPm.o)
                              .\CortexM3\ARM_GCC_493\Debug\MuxAdvance.a(CyLib.o) (CyPmReadStatus)
.\CortexM3\ARM_GCC_493\Debug\MuxAdvance.a(I2C_1.o)
                              .\CortexM3\ARM_GCC_493\Debug\main.o (I2C_1_Start)
.\CortexM3\ARM_GCC_493\Debug\MuxAdvance.a(I2C_1_INT.o)
                              .\CortexM3\ARM_GCC_493\Debug\MuxAdvance.a(I2C_1.o) (I2C_1_ISR)
.\CortexM3\ARM_GCC_493\Debug\MuxAdvance.a(I2C_1_PM.o)
                              .\CortexM3\ARM_GCC_493\Debug\MuxAdvance.a(I2C_1.o) (I2C_1_backup)
.\CortexM3\ARM_GCC_493\Debug\MuxAdvance.a(I2C_1_MASTER.o)
                              .\CortexM3\ARM_GCC_493\Debug\MuxAdvance.a(I2C_1.o) (I2C_1_mstrStatus)
.\CortexM3\ARM_GCC_493\Debug\MuxAdvance.a(isr_1.o)
                              .\CortexM3\ARM_GCC_493\Debug\main.o (isr_1_StartEx)
.\CortexM3\ARM_GCC_493\Debug\MuxAdvance.a(isr_2.o)
                              .\CortexM3\ARM_GCC_493\Debug\main.o (isr_2_StartEx)
.\CortexM3\ARM_GCC_493\Debug\MuxAdvance.a(IB1.o)
                              .\CortexM3\ARM_GCC_493\Debug\ibuton.o (IB1_Write)
.\CortexM3\ARM_GCC_493\Debug\MuxAdvance.a(IB2.o)
                              .\CortexM3\ARM_GCC_493\Debug\ibuton.o (IB2_Write)
.\CortexM3\ARM_GCC_493\Debug\MuxAdvance.a(isr_3.o)
                              .\CortexM3\ARM_GCC_493\Debug\main.o (isr_3_StartEx)
.\CortexM3\ARM_GCC_493\Debug\MuxAdvance.a(Waitable_2.o)
                              .\CortexM3\ARM_GCC_493\Debug\main.o (Waitable_2_Start)
.\CortexM3\ARM_GCC_493\Debug\MuxAdvance.a(Waitable_3.o)
                              .\CortexM3\ARM_GCC_493\Debug\main.o (Waitable_3_Start)
.\CortexM3\ARM_GCC_493\Debug\MuxAdvance.a(Waitable_1.o)
                              .\CortexM3\ARM_GCC_493\Debug\main.o (Waitable_1_Start)
.\CortexM3\ARM_GCC_493\Debug\MuxAdvance.a(Beagle.o)
                              .\CortexM3\ARM_GCC_493\Debug\main.o (Beagle_Start)
.\CortexM3\ARM_GCC_493\Debug\MuxAdvance.a(Beagle_INT.o)
                              .\CortexM3\ARM_GCC_493\Debug\MuxAdvance.a(Beagle.o) (Beagle_RXISR)
.\CortexM3\ARM_GCC_493\Debug\MuxAdvance.a(Beagle_IntClock.o)
                              .\CortexM3\ARM_GCC_493\Debug\MuxAdvance.a(Beagle.o) (Beagle_IntClock_Start)
.\CortexM3\ARM_GCC_493\Debug\MuxAdvance.a(EEPROM_1.o)
                              .\CortexM3\ARM_GCC_493\Debug\main.o (EEPROM_1_Start)
.\CortexM3\ARM_GCC_493\Debug\MuxAdvance.a(LCD2.o)
                              .\CortexM3\ARM_GCC_493\Debug\main.o (LCD2_rxBuffer)
.\CortexM3\ARM_GCC_493\Debug\MuxAdvance.a(LCD2_INT.o)
                              .\CortexM3\ARM_GCC_493\Debug\MuxAdvance.a(LCD2.o) (LCD2_RXISR)
.\CortexM3\ARM_GCC_493\Debug\MuxAdvance.a(LCD2_IntClock.o)
                              .\CortexM3\ARM_GCC_493\Debug\MuxAdvance.a(LCD2.o) (LCD2_IntClock_Start)
.\CortexM3\ARM_GCC_493\Debug\MuxAdvance.a(LCD1.o)
                              .\CortexM3\ARM_GCC_493\Debug\main.o (LCD1_rxBuffer)
.\CortexM3\ARM_GCC_493\Debug\MuxAdvance.a(LCD1_INT.o)
                              .\CortexM3\ARM_GCC_493\Debug\MuxAdvance.a(LCD1.o) (LCD1_RXISR)
.\CortexM3\ARM_GCC_493\Debug\MuxAdvance.a(LCD1_IntClock.o)
                              .\CortexM3\ARM_GCC_493\Debug\MuxAdvance.a(LCD1.o) (LCD1_IntClock_Start)
.\CortexM3\ARM_GCC_493\Debug\MuxAdvance.a(Pump_AL.o)
                              .\CortexM3\ARM_GCC_493\Debug\protocol.o (Pump_AL_rxBuffer)
.\CortexM3\ARM_GCC_493\Debug\MuxAdvance.a(Pump_AL_INT.o)
                              .\CortexM3\ARM_GCC_493\Debug\MuxAdvance.a(Pump_AL.o) (Pump_AL_RXISR)
.\CortexM3\ARM_GCC_493\Debug\MuxAdvance.a(Tag.o)
                              .\CortexM3\ARM_GCC_493\Debug\main.o (Tag_Start)
.\CortexM3\ARM_GCC_493\Debug\MuxAdvance.a(Tag_INT.o)
                              .\CortexM3\ARM_GCC_493\Debug\MuxAdvance.a(Tag.o) (Tag_RXISR)
.\CortexM3\ARM_GCC_493\Debug\MuxAdvance.a(Tag_IntClock.o)
                              .\CortexM3\ARM_GCC_493\Debug\MuxAdvance.a(Tag.o) (Tag_IntClock_Start)
.\CortexM3\ARM_GCC_493\Debug\MuxAdvance.a(Code_Bar.o)
                              .\CortexM3\ARM_GCC_493\Debug\main.o (Code_Bar_Start)
.\CortexM3\ARM_GCC_493\Debug\MuxAdvance.a(Code_Bar_INT.o)
                              .\CortexM3\ARM_GCC_493\Debug\MuxAdvance.a(Code_Bar.o) (Code_Bar_RXISR)
.\CortexM3\ARM_GCC_493\Debug\MuxAdvance.a(Code_Bar_IntClock.o)
                              .\CortexM3\ARM_GCC_493\Debug\MuxAdvance.a(Code_Bar.o) (Code_Bar_IntClock_Start)
[...]
Memory Configuration

Name             Origin             Length             Attributes
rom              0x00000000         0x00040000         xr
ram              0x1fff8000         0x00010000         xrw
*default*        0x00000000         0xffffffff

Linker script and memory map

LOAD c:/program files (x86)/cypress/psoc creator/3.3/psoc creator/import/gnu/arm/4.9.3/bin/../lib/gcc/arm-none-eabi/4.9.3/armv7-m/crti.o
LOAD c:/program files (x86)/cypress/psoc creator/3.3/psoc creator/import/gnu/arm/4.9.3/bin/../lib/gcc/arm-none-eabi/4.9.3/armv7-m/crtbegin.o
LOAD c:/program files (x86)/cypress/psoc creator/3.3/psoc creator/import/gnu/arm/4.9.3/bin/../lib/gcc/arm-none-eabi/4.9.3/../../../../arm-none-eabi/lib/armv7-m/crt0.o
START GROUP
LOAD .\CortexM3\ARM_GCC_493\Debug\ibuton.o
LOAD .\CortexM3\ARM_GCC_493\Debug\I2C.o
LOAD .\CortexM3\ARM_GCC_493\Debug\main.o
LOAD .\CortexM3\ARM_GCC_493\Debug\LCD.o
LOAD .\CortexM3\ARM_GCC_493\Debug\keyboard.o
LOAD .\CortexM3\ARM_GCC_493\Debug\protocol.o
LOAD .\CortexM3\ARM_GCC_493\Debug\operations.o
LOAD .\CortexM3\ARM_GCC_493\Debug\codebar.o
LOAD .\CortexM3\ARM_GCC_493\Debug\codetag.o
LOAD .\CortexM3\ARM_GCC_493\Debug\memoryEP.o
LOAD .\CortexM3\ARM_GCC_493\Debug\Cm3Start.o
LOAD .\CortexM3\ARM_GCC_493\Debug\cymetadata.o
LOAD .\CortexM3\ARM_GCC_493\Debug\cybootloader.o
LOAD .\CortexM3\ARM_GCC_493\Debug\MuxAdvance.a
LOAD C:\Program Files (x86)\Cypress\PSoC Creator\3.3\PSoC Creator\psoc\content\cycomponentlibrary\CyComponentLibrary.cylib\CortexM3\ARM_GCC_493\Debug\CyComponentLibrary.a
LOAD c:/program files (x86)/cypress/psoc creator/3.3/psoc creator/import/gnu/arm/4.9.3/bin/../lib/gcc/arm-none-eabi/4.9.3/../../../../arm-none-eabi/lib/armv7-m\libm.a
END GROUP
START GROUP
LOAD c:/program files (x86)/cypress/psoc creator/3.3/psoc creator/import/gnu/arm/4.9.3/bin/../lib/gcc/arm-none-eabi/4.9.3/armv7-m\libgcc.a
LOAD c:/program files (x86)/cypress/psoc creator/3.3/psoc creator/import/gnu/arm/4.9.3/bin/../lib/gcc/arm-none-eabi/4.9.3/../../../../arm-none-eabi/lib/armv7-m\libg_nano.a
LOAD c:/program files (x86)/cypress/psoc creator/3.3/psoc creator/import/gnu/arm/4.9.3/bin/../lib/gcc/arm-none-eabi/4.9.3/../../../../arm-none-eabi/lib/armv7-m\libc_nano.a
END GROUP
START GROUP
LOAD c:/program files (x86)/cypress/psoc creator/3.3/psoc creator/import/gnu/arm/4.9.3/bin/../lib/gcc/arm-none-eabi/4.9.3/armv7-m\libgcc.a
LOAD c:/program files (x86)/cypress/psoc creator/3.3/psoc creator/import/gnu/arm/4.9.3/bin/../lib/gcc/arm-none-eabi/4.9.3/../../../../arm-none-eabi/lib/armv7-m\libc_nano.a
END GROUP
LOAD c:/program files (x86)/cypress/psoc creator/3.3/psoc creator/import/gnu/arm/4.9.3/bin/../lib/gcc/arm-none-eabi/4.9.3/armv7-m/crtend.o
LOAD c:/program files (x86)/cypress/psoc creator/3.3/psoc creator/import/gnu/arm/4.9.3/bin/../lib/gcc/arm-none-eabi/4.9.3/armv7-m/crtn.o
START GROUP
LOAD c:/program files (x86)/cypress/psoc creator/3.3/psoc creator/import/gnu/arm/4.9.3/bin/../lib/gcc/arm-none-eabi/4.9.3/armv7-m\libgcc.a
LOAD c:/program files (x86)/cypress/psoc creator/3.3/psoc creator/import/gnu/arm/4.9.3/bin/../lib/gcc/arm-none-eabi/4.9.3/../../../../arm-none-eabi/lib/armv7-m\libc.a
LOAD c:/program files (x86)/cypress/psoc creator/3.3/psoc creator/import/gnu/arm/4.9.3/bin/../lib/gcc/arm-none-eabi/4.9.3/../../../../arm-none-eabi/lib/armv7-m\libnosys.a
END GROUP
                0x00000000                CY_APPL_ORIGIN = 0x0
                0x00000100                CY_FLASH_ROW_SIZE = 0x100
                0x00000020                CY_ECC_ROW_SIZE = 0x20
                0x00000000                CY_EE_IN_BTLDR = 0x0
                0x00000001                CY_APPL_LOADABLE = 0x1
                0x00000800                CY_EE_SIZE = 0x800
                0x00000001                CY_APPL_NUM = 0x1
                0x00000001                CY_APPL_MAX = 0x1
                0x00000040                CY_METADATA_SIZE = 0x40
                0x1fff96d0                PROVIDE (__cy_heap_start, _end)
                0x00000001                PROVIDE (__cy_region_num, ((__cy_regions_end - __cy_regions) / 0x10))
                0x20008000                PROVIDE (__cy_stack, (ORIGIN (ram) + 0x10000))
                0x20004000                PROVIDE (__cy_heap_end, (__cy_stack - 0x4000))

.cybootloader   0x00000000     0x2000
 *(.cybootloader)
 .cybootloader  0x00000000     0x2000 .\CortexM3\ARM_GCC_493\Debug\cybootloader.o
                0x00000000                cy_bootloader
                0x00002000                appl1_start = CY_APPL_ORIGIN?CY_APPL_ORIGIN:ALIGN (CY_FLASH_ROW_SIZE)
                0x00020f00                appl2_start = (appl1_start + ALIGN ((((0x40000 - appl1_start) - (0x2 * CY_FLASH_ROW_SIZE)) / 0x2), CY_FLASH_ROW_SIZE))
                0x00002000                appl_start = (CY_APPL_NUM == 0x1)?appl1_start:appl2_start
                0x00000400                ecc_offset = ((appl_start / CY_FLASH_ROW_SIZE) * CY_ECC_ROW_SIZE)
                0x00000000                ee_offset = (CY_APPL_LOADABLE && ! (CY_EE_IN_BTLDR))?((CY_EE_SIZE / CY_APPL_MAX) * (CY_APPL_NUM - 0x1)):0x0
                0x00000800                ee_size = (CY_APPL_LOADABLE && ! (CY_EE_IN_BTLDR))?(CY_EE_SIZE / CY_APPL_MAX):CY_EE_SIZE
                0x00000400                PROVIDE (CY_ECC_OFFSET, ecc_offset)

.text           0x00002000    0x20f0c
 CREATE_OBJECT_SYMBOLS
                0x00002000                PROVIDE (__cy_interrupt_vector, RomVectors)
 *(.romvectors)
 .romvectors    0x00002000       0x10 .\CortexM3\ARM_GCC_493\Debug\Cm3Start.o
                0x00002000                RomVectors
                0x00000001                ASSERT ((. != __cy_interrupt_vector), No interrupt vector)
                0x00000001                ASSERT (CY_APPL_ORIGIN?(SIZEOF (.cybootloader) <= CY_APPL_ORIGIN):0x1, Wrong image location)
                0x00002010                PROVIDE (__cy_reset, Reset)
 *(.text.Reset)
 .text.Reset    0x00002010        0x8 .\CortexM3\ARM_GCC_493\Debug\Cm3Start.o
                0x00002010                Reset
                0x00000001                ASSERT ((. != __cy_reset), No reset code)
 *(.dma_init)
                0x00000001                ASSERT ((((appl_start + .) <= 0x10000) || 0x1), DMA Init must be within the first 64k of flash)
 *(.text .text.* .gnu.linkonce.t.*)
 .text          0x00002018       0x5c c:/program files (x86)/cypress/psoc creator/3.3/psoc creator/import/gnu/arm/4.9.3/bin/../lib/gcc/arm-none-eabi/4.9.3/armv7-m/crtbegin.o
 .text.touch_present
                0x00002074       0xc0 .\CortexM3\ARM_GCC_493\Debug\ibuton.o
                0x00002074                touch_present
 .text.touch_write
                0x00002134      0x10c .\CortexM3\ARM_GCC_493\Debug\ibuton.o
                0x00002134                touch_write
 .text.touch_read_byte
                0x00002240       0xb4 .\CortexM3\ARM_GCC_493\Debug\ibuton.o
                0x00002240                touch_read_byte
 .text.crc_check
                0x000022f4       0x58 .\CortexM3\ARM_GCC_493\Debug\ibuton.o
                0x000022f4                crc_check
 .text.read_time
                0x0000234c       0x94 .\CortexM3\ARM_GCC_493\Debug\I2C.o
                0x0000234c                read_time
 .text.read_date
                0x000023e0       0x90 .\CortexM3\ARM_GCC_493\Debug\I2C.o
                0x000023e0                read_date
 .text.write_time
                0x00002470       0x80 .\CortexM3\ARM_GCC_493\Debug\I2C.o
                0x00002470                write_time
 .text.write_date
                0x000024f0       0x80 .\CortexM3\ARM_GCC_493\Debug\I2C.o
                0x000024f0                write_date
 .text.show_picture
                0x00002570       0xa4 .\CortexM3\ARM_GCC_493\Debug\main.o
                0x00002570                show_picture
 .text.init_mux
                0x00002614      0x4e4 .\CortexM3\ARM_GCC_493\Debug\main.o
                0x00002614                init_mux
 .text.init_pump
                0x00002af8      0x140 .\CortexM3\ARM_GCC_493\Debug\main.o
                0x00002af8                init_pump
 .text.polling_Beagle_RX
                0x00002c38     0x333c .\CortexM3\ARM_GCC_493\Debug\main.o
                0x00002c38                polling_Beagle_RX
 .text.polling_beagle_TX
                0x00005f74     0x4550 .\CortexM3\ARM_GCC_493\Debug\main.o
                0x00005f74                polling_beagle_TX
 .text.polling_LCD1
                0x0000a4c4     0x580c .\CortexM3\ARM_GCC_493\Debug\main.o
                0x0000a4c4                polling_LCD1
 .text.polling_LCD2
                0x0000fcd0     0x58b8 .\CortexM3\ARM_GCC_493\Debug\main.o
                0x0000fcd0                polling_LCD2
 .text.timerAnimation1
                0x00015588       0x8c .\CortexM3\ARM_GCC_493\Debug\main.o
                0x00015588                timerAnimation1
 .text.timerAnimation2
                0x00015614       0x8c .\CortexM3\ARM_GCC_493\Debug\main.o
                0x00015614                timerAnimation2
 .text.timerBeagleTX
                0x000156a0       0x20 .\CortexM3\ARM_GCC_493\Debug\main.o
                0x000156a0                timerBeagleTX
 .text.main     0x000156c0       0x34 .\CortexM3\ARM_GCC_493\Debug\main.o
                0x000156c0                main
 .text.set_picture
                0x000156f4       0x74 .\CortexM3\ARM_GCC_493\Debug\LCD.o
                0x000156f4                set_picture
 .text.write_LCD
                0x00015768      0x100 .\CortexM3\ARM_GCC_493\Debug\LCD.o
                0x00015768                write_LCD
 .text.write_button
                0x00015868     0x3250 .\CortexM3\ARM_GCC_493\Debug\LCD.o
                0x00015868                write_button
 .text.show_time_date
                0x00018ab8      0x1cc .\CortexM3\ARM_GCC_493\Debug\LCD.o
                0x00018ab8                show_time_date
 .text.show_info
                0x00018c84      0x36c .\CortexM3\ARM_GCC_493\Debug\LCD.o
                0x00018c84                show_info
 .text.show_message
                0x00018ff0       0xa8 .\CortexM3\ARM_GCC_493\Debug\LCD.o
                0x00018ff0                show_message
 .text.show_market
                0x00019098      0x55c .\CortexM3\ARM_GCC_493\Debug\LCD.o
                0x00019098                show_market
 .text.alphanumeric_keyboard
                0x000195f4      0x654 .\CortexM3\ARM_GCC_493\Debug\keyboard.o
                0x000195f4                alphanumeric_keyboard
 .text.get_state
                0x00019c48       0x44 .\CortexM3\ARM_GCC_493\Debug\protocol.o
                0x00019c48                get_state
 .text.get_position
                0x00019c8c       0xb8 .\CortexM3\ARM_GCC_493\Debug\protocol.o
                0x00019c8c                get_position
 .text.get_handle
                0x00019d44      0x11c .\CortexM3\ARM_GCC_493\Debug\protocol.o
                0x00019d44                get_handle
 .text.get_totals
                0x00019e60      0x7c8 .\CortexM3\ARM_GCC_493\Debug\protocol.o
                0x00019e60                get_totals
 .text.price_change
                0x0001a628      0x2c4 .\CortexM3\ARM_GCC_493\Debug\protocol.o
                0x0001a628                price_change
 .text.preset_data
                0x0001a8ec      0x570 .\CortexM3\ARM_GCC_493\Debug\protocol.o
                0x0001a8ec                preset_data
 .text.get_sale
                0x0001ae5c      0x4f0 .\CortexM3\ARM_GCC_493\Debug\protocol.o
                0x0001ae5c                get_sale
 .text.compare_ppu
                0x0001b34c      0x1a4 .\CortexM3\ARM_GCC_493\Debug\operations.o
                0x0001b34c                compare_ppu
 .text.subtraction
                0x0001b4f0      0x3f0 .\CortexM3\ARM_GCC_493\Debug\operations.o
                0x0001b4f0                subtraction
 .text.higher   0x0001b8e0      0x1b4 .\CortexM3\ARM_GCC_493\Debug\operations.o
                0x0001b8e0                higher
 .text.multiplication_market
                0x0001ba94      0x370 .\CortexM3\ARM_GCC_493\Debug\operations.o
                0x0001ba94                multiplication_market
 .text.addition_market
                0x0001be04      0x32c .\CortexM3\ARM_GCC_493\Debug\operations.o
                0x0001be04                addition_market
 .text.serial_codebar
                0x0001c130       0x68 .\CortexM3\ARM_GCC_493\Debug\codebar.o
                0x0001c130                serial_codebar
 .text.serial_codetag
                0x0001c198       0xfc .\CortexM3\ARM_GCC_493\Debug\codetag.o
                0x0001c198                serial_codetag
 .text.write_settings
                0x0001c294      0x478 .\CortexM3\ARM_GCC_493\Debug\memoryEP.o
                0x0001c294                write_settings
 .text.write_ppus
                0x0001c70c      0x1f8 .\CortexM3\ARM_GCC_493\Debug\memoryEP.o
                0x0001c70c                write_ppus
 .text.write_buttons
                0x0001c904       0xb8 .\CortexM3\ARM_GCC_493\Debug\memoryEP.o
                0x0001c904                write_buttons
 .text.IntDefaultHandler
                0x0001c9bc        0x8 .\CortexM3\ARM_GCC_493\Debug\Cm3Start.o
                0x0001c9bc                IntDefaultHandler
 .text._sbrk    0x0001c9c4       0x54 .\CortexM3\ARM_GCC_493\Debug\Cm3Start.o
                0x0001c9c4                _sbrk
 .text.Start_c  0x0001ca18       0x98 .\CortexM3\ARM_GCC_493\Debug\Cm3Start.o
                0x0001ca18                Start_c
 .text.initialize_psoc
                0x0001cab0       0x8c .\CortexM3\ARM_GCC_493\Debug\Cm3Start.o
                0x0001cab0                initialize_psoc
 .text.CYMEMZERO
                0x0001cb3c       0x1c .\CortexM3\ARM_GCC_493\Debug\MuxAdvance.a(cyfitter_cfg.o)
 .text.CYCONFIGCPY
                0x0001cb58       0x1c .\CortexM3\ARM_GCC_493\Debug\MuxAdvance.a(cyfitter_cfg.o)
 .text.CyClockStartupError
                0x0001cb74        0xc .\CortexM3\ARM_GCC_493\Debug\MuxAdvance.a(cyfitter_cfg.o)
 .text.cfg_write_bytes32
                0x0001cb80       0x74 .\CortexM3\ARM_GCC_493\Debug\MuxAdvance.a(cyfitter_cfg.o)
 .text.ClockSetup
                0x0001cbf4      0x17c .\CortexM3\ARM_GCC_493\Debug\MuxAdvance.a(cyfitter_cfg.o)
 .text.AnalogSetDefault
                0x0001cd70       0x44 .\CortexM3\ARM_GCC_493\Debug\MuxAdvance.a(cyfitter_cfg.o)
 .text.cyfitter_cfg
                0x0001cdb4      0x1ec .\CortexM3\ARM_GCC_493\Debug\MuxAdvance.a(cyfitter_cfg.o)
                0x0001cdb4                cyfitter_cfg
 .text          0x0001cfa0       0x20 .\CortexM3\ARM_GCC_493\Debug\MuxAdvance.a(CyBootAsmGnu.o)
                0x0001cfa0                CyDelayCycles
                0x0001cfb0                CyEnterCriticalSection
                0x0001cfb8                CyExitCriticalSection
 .text.CyHalt   0x0001cfc0       0x18 .\CortexM3\ARM_GCC_493\Debug\MuxAdvance.a(CyLib.o)
                0x0001cfc0                CyHalt
 .text.CyDelay  0x0001cfd8       0x44 .\CortexM3\ARM_GCC_493\Debug\MuxAdvance.a(CyLib.o)
                0x0001cfd8                CyDelay
 .text.CyDelayUs
                0x0001d01c       0x24 .\CortexM3\ARM_GCC_493\Debug\MuxAdvance.a(CyLib.o)
                0x0001d01c                CyDelayUs
 .text.CyWdtStart
                0x0001d040       0x8c .\CortexM3\ARM_GCC_493\Debug\MuxAdvance.a(CyLib.o)
                0x0001d040                CyWdtStart
 .text.CyWdtClear
                0x0001d0cc       0x18 .\CortexM3\ARM_GCC_493\Debug\MuxAdvance.a(CyLib.o)
                0x0001d0cc                CyWdtClear
 .text.CyIntSetVector
                0x0001d0e4       0x50 .\CortexM3\ARM_GCC_493\Debug\MuxAdvance.a(CyLib.o)
                0x0001d0e4                CyIntSetVector
 .text.CyIntSetPriority
                0x0001d134       0x44 .\CortexM3\ARM_GCC_493\Debug\MuxAdvance.a(CyLib.o)
                0x0001d134                CyIntSetPriority
 .text.I2C_1_Init
                0x0001d178       0x80 .\CortexM3\ARM_GCC_493\Debug\MuxAdvance.a(I2C_1.o)
                0x0001d178                I2C_1_Init
 .text.I2C_1_Enable
                0x0001d1f8       0x44 .\CortexM3\ARM_GCC_493\Debug\MuxAdvance.a(I2C_1.o)
                0x0001d1f8                I2C_1_Enable
 .text.I2C_1_Start
                0x0001d23c       0x2c .\CortexM3\ARM_GCC_493\Debug\MuxAdvance.a(I2C_1.o)
                0x0001d23c                I2C_1_Start
 .text.I2C_1_ISR
                0x0001d268      0x3ac .\CortexM3\ARM_GCC_493\Debug\MuxAdvance.a(I2C_1_INT.o)
                0x0001d268                I2C_1_ISR
 .text.I2C_1_MasterSendStart
                0x0001d614       0xbc .\CortexM3\ARM_GCC_493\Debug\MuxAdvance.a(I2C_1_MASTER.o)
                0x0001d614                I2C_1_MasterSendStart
 .text.I2C_1_MasterSendStop
                0x0001d6d0       0x58 .\CortexM3\ARM_GCC_493\Debug\MuxAdvance.a(I2C_1_MASTER.o)
                0x0001d6d0                I2C_1_MasterSendStop
 .text.I2C_1_MasterWriteByte
                0x0001d728       0x80 .\CortexM3\ARM_GCC_493\Debug\MuxAdvance.a(I2C_1_MASTER.o)
                0x0001d728                I2C_1_MasterWriteByte
 .text.I2C_1_MasterReadByte
                0x0001d7a8       0x7c .\CortexM3\ARM_GCC_493\Debug\MuxAdvance.a(I2C_1_MASTER.o)
                0x0001d7a8                I2C_1_MasterReadByte
 .text.I2C_1_MasterClearStatus
                0x0001d824       0x3c .\CortexM3\ARM_GCC_493\Debug\MuxAdvance.a(I2C_1_MASTER.o)
                0x0001d824                I2C_1_MasterClearStatus
 .text.isr_1_StartEx
                0x0001d860       0x24 .\CortexM3\ARM_GCC_493\Debug\MuxAdvance.a(isr_1.o)
                0x0001d860                isr_1_StartEx
 .text.isr_1_Stop
                0x0001d884       0x14 .\CortexM3\ARM_GCC_493\Debug\MuxAdvance.a(isr_1.o)
                0x0001d884                isr_1_Stop
 .text.isr_1_SetVector
                0x0001d898       0x24 .\CortexM3\ARM_GCC_493\Debug\MuxAdvance.a(isr_1.o)
                0x0001d898                isr_1_SetVector
 .text.isr_1_SetPriority
                0x0001d8bc       0x24 .\CortexM3\ARM_GCC_493\Debug\MuxAdvance.a(isr_1.o)
                0x0001d8bc                isr_1_SetPriority
 .text.isr_1_Enable
                0x0001d8e0       0x18 .\CortexM3\ARM_GCC_493\Debug\MuxAdvance.a(isr_1.o)
                0x0001d8e0                isr_1_Enable
 .text.isr_1_Disable
                0x0001d8f8       0x18 .\CortexM3\ARM_GCC_493\Debug\MuxAdvance.a(isr_1.o)
                0x0001d8f8                isr_1_Disable
 .text.isr_2_StartEx
                0x0001d910       0x24 .\CortexM3\ARM_GCC_493\Debug\MuxAdvance.a(isr_2.o)
                0x0001d910                isr_2_StartEx
 .text.isr_2_Stop
                0x0001d934       0x14 .\CortexM3\ARM_GCC_493\Debug\MuxAdvance.a(isr_2.o)
                0x0001d934                isr_2_Stop
 .text.isr_2_SetVector
                0x0001d948       0x24 .\CortexM3\ARM_GCC_493\Debug\MuxAdvance.a(isr_2.o)
                0x0001d948                isr_2_SetVector
 .text.isr_2_SetPriority
                0x0001d96c       0x24 .\CortexM3\ARM_GCC_493\Debug\MuxAdvance.a(isr_2.o)
                0x0001d96c                isr_2_SetPriority
 .text.isr_2_Enable
                0x0001d990       0x18 .\CortexM3\ARM_GCC_493\Debug\MuxAdvance.a(isr_2.o)
                0x0001d990                isr_2_Enable
 .text.isr_2_Disable
                0x0001d9a8       0x18 .\CortexM3\ARM_GCC_493\Debug\MuxAdvance.a(isr_2.o)
                0x0001d9a8                isr_2_Disable
 .text.IB1_Write
                0x0001d9c0       0x34 .\CortexM3\ARM_GCC_493\Debug\MuxAdvance.a(IB1.o)
                0x0001d9c0                IB1_Write
 .text.IB1_Read
                0x0001d9f4       0x1c .\CortexM3\ARM_GCC_493\Debug\MuxAdvance.a(IB1.o)
                0x0001d9f4                IB1_Read
 .text.IB2_Write
                0x0001da10       0x3c .\CortexM3\ARM_GCC_493\Debug\MuxAdvance.a(IB2.o)
                0x0001da10                IB2_Write
 .text.IB2_Read
                0x0001da4c       0x20 .\CortexM3\ARM_GCC_493\Debug\MuxAdvance.a(IB2.o)
                0x0001da4c                IB2_Read
 .text.isr_3_StartEx
                0x0001da6c       0x24 .\CortexM3\ARM_GCC_493\Debug\MuxAdvance.a(isr_3.o)
                0x0001da6c                isr_3_StartEx
 .text.isr_3_SetVector
                0x0001da90       0x24 .\CortexM3\ARM_GCC_493\Debug\MuxAdvance.a(isr_3.o)
                0x0001da90                isr_3_SetVector
 .text.isr_3_SetPriority
                0x0001dab4       0x24 .\CortexM3\ARM_GCC_493\Debug\MuxAdvance.a(isr_3.o)
                0x0001dab4                isr_3_SetPriority
 .text.isr_3_Enable
                0x0001dad8       0x18 .\CortexM3\ARM_GCC_493\Debug\MuxAdvance.a(isr_3.o)
                0x0001dad8                isr_3_Enable
 .text.isr_3_Disable
                0x0001daf0       0x18 .\CortexM3\ARM_GCC_493\Debug\MuxAdvance.a(isr_3.o)
                0x0001daf0                isr_3_Disable
 .text.Waitable_2_Init
                0x0001db08       0x98 .\CortexM3\ARM_GCC_493\Debug\MuxAdvance.a(Waitable_2.o)
                0x0001db08                Waitable_2_Init
 .text.Waitable_2_Enable
                0x0001dba0       0x48 .\CortexM3\ARM_GCC_493\Debug\MuxAdvance.a(Waitable_2.o)
                0x0001dba0                Waitable_2_Enable
 .text.Waitable_2_Start
                0x0001dbe8       0x20 .\CortexM3\ARM_GCC_493\Debug\MuxAdvance.a(Waitable_2.o)
                0x0001dbe8                Waitable_2_Start
 .text.Waitable_2_Stop
                0x0001dc08       0x48 .\CortexM3\ARM_GCC_493\Debug\MuxAdvance.a(Waitable_2.o)
                0x0001dc08                Waitable_2_Stop
 .text.Waitable_2_SetInterruptMode
                0x0001dc50       0x20 .\CortexM3\ARM_GCC_493\Debug\MuxAdvance.a(Waitable_2.o)
                0x0001dc50                Waitable_2_SetInterruptMode
 .text.Waitable_2_ReadStatusRegister
                0x0001dc70       0x18 .\CortexM3\ARM_GCC_493\Debug\MuxAdvance.a(Waitable_2.o)
                0x0001dc70                Waitable_2_ReadStatusRegister
 .text.Waitable_2_WritePeriod
                0x0001dc88       0x24 .\CortexM3\ARM_GCC_493\Debug\MuxAdvance.a(Waitable_2.o)
                0x0001dc88                Waitable_2_WritePeriod
 .text.Waitable_2_WriteCounter
                0x0001dcac       0x20 .\CortexM3\ARM_GCC_493\Debug\MuxAdvance.a(Waitable_2.o)
                0x0001dcac                Waitable_2_WriteCounter
 .text.Waitable_3_Init
                0x0001dccc       0x98 .\CortexM3\ARM_GCC_493\Debug\MuxAdvance.a(Waitable_3.o)
                0x0001dccc                Waitable_3_Init
 .text.Waitable_3_Enable
                0x0001dd64       0x48 .\CortexM3\ARM_GCC_493\Debug\MuxAdvance.a(Waitable_3.o)
                0x0001dd64                Waitable_3_Enable
 .text.Waitable_3_Start
                0x0001ddac       0x20 .\CortexM3\ARM_GCC_493\Debug\MuxAdvance.a(Waitable_3.o)
                0x0001ddac                Waitable_3_Start
 .text.Waitable_3_SetInterruptMode
                0x0001ddcc       0x20 .\CortexM3\ARM_GCC_493\Debug\MuxAdvance.a(Waitable_3.o)
                0x0001ddcc                Waitable_3_SetInterruptMode
 .text.Waitable_3_ReadStatusRegister
                0x0001ddec       0x18 .\CortexM3\ARM_GCC_493\Debug\MuxAdvance.a(Waitable_3.o)
                0x0001ddec                Waitable_3_ReadStatusRegister
 .text.Waitable_3_WritePeriod
                0x0001de04       0x24 .\CortexM3\ARM_GCC_493\Debug\MuxAdvance.a(Waitable_3.o)
                0x0001de04                Waitable_3_WritePeriod
 .text.Waitable_3_WriteCounter
                0x0001de28       0x20 .\CortexM3\ARM_GCC_493\Debug\MuxAdvance.a(Waitable_3.o)
                0x0001de28                Waitable_3_WriteCounter
 .text.Waitable_1_Init
                0x0001de48       0x98 .\CortexM3\ARM_GCC_493\Debug\MuxAdvance.a(Waitable_1.o)
                0x0001de48                Waitable_1_Init
 .text.Waitable_1_Enable
                0x0001dee0       0x48 .\CortexM3\ARM_GCC_493\Debug\MuxAdvance.a(Waitable_1.o)
                0x0001dee0                Waitable_1_Enable
 .text.Waitable_1_Start
                0x0001df28       0x20 .\CortexM3\ARM_GCC_493\Debug\MuxAdvance.a(Waitable_1.o)
                0x0001df28                Waitable_1_Start
 .text.Waitable_1_Stop
                0x0001df48       0x48 .\CortexM3\ARM_GCC_493\Debug\MuxAdvance.a(Waitable_1.o)
                0x0001df48                Waitable_1_Stop
 .text.Waitable_1_SetInterruptMode
                0x0001df90       0x20 .\CortexM3\ARM_GCC_493\Debug\MuxAdvance.a(Waitable_1.o)
                0x0001df90                Waitable_1_SetInterruptMode
 .text.Waitable_1_ReadStatusRegister
                0x0001dfb0       0x18 .\CortexM3\ARM_GCC_493\Debug\MuxAdvance.a(Waitable_1.o)
                0x0001dfb0                Waitable_1_ReadStatusRegister
 .text.Waitable_1_WritePeriod
                0x0001dfc8       0x24 .\CortexM3\ARM_GCC_493\Debug\MuxAdvance.a(Waitable_1.o)
                0x0001dfc8                Waitable_1_WritePeriod
 .text.Waitable_1_WriteCounter
                0x0001dfec       0x20 .\CortexM3\ARM_GCC_493\Debug\MuxAdvance.a(Waitable_1.o)
                0x0001dfec                Waitable_1_WriteCounter
 .text.Beagle_Start
                0x0001e00c       0x20 .\CortexM3\ARM_GCC_493\Debug\MuxAdvance.a(Beagle.o)
                0x0001e00c                Beagle_Start
 .text.Beagle_Init
                0x0001e02c       0x4c .\CortexM3\ARM_GCC_493\Debug\MuxAdvance.a(Beagle.o)
                0x0001e02c                Beagle_Init
 .text.Beagle_Enable
                0x0001e078       0x68 .\CortexM3\ARM_GCC_493\Debug\MuxAdvance.a(Beagle.o)
                0x0001e078                Beagle_Enable
 .text.Beagle_EnableRxInt
                0x0001e0e0       0x18 .\CortexM3\ARM_GCC_493\Debug\MuxAdvance.a(Beagle.o)
                0x0001e0e0                Beagle_EnableRxInt
 .text.Beagle_DisableRxInt
                0x0001e0f8       0x18 .\CortexM3\ARM_GCC_493\Debug\MuxAdvance.a(Beagle.o)
                0x0001e0f8                Beagle_DisableRxInt
 .text.Beagle_ReadRxData
                0x0001e110       0x88 .\CortexM3\ARM_GCC_493\Debug\MuxAdvance.a(Beagle.o)
                0x0001e110                Beagle_ReadRxData
 .text.Beagle_GetRxBufferSize
                0x0001e198       0x84 .\CortexM3\ARM_GCC_493\Debug\MuxAdvance.a(Beagle.o)
                0x0001e198                Beagle_GetRxBufferSize
 .text.Beagle_ClearRxBuffer
                0x0001e21c       0x70 .\CortexM3\ARM_GCC_493\Debug\MuxAdvance.a(Beagle.o)
                0x0001e21c                Beagle_ClearRxBuffer
 .text.Beagle_PutChar
                0x0001e28c       0x34 .\CortexM3\ARM_GCC_493\Debug\MuxAdvance.a(Beagle.o)
                0x0001e28c                Beagle_PutChar
 .text.Beagle_RXISR
                0x0001e2c0       0xac .\CortexM3\ARM_GCC_493\Debug\MuxAdvance.a(Beagle_INT.o)
                0x0001e2c0                Beagle_RXISR
 .text.Beagle_IntClock_Start
                0x0001e36c       0x34 .\CortexM3\ARM_GCC_493\Debug\MuxAdvance.a(Beagle_IntClock.o)
                0x0001e36c                Beagle_IntClock_Start
 .text.EEPROM_1_Enable
                0x0001e3a0       0x10 .\CortexM3\ARM_GCC_493\Debug\MuxAdvance.a(EEPROM_1.o)
                0x0001e3a0                EEPROM_1_Enable
 .text.EEPROM_1_Start
                0x0001e3b0        0xc .\CortexM3\ARM_GCC_493\Debug\MuxAdvance.a(EEPROM_1.o)
                0x0001e3b0                EEPROM_1_Start
 .text.EEPROM_1_Write
                0x0001e3bc       0xf0 .\CortexM3\ARM_GCC_493\Debug\MuxAdvance.a(EEPROM_1.o)
                0x0001e3bc                EEPROM_1_Write
 .text.LCD2_Start
                0x0001e4ac       0x20 .\CortexM3\ARM_GCC_493\Debug\MuxAdvance.a(LCD2.o)
                0x0001e4ac                LCD2_Start
 .text.LCD2_Init
                0x0001e4cc       0x4c .\CortexM3\ARM_GCC_493\Debug\MuxAdvance.a(LCD2.o)
                0x0001e4cc                LCD2_Init
 .text.LCD2_Enable
                0x0001e518       0x68 .\CortexM3\ARM_GCC_493\Debug\MuxAdvance.a(LCD2.o)
                0x0001e518                LCD2_Enable
 .text.LCD2_EnableRxInt
                0x0001e580       0x18 .\CortexM3\ARM_GCC_493\Debug\MuxAdvance.a(LCD2.o)
                0x0001e580                LCD2_EnableRxInt
 .text.LCD2_DisableRxInt
                0x0001e598       0x18 .\CortexM3\ARM_GCC_493\Debug\MuxAdvance.a(LCD2.o)
                0x0001e598                LCD2_DisableRxInt
 .text.LCD2_GetRxBufferSize
                0x0001e5b0       0x80 .\CortexM3\ARM_GCC_493\Debug\MuxAdvance.a(LCD2.o)
                0x0001e5b0                LCD2_GetRxBufferSize
 .text.LCD2_ClearRxBuffer
                0x0001e630       0x70 .\CortexM3\ARM_GCC_493\Debug\MuxAdvance.a(LCD2.o)
                0x0001e630                LCD2_ClearRxBuffer
 .text.LCD2_PutChar
                0x0001e6a0       0x34 .\CortexM3\ARM_GCC_493\Debug\MuxAdvance.a(LCD2.o)
                0x0001e6a0                LCD2_PutChar
 .text.LCD2_RXISR
                0x0001e6d4       0xa8 .\CortexM3\ARM_GCC_493\Debug\MuxAdvance.a(LCD2_INT.o)
                0x0001e6d4                LCD2_RXISR
 .text.LCD2_IntClock_Start
                0x0001e77c       0x34 .\CortexM3\ARM_GCC_493\Debug\MuxAdvance.a(LCD2_IntClock.o)
                0x0001e77c                LCD2_IntClock_Start
 .text.LCD1_Start
                0x0001e7b0       0x20 .\CortexM3\ARM_GCC_493\Debug\MuxAdvance.a(LCD1.o)
                0x0001e7b0                LCD1_Start
 .text.LCD1_Init
                0x0001e7d0       0x4c .\CortexM3\ARM_GCC_493\Debug\MuxAdvance.a(LCD1.o)
                0x0001e7d0                LCD1_Init
 .text.LCD1_Enable
                0x0001e81c       0x68 .\CortexM3\ARM_GCC_493\Debug\MuxAdvance.a(LCD1.o)
                0x0001e81c                LCD1_Enable
 .text.LCD1_EnableRxInt
                0x0001e884       0x18 .\CortexM3\ARM_GCC_493\Debug\MuxAdvance.a(LCD1.o)
                0x0001e884                LCD1_EnableRxInt
 .text.LCD1_DisableRxInt
                0x0001e89c       0x18 .\CortexM3\ARM_GCC_493\Debug\MuxAdvance.a(LCD1.o)
                0x0001e89c                LCD1_DisableRxInt
 .text.LCD1_GetRxBufferSize
                0x0001e8b4       0x80 .\CortexM3\ARM_GCC_493\Debug\MuxAdvance.a(LCD1.o)
                0x0001e8b4                LCD1_GetRxBufferSize
 .text.LCD1_ClearRxBuffer
                0x0001e934       0x70 .\CortexM3\ARM_GCC_493\Debug\MuxAdvance.a(LCD1.o)
                0x0001e934                LCD1_ClearRxBuffer
 .text.LCD1_PutChar
                0x0001e9a4       0x34 .\CortexM3\ARM_GCC_493\Debug\MuxAdvance.a(LCD1.o)
                0x0001e9a4                LCD1_PutChar
 .text.LCD1_RXISR
                0x0001e9d8       0xa8 .\CortexM3\ARM_GCC_493\Debug\MuxAdvance.a(LCD1_INT.o)
                0x0001e9d8                LCD1_RXISR
 .text.LCD1_IntClock_Start
                0x0001ea80       0x34 .\CortexM3\ARM_GCC_493\Debug\MuxAdvance.a(LCD1_IntClock.o)
                0x0001ea80                LCD1_IntClock_Start
 .text.Pump_AL_Start
                0x0001eab4       0x20 .\CortexM3\ARM_GCC_493\Debug\MuxAdvance.a(Pump_AL.o)
                0x0001eab4                Pump_AL_Start
 .text.Pump_AL_Init
                0x0001ead4       0x4c .\CortexM3\ARM_GCC_493\Debug\MuxAdvance.a(Pump_AL.o)
                0x0001ead4                Pump_AL_Init
 .text.Pump_AL_Enable
                0x0001eb20       0x64 .\CortexM3\ARM_GCC_493\Debug\MuxAdvance.a(Pump_AL.o)
                0x0001eb20                Pump_AL_Enable
 .text.Pump_AL_EnableRxInt
                0x0001eb84       0x18 .\CortexM3\ARM_GCC_493\Debug\MuxAdvance.a(Pump_AL.o)
                0x0001eb84                Pump_AL_EnableRxInt
 .text.Pump_AL_DisableRxInt
                0x0001eb9c       0x18 .\CortexM3\ARM_GCC_493\Debug\MuxAdvance.a(Pump_AL.o)
                0x0001eb9c                Pump_AL_DisableRxInt
 .text.Pump_AL_ReadRxData
                0x0001ebb4       0x84 .\CortexM3\ARM_GCC_493\Debug\MuxAdvance.a(Pump_AL.o)
                0x0001ebb4                Pump_AL_ReadRxData
 .text.Pump_AL_GetRxBufferSize
                0x0001ec38       0x84 .\CortexM3\ARM_GCC_493\Debug\MuxAdvance.a(Pump_AL.o)
                0x0001ec38                Pump_AL_GetRxBufferSize
 .text.Pump_AL_ClearRxBuffer
                0x0001ecbc       0x70 .\CortexM3\ARM_GCC_493\Debug\MuxAdvance.a(Pump_AL.o)
                0x0001ecbc                Pump_AL_ClearRxBuffer
 .text.Pump_AL_PutChar
                0x0001ed2c       0x34 .\CortexM3\ARM_GCC_493\Debug\MuxAdvance.a(Pump_AL.o)
                0x0001ed2c                Pump_AL_PutChar
 .text.Pump_AL_RXISR
                0x0001ed60       0xa8 .\CortexM3\ARM_GCC_493\Debug\MuxAdvance.a(Pump_AL_INT.o)
                0x0001ed60                Pump_AL_RXISR
 .text.Tag_Start
                0x0001ee08       0x20 .\CortexM3\ARM_GCC_493\Debug\MuxAdvance.a(Tag.o)
                0x0001ee08                Tag_Start
 .text.Tag_Init
                0x0001ee28       0x4c .\CortexM3\ARM_GCC_493\Debug\MuxAdvance.a(Tag.o)
                0x0001ee28                Tag_Init
 .text.Tag_Enable
                0x0001ee74       0x68 .\CortexM3\ARM_GCC_493\Debug\MuxAdvance.a(Tag.o)
                0x0001ee74                Tag_Enable
 .text.Tag_EnableRxInt
                0x0001eedc       0x18 .\CortexM3\ARM_GCC_493\Debug\MuxAdvance.a(Tag.o)
                0x0001eedc                Tag_EnableRxInt
 .text.Tag_DisableRxInt
                0x0001eef4       0x18 .\CortexM3\ARM_GCC_493\Debug\MuxAdvance.a(Tag.o)
                0x0001eef4                Tag_DisableRxInt
 .text.Tag_ReadRxData
                0x0001ef0c       0x84 .\CortexM3\ARM_GCC_493\Debug\MuxAdvance.a(Tag.o)
                0x0001ef0c                Tag_ReadRxData
 .text.Tag_GetRxBufferSize
                0x0001ef90       0x84 .\CortexM3\ARM_GCC_493\Debug\MuxAdvance.a(Tag.o)
                0x0001ef90                Tag_GetRxBufferSize
 .text.Tag_ClearRxBuffer
                0x0001f014       0x70 .\CortexM3\ARM_GCC_493\Debug\MuxAdvance.a(Tag.o)
                0x0001f014                Tag_ClearRxBuffer
 .text.Tag_PutChar
                0x0001f084       0x34 .\CortexM3\ARM_GCC_493\Debug\MuxAdvance.a(Tag.o)
                0x0001f084                Tag_PutChar
 .text.Tag_RXISR
                0x0001f0b8       0xa8 .\CortexM3\ARM_GCC_493\Debug\MuxAdvance.a(Tag_INT.o)
                0x0001f0b8                Tag_RXISR
 .text.Tag_IntClock_Start
                0x0001f160       0x34 .\CortexM3\ARM_GCC_493\Debug\MuxAdvance.a(Tag_IntClock.o)
                0x0001f160                Tag_IntClock_Start
 .text.Code_Bar_Start
                0x0001f194       0x20 .\CortexM3\ARM_GCC_493\Debug\MuxAdvance.a(Code_Bar.o)
                0x0001f194                Code_Bar_Start
 .text.Code_Bar_Init
                0x0001f1b4       0x4c .\CortexM3\ARM_GCC_493\Debug\MuxAdvance.a(Code_Bar.o)
                0x0001f1b4                Code_Bar_Init
 .text.Code_Bar_Enable
                0x0001f200       0x68 .\CortexM3\ARM_GCC_493\Debug\MuxAdvance.a(Code_Bar.o)
                0x0001f200                Code_Bar_Enable
 .text.Code_Bar_EnableRxInt
                0x0001f268       0x18 .\CortexM3\ARM_GCC_493\Debug\MuxAdvance.a(Code_Bar.o)
                0x0001f268                Code_Bar_EnableRxInt
 .text.Code_Bar_DisableRxInt
                0x0001f280       0x18 .\CortexM3\ARM_GCC_493\Debug\MuxAdvance.a(Code_Bar.o)
                0x0001f280                Code_Bar_DisableRxInt
 .text.Code_Bar_ReadRxData
                0x0001f298       0x84 .\CortexM3\ARM_GCC_493\Debug\MuxAdvance.a(Code_Bar.o)
                0x0001f298                Code_Bar_ReadRxData
 .text.Code_Bar_GetRxBufferSize
                0x0001f31c       0x84 .\CortexM3\ARM_GCC_493\Debug\MuxAdvance.a(Code_Bar.o)
                0x0001f31c                Code_Bar_GetRxBufferSize
 .text.Code_Bar_ClearRxBuffer
                0x0001f3a0       0x70 .\CortexM3\ARM_GCC_493\Debug\MuxAdvance.a(Code_Bar.o)
                0x0001f3a0                Code_Bar_ClearRxBuffer
 .text.Code_Bar_RXISR
                0x0001f410       0xa8 .\CortexM3\ARM_GCC_493\Debug\MuxAdvance.a(Code_Bar_INT.o)
                0x0001f410                Code_Bar_RXISR
 .text.Code_Bar_IntClock_Start
                0x0001f4b8       0x34 .\CortexM3\ARM_GCC_493\Debug\MuxAdvance.a(Code_Bar_IntClock.o)
                0x0001f4b8                Code_Bar_IntClock_Start
 .text.CySetTempInt
                0x0001f4ec       0x7c .\CortexM3\ARM_GCC_493\Debug\MuxAdvance.a(CyFlash.o)
 .text.CyFlashGetSpcAlgorithm
                0x0001f568       0x70 .\CortexM3\ARM_GCC_493\Debug\MuxAdvance.a(CyFlash.o)
 .text.CySetTemp
                0x0001f5d8       0x24 .\CortexM3\ARM_GCC_493\Debug\MuxAdvance.a(CyFlash.o)
                0x0001f5d8                CySetTemp
 .text.CyEEPROM_Start
                0x0001f5fc       0x8c .\CortexM3\ARM_GCC_493\Debug\MuxAdvance.a(CyFlash.o)
                0x0001f5fc                CyEEPROM_Start
 .text.CySpcStart
                0x0001f688       0x44 .\CortexM3\ARM_GCC_493\Debug\MuxAdvance.a(CySpc.o)
                0x0001f688                CySpcStart
 .text.CySpcReadData
                0x0001f6cc       0x58 .\CortexM3\ARM_GCC_493\Debug\MuxAdvance.a(CySpc.o)
                0x0001f6cc                CySpcReadData
 .text.CySpcLoadRow
                0x0001f724       0x8c .\CortexM3\ARM_GCC_493\Debug\MuxAdvance.a(CySpc.o)
                0x0001f724                CySpcLoadRow
 .text.CySpcWriteRow
                0x0001f7b0       0x98 .\CortexM3\ARM_GCC_493\Debug\MuxAdvance.a(CySpc.o)
                0x0001f7b0                CySpcWriteRow
 .text.CySpcGetTemp
                0x0001f848       0x64 .\CortexM3\ARM_GCC_493\Debug\MuxAdvance.a(CySpc.o)
                0x0001f848                CySpcGetTemp
 .text.CySpcLock
                0x0001f8ac       0x68 .\CortexM3\ARM_GCC_493\Debug\MuxAdvance.a(CySpc.o)
                0x0001f8ac                CySpcLock
 .text.CySpcUnlock
                0x0001f914       0x50 .\CortexM3\ARM_GCC_493\Debug\MuxAdvance.a(CySpc.o)
                0x0001f914                CySpcUnlock
 .text.CySpcGetAlgorithm
                0x0001f964       0x48 .\CortexM3\ARM_GCC_493\Debug\MuxAdvance.a(CySpc.o)
                0x0001f964                CySpcGetAlgorithm
 .text.pow      0x0001f9ac      0x2f0 c:/program files (x86)/cypress/psoc creator/3.3/psoc creator/import/gnu/arm/4.9.3/bin/../lib/gcc/arm-none-eabi/4.9.3/../../../../arm-none-eabi/lib/armv7-m\libm.a(lib_a-w_pow.o)
                0x0001f9ac                pow
 *fill*         0x0001fc9c        0x4 
 .text.__ieee754_pow
                0x0001fca0      0xaa0 c:/program files (x86)/cypress/psoc creator/3.3/psoc creator/import/gnu/arm/4.9.3/bin/../lib/gcc/arm-none-eabi/4.9.3/../../../../arm-none-eabi/lib/armv7-m\libm.a(lib_a-e_pow.o)
                0x0001fca0                __ieee754_pow
 .text.__ieee754_sqrt
                0x00020740      0x18c c:/program files (x86)/cypress/psoc creator/3.3/psoc creator/import/gnu/arm/4.9.3/bin/../lib/gcc/arm-none-eabi/4.9.3/../../../../arm-none-eabi/lib/armv7-m\libm.a(lib_a-e_sqrt.o)
                0x00020740                __ieee754_sqrt
 .text.fabs     0x000208cc        0x8 c:/program files (x86)/cypress/psoc creator/3.3/psoc creator/import/gnu/arm/4.9.3/bin/../lib/gcc/arm-none-eabi/4.9.3/../../../../arm-none-eabi/lib/armv7-m\libm.a(lib_a-s_fabs.o)
                0x000208cc                fabs
 .text.finite   0x000208d4        0xc c:/program files (x86)/cypress/psoc creator/3.3/psoc creator/import/gnu/arm/4.9.3/bin/../lib/gcc/arm-none-eabi/4.9.3/../../../../arm-none-eabi/lib/armv7-m\libm.a(lib_a-s_finite.o)
                0x000208d4                finite
 .text.__fpclassifyd
                0x000208e0       0x58 c:/program files (x86)/cypress/psoc creator/3.3/psoc creator/import/gnu/arm/4.9.3/bin/../lib/gcc/arm-none-eabi/4.9.3/../../../../arm-none-eabi/lib/armv7-m\libm.a(lib_a-s_fpclassify.o)
                0x000208e0                __fpclassifyd
 .text.matherr  0x00020938        0x4 c:/program files (x86)/cypress/psoc creator/3.3/psoc creator/import/gnu/arm/4.9.3/bin/../lib/gcc/arm-none-eabi/4.9.3/../../../../arm-none-eabi/lib/armv7-m\libm.a(lib_a-s_matherr.o)
                0x00020938                matherr
 .text.nan      0x0002093c        0xc c:/program files (x86)/cypress/psoc creator/3.3/psoc creator/import/gnu/arm/4.9.3/bin/../lib/gcc/arm-none-eabi/4.9.3/../../../../arm-none-eabi/lib/armv7-m\libm.a(lib_a-s_nan.o)
                0x0002093c                nan
 .text.rint     0x00020948      0x11c c:/program files (x86)/cypress/psoc creator/3.3/psoc creator/import/gnu/arm/4.9.3/bin/../lib/gcc/arm-none-eabi/4.9.3/../../../../arm-none-eabi/lib/armv7-m\libm.a(lib_a-s_rint.o)
                0x00020948                rint
 *fill*         0x00020a64        0x4 
 .text.scalbn   0x00020a68       0xf0 c:/program files (x86)/cypress/psoc creator/3.3/psoc creator/import/gnu/arm/4.9.3/bin/../lib/gcc/arm-none-eabi/4.9.3/../../../../arm-none-eabi/lib/armv7-m\libm.a(lib_a-s_scalbn.o)
                0x00020a68                scalbn
 .text.copysign
                0x00020b58       0x10 c:/program files (x86)/cypress/psoc creator/3.3/psoc creator/import/gnu/arm/4.9.3/bin/../lib/gcc/arm-none-eabi/4.9.3/../../../../arm-none-eabi/lib/armv7-m\libm.a(lib_a-s_copysign.o)
                0x00020b58                copysign
 .text          0x00020b68      0x370 c:/program files (x86)/cypress/psoc creator/3.3/psoc creator/import/gnu/arm/4.9.3/bin/../lib/gcc/arm-none-eabi/4.9.3/armv7-m\libgcc.a(_arm_addsubdf3.o)
                0x00020b68                __aeabi_drsub
                0x00020b70                __aeabi_dsub
                0x00020b70                __subdf3
                0x00020b74                __aeabi_dadd
                0x00020b74                __adddf3
                0x00020dec                __floatunsidf
                0x00020dec                __aeabi_ui2d
                0x00020e0c                __floatsidf
                0x00020e0c                __aeabi_i2d
                0x00020e30                __aeabi_f2d
                0x00020e30                __extendsfdf2
                0x00020e6c                __floatundidf
                0x00020e6c                __aeabi_ul2d
                0x00020e7c                __floatdidf
                0x00020e7c                __aeabi_l2d
 .text          0x00020ed8      0x424 c:/program files (x86)/cypress/psoc creator/3.3/psoc creator/import/gnu/arm/4.9.3/bin/../lib/gcc/arm-none-eabi/4.9.3/armv7-m\libgcc.a(_arm_muldivdf3.o)
                0x00020ed8                __aeabi_dmul
                0x00020ed8                __muldf3
                0x0002112c                __divdf3
                0x0002112c                __aeabi_ddiv
 .text          0x000212fc      0x110 c:/program files (x86)/cypress/psoc creator/3.3/psoc creator/import/gnu/arm/4.9.3/bin/../lib/gcc/arm-none-eabi/4.9.3/armv7-m\libgcc.a(_arm_cmpdf2.o)
                0x000212fc                __gtdf2
                0x000212fc                __gedf2
                0x00021304                __ltdf2
                0x00021304                __ledf2
                0x0002130c                __nedf2
                0x0002130c                __eqdf2
                0x0002130c                __cmpdf2
                0x00021388                __aeabi_cdrcmple
                0x00021398                __aeabi_cdcmpeq
                0x00021398                __aeabi_cdcmple
                0x000213a8                __aeabi_dcmpeq
                0x000213bc                __aeabi_dcmplt
                0x000213d0                __aeabi_dcmple
                0x000213e4                __aeabi_dcmpge
                0x000213f8                __aeabi_dcmpgt
 .text          0x0002140c       0x40 c:/program files (x86)/cypress/psoc creator/3.3/psoc creator/import/gnu/arm/4.9.3/bin/../lib/gcc/arm-none-eabi/4.9.3/armv7-m\libgcc.a(_arm_fixunsdfsi.o)
                0x0002140c                __aeabi_d2uiz
                0x0002140c                __fixunsdfsi
 .text.__errno  0x0002144c        0xc c:/program files (x86)/cypress/psoc creator/3.3/psoc creator/import/gnu/arm/4.9.3/bin/../lib/gcc/arm-none-eabi/4.9.3/../../../../arm-none-eabi/lib/armv7-m\libg_nano.a(lib_a-errno.o)
                0x0002144c                __errno
 .text.__libc_init_array
                0x00021458       0x4c c:/program files (x86)/cypress/psoc creator/3.3/psoc creator/import/gnu/arm/4.9.3/bin/../lib/gcc/arm-none-eabi/4.9.3/../../../../arm-none-eabi/lib/armv7-m\libg_nano.a(lib_a-init.o)
                0x00021458                __libc_init_array
 .text.memcpy   0x000214a4       0x16 c:/program files (x86)/cypress/psoc creator/3.3/psoc creator/import/gnu/arm/4.9.3/bin/../lib/gcc/arm-none-eabi/4.9.3/../../../../arm-none-eabi/lib/armv7-m\libg_nano.a(lib_a-memcpy.o)
                0x000214a4                memcpy
 .text.memset   0x000214ba       0x10 c:/program files (x86)/cypress/psoc creator/3.3/psoc creator/import/gnu/arm/4.9.3/bin/../lib/gcc/arm-none-eabi/4.9.3/../../../../arm-none-eabi/lib/armv7-m\libg_nano.a(lib_a-memset.o)
                0x000214ba                memset
 .text.__cvt    0x000214ca       0xbc c:/program files (x86)/cypress/psoc creator/3.3/psoc creator/import/gnu/arm/4.9.3/bin/../lib/gcc/arm-none-eabi/4.9.3/../../../../arm-none-eabi/lib/armv7-m\libg_nano.a(lib_a-nano-vfprintf_float.o)
                0x000214ca                __cvt
 .text.__exponent
                0x00021586       0x62 c:/program files (x86)/cypress/psoc creator/3.3/psoc creator/import/gnu/arm/4.9.3/bin/../lib/gcc/arm-none-eabi/4.9.3/../../../../arm-none-eabi/lib/armv7-m\libg_nano.a(lib_a-nano-vfprintf_float.o)
                0x00021586                __exponent
 .text._printf_float
                0x000215e8      0x48c c:/program files (x86)/cypress/psoc creator/3.3/psoc creator/import/gnu/arm/4.9.3/bin/../lib/gcc/arm-none-eabi/4.9.3/../../../../arm-none-eabi/lib/armv7-m\libg_nano.a(lib_a-nano-vfprintf_float.o)
                0x000215e8                _printf_float
 .text._printf_common
                0x00021a74       0xea c:/program files (x86)/cypress/psoc creator/3.3/psoc creator/import/gnu/arm/4.9.3/bin/../lib/gcc/arm-none-eabi/4.9.3/../../../../arm-none-eabi/lib/armv7-m\libg_nano.a(lib_a-nano-vfprintf_i.o)
                0x00021a74                _printf_common
 .text.strlen   0x00021b5e       0x10 c:/program files (x86)/cypress/psoc creator/3.3/psoc creator/import/gnu/arm/4.9.3/bin/../lib/gcc/arm-none-eabi/4.9.3/../../../../arm-none-eabi/lib/armv7-m\libg_nano.a(lib_a-strlen.o)
                0x00021b5e                strlen
 .text.quorem   0x00021b6e      0x114 c:/program files (x86)/cypress/psoc creator/3.3/psoc creator/import/gnu/arm/4.9.3/bin/../lib/gcc/arm-none-eabi/4.9.3/../../../../arm-none-eabi/lib/armv7-m\libg_nano.a(lib_a-dtoa.o)
 *fill*         0x00021c82        0x6 
 .text._dtoa_r  0x00021c88      0xb78 c:/program files (x86)/cypress/psoc creator/3.3/psoc creator/import/gnu/arm/4.9.3/bin/../lib/gcc/arm-none-eabi/4.9.3/../../../../arm-none-eabi/lib/armv7-m\libg_nano.a(lib_a-dtoa.o)
                0x00021c88                _dtoa_r
 .text._localeconv_r
                0x00022800        0x8 c:/program files (x86)/cypress/psoc creator/3.3/psoc creator/import/gnu/arm/4.9.3/bin/../lib/gcc/arm-none-eabi/4.9.3/../../../../arm-none-eabi/lib/armv7-m\libg_nano.a(lib_a-locale.o)
                0x00022800                _localeconv_r
 .text.malloc   0x00022808       0x10 c:/program files (x86)/cypress/psoc creator/3.3/psoc creator/import/gnu/arm/4.9.3/bin/../lib/gcc/arm-none-eabi/4.9.3/../../../../arm-none-eabi/lib/armv7-m\libg_nano.a(lib_a-malloc.o)
                0x00022808                malloc
 .text._Balloc  0x00022818       0x6a c:/program files (x86)/cypress/psoc creator/3.3/psoc creator/import/gnu/arm/4.9.3/bin/../lib/gcc/arm-none-eabi/4.9.3/../../../../arm-none-eabi/lib/armv7-m\libg_nano.a(lib_a-mprec.o)
                0x00022818                _Balloc
 .text._Bfree   0x00022882       0x2e c:/program files (x86)/cypress/psoc creator/3.3/psoc creator/import/gnu/arm/4.9.3/bin/../lib/gcc/arm-none-eabi/4.9.3/../../../../arm-none-eabi/lib/armv7-m\libg_nano.a(lib_a-mprec.o)
                0x00022882                _Bfree
 .text.__multadd
                0x000228b0       0x7c c:/program files (x86)/cypress/psoc creator/3.3/psoc creator/import/gnu/arm/4.9.3/bin/../lib/gcc/arm-none-eabi/4.9.3/../../../../arm-none-eabi/lib/armv7-m\libg_nano.a(lib_a-mprec.o)
                0x000228b0                __multadd
 .text.__hi0bits
                0x0002292c       0x40 c:/program files (x86)/cypress/psoc creator/3.3/psoc creator/import/gnu/arm/4.9.3/bin/../lib/gcc/arm-none-eabi/4.9.3/../../../../arm-none-eabi/lib/armv7-m\libg_nano.a(lib_a-mprec.o)
                0x0002292c                __hi0bits
 .text.__lo0bits
                0x0002296c       0x5a c:/program files (x86)/cypress/psoc creator/3.3/psoc creator/import/gnu/arm/4.9.3/bin/../lib/gcc/arm-none-eabi/4.9.3/../../../../arm-none-eabi/lib/armv7-m\libg_nano.a(lib_a-mprec.o)
                0x0002296c                __lo0bits
 .text.__i2b    0x000229c6       0x12 c:/program files (x86)/cypress/psoc creator/3.3/psoc creator/import/gnu/arm/4.9.3/bin/../lib/gcc/arm-none-eabi/4.9.3/../../../../arm-none-eabi/lib/armv7-m\libg_nano.a(lib_a-mprec.o)
                0x000229c6                __i2b
 .text.__multiply
                0x000229d8      0x120 c:/program files (x86)/cypress/psoc creator/3.3/psoc creator/import/gnu/arm/4.9.3/bin/../lib/gcc/arm-none-eabi/4.9.3/../../../../arm-none-eabi/lib/armv7-m\libg_nano.a(lib_a-mprec.o)
                0x000229d8                __multiply
 .text.__pow5mult
                0x00022af8       0x9c c:/program files (x86)/cypress/psoc creator/3.3/psoc creator/import/gnu/arm/4.9.3/bin/../lib/gcc/arm-none-eabi/4.9.3/../../../../arm-none-eabi/lib/armv7-m\libg_nano.a(lib_a-mprec.o)
                0x00022af8                __pow5mult
 .text.__lshift
                0x00022b94       0xa6 c:/program files (x86)/cypress/psoc creator/3.3/psoc creator/import/gnu/arm/4.9.3/bin/../lib/gcc/arm-none-eabi/4.9.3/../../../../arm-none-eabi/lib/armv7-m\libg_nano.a(lib_a-mprec.o)
                0x00022b94                __lshift
 .text.__mcmp   0x00022c3a       0x38 c:/program files (x86)/cypress/psoc creator/3.3/psoc creator/import/gnu/arm/4.9.3/bin/../lib/gcc/arm-none-eabi/4.9.3/../../../../arm-none-eabi/lib/armv7-m\libg_nano.a(lib_a-mprec.o)
                0x00022c3a                __mcmp
 .text.__mdiff  0x00022c72       0xbe c:/program files (x86)/cypress/psoc creator/3.3/psoc creator/import/gnu/arm/4.9.3/bin/../lib/gcc/arm-none-eabi/4.9.3/../../../../arm-none-eabi/lib/armv7-m\libg_nano.a(lib_a-mprec.o)
                0x00022c72                __mdiff
 .text.__d2b    0x00022d30       0xa4 c:/program files (x86)/cypress/psoc creator/3.3/psoc creator/import/gnu/arm/4.9.3/bin/../lib/gcc/arm-none-eabi/4.9.3/../../../../arm-none-eabi/lib/armv7-m\libg_nano.a(lib_a-mprec.o)
                0x00022d30                __d2b
 .text._calloc_r
                0x00022dd4       0x1c c:/program files (x86)/cypress/psoc creator/3.3/psoc creator/import/gnu/arm/4.9.3/bin/../lib/gcc/arm-none-eabi/4.9.3/../../../../arm-none-eabi/lib/armv7-m\libg_nano.a(lib_a-nano-callocr.o)
                0x00022dd4                _calloc_r
 .text._malloc_r
                0x00022df0       0xac c:/program files (x86)/cypress/psoc creator/3.3/psoc creator/import/gnu/arm/4.9.3/bin/../lib/gcc/arm-none-eabi/4.9.3/../../../../arm-none-eabi/lib/armv7-m\libg_nano.a(lib_a-nano-mallocr.o)
                0x00022df0                _malloc_r
 .text._sbrk_r  0x00022e9c       0x20 c:/program files (x86)/cypress/psoc creator/3.3/psoc creator/import/gnu/arm/4.9.3/bin/../lib/gcc/arm-none-eabi/4.9.3/../../../../arm-none-eabi/lib/armv7-m\libg_nano.a(lib_a-sbrkr.o)
                0x00022e9c                _sbrk_r
 .text          0x00022ebc       0x50 c:/program files (x86)/cypress/psoc creator/3.3/psoc creator/import/gnu/arm/4.9.3/bin/../lib/gcc/arm-none-eabi/4.9.3/armv7-m\libgcc.a(_arm_fixdfsi.o)
                0x00022ebc                __aeabi_d2iz
                0x00022ebc                __fixdfsi
 *(.plt)
 *(.gnu.warning)
 *(.glue_7t)
 .glue_7t       0x00000000        0x0 linker stubs
 *(.glue_7)
 .glue_7        0x00000000        0x0 linker stubs
 *(.vfp11_veneer)
 .vfp11_veneer  0x00000000        0x0 linker stubs
 *(.bootloader)
 *(.ARM.extab* .gnu.linkonce.armextab.*)
 *(.gcc_except_table)

.v4_bx          0x00022f0c        0x0
 .v4_bx         0x00000000        0x0 linker stubs

.iplt           0x00022f0c        0x0
 .iplt          0x00000000        0x0 c:/program files (x86)/cypress/psoc creator/3.3/psoc creator/import/gnu/arm/4.9.3/bin/../lib/gcc/arm-none-eabi/4.9.3/armv7-m/crtbegin.o

.eh_frame_hdr
 *(.eh_frame_hdr)

.eh_frame       0x00022f0c        0x4
 *(.eh_frame)
 .eh_frame      0x00022f0c        0x0 c:/program files (x86)/cypress/psoc creator/3.3/psoc creator/import/gnu/arm/4.9.3/bin/../lib/gcc/arm-none-eabi/4.9.3/armv7-m/crtbegin.o
 .eh_frame      0x00022f0c        0x0 c:/program files (x86)/cypress/psoc creator/3.3/psoc creator/import/gnu/arm/4.9.3/bin/../lib/gcc/arm-none-eabi/4.9.3/../../../../arm-none-eabi/lib/armv7-m\libg_nano.a(lib_a-strcmp.o)
                                 0x28 (size before relaxing)
 .eh_frame      0x00022f0c        0x4 c:/program files (x86)/cypress/psoc creator/3.3/psoc creator/import/gnu/arm/4.9.3/bin/../lib/gcc/arm-none-eabi/4.9.3/armv7-m/crtend.o
                0x00022f10                PROVIDE (__exidx_start, .)

.ARM.exidx
 *(.ARM.exidx* .gnu.linkonce.armexidx.*)
                0x00022f10                __exidx_end = .

.rodata         0x00022f10      0x280
 *(.rodata .rodata.* .gnu.linkonce.r.*)
 .rodata        0x00022f10       0x1c .\CortexM3\ARM_GCC_493\Debug\LCD.o
 .rodata        0x00022f2c       0x1c .\CortexM3\ARM_GCC_493\Debug\protocol.o
 .rodata        0x00022f48        0xc .\CortexM3\ARM_GCC_493\Debug\operations.o
 .rodata        0x00022f54       0x90 .\CortexM3\ARM_GCC_493\Debug\MuxAdvance.a(cyfitter_cfg.o)
 .rodata.str1.4
                0x00022fe4        0x4 c:/program files (x86)/cypress/psoc creator/3.3/psoc creator/import/gnu/arm/4.9.3/bin/../lib/gcc/arm-none-eabi/4.9.3/../../../../arm-none-eabi/lib/armv7-m\libm.a(lib_a-w_pow.o)
 .rodata.dp_h   0x00022fe8       0x10 c:/program files (x86)/cypress/psoc creator/3.3/psoc creator/import/gnu/arm/4.9.3/bin/../lib/gcc/arm-none-eabi/4.9.3/../../../../arm-none-eabi/lib/armv7-m\libm.a(lib_a-e_pow.o)
 .rodata.dp_l   0x00022ff8       0x10 c:/program files (x86)/cypress/psoc creator/3.3/psoc creator/import/gnu/arm/4.9.3/bin/../lib/gcc/arm-none-eabi/4.9.3/../../../../arm-none-eabi/lib/armv7-m\libm.a(lib_a-e_pow.o)
 .rodata.bp     0x00023008       0x10 c:/program files (x86)/cypress/psoc creator/3.3/psoc creator/import/gnu/arm/4.9.3/bin/../lib/gcc/arm-none-eabi/4.9.3/../../../../arm-none-eabi/lib/armv7-m\libm.a(lib_a-e_pow.o)
 .rodata.str1.4
                0x00023018        0x4 c:/program files (x86)/cypress/psoc creator/3.3/psoc creator/import/gnu/arm/4.9.3/bin/../lib/gcc/arm-none-eabi/4.9.3/../../../../arm-none-eabi/lib/armv7-m\libm.a(lib_a-e_pow.o)
 *fill*         0x0002301c        0x4 
 .rodata.TWO52  0x00023020       0x10 c:/program files (x86)/cypress/psoc creator/3.3/psoc creator/import/gnu/arm/4.9.3/bin/../lib/gcc/arm-none-eabi/4.9.3/../../../../arm-none-eabi/lib/armv7-m\libm.a(lib_a-s_rint.o)
 .rodata.str1.1
                0x00023030        0x2 c:/program files (x86)/cypress/psoc creator/3.3/psoc creator/import/gnu/arm/4.9.3/bin/../lib/gcc/arm-none-eabi/4.9.3/../../../../arm-none-eabi/lib/armv7-m\libg_nano.a(lib_a-impure.o)
 .rodata.str1.1
                0x00023032       0x12 c:/program files (x86)/cypress/psoc creator/3.3/psoc creator/import/gnu/arm/4.9.3/bin/../lib/gcc/arm-none-eabi/4.9.3/../../../../arm-none-eabi/lib/armv7-m\libg_nano.a(lib_a-nano-vfprintf_float.o)
 .rodata.str1.1
                0x00023044        0xd c:/program files (x86)/cypress/psoc creator/3.3/psoc creator/import/gnu/arm/4.9.3/bin/../lib/gcc/arm-none-eabi/4.9.3/../../../../arm-none-eabi/lib/armv7-m\libg_nano.a(lib_a-dtoa.o)
                                  0xf (size before relaxing)
 .rodata.str1.1
                0x00023051        0x8 c:/program files (x86)/cypress/psoc creator/3.3/psoc creator/import/gnu/arm/4.9.3/bin/../lib/gcc/arm-none-eabi/4.9.3/../../../../arm-none-eabi/lib/armv7-m\libg_nano.a(lib_a-locale.o)
                                  0xb (size before relaxing)
 *fill*         0x00023059        0x7 
 .rodata.__mprec_tens
                0x00023060       0xc8 c:/program files (x86)/cypress/psoc creator/3.3/psoc creator/import/gnu/arm/4.9.3/bin/../lib/gcc/arm-none-eabi/4.9.3/../../../../arm-none-eabi/lib/armv7-m\libg_nano.a(lib_a-mprec.o)
                0x00023060                __mprec_tens
 .rodata.__mprec_bigtens
                0x00023128       0x28 c:/program files (x86)/cypress/psoc creator/3.3/psoc creator/import/gnu/arm/4.9.3/bin/../lib/gcc/arm-none-eabi/4.9.3/../../../../arm-none-eabi/lib/armv7-m\libg_nano.a(lib_a-mprec.o)
                0x00023128                __mprec_bigtens
 .rodata.p05.5308
                0x00023150        0xc c:/program files (x86)/cypress/psoc creator/3.3/psoc creator/import/gnu/arm/4.9.3/bin/../lib/gcc/arm-none-eabi/4.9.3/../../../../arm-none-eabi/lib/armv7-m\libg_nano.a(lib_a-mprec.o)
                0x0002315c                . = ALIGN (0x4)
 *(.init)
 .init          0x0002315c        0x4 c:/program files (x86)/cypress/psoc creator/3.3/psoc creator/import/gnu/arm/4.9.3/bin/../lib/gcc/arm-none-eabi/4.9.3/armv7-m/crti.o
                0x0002315c                _init
 .init          0x00023160        0x8 c:/program files (x86)/cypress/psoc creator/3.3/psoc creator/import/gnu/arm/4.9.3/bin/../lib/gcc/arm-none-eabi/4.9.3/armv7-m/crtn.o
                0x00023168                . = ALIGN (0x4)
                0x00023168                __preinit_array_start = .
 *(.preinit_array)
                0x00023168                __preinit_array_end = .
                0x00023168                . = ALIGN (0x4)
                0x00023168                __init_array_start = .
 *(SORT(.init_array.*))
 *(.init_array)
 .init_array    0x00023168        0x4 c:/program files (x86)/cypress/psoc creator/3.3/psoc creator/import/gnu/arm/4.9.3/bin/../lib/gcc/arm-none-eabi/4.9.3/armv7-m/crtbegin.o
 .init_array    0x0002316c        0x4 .\CortexM3\ARM_GCC_493\Debug\Cm3Start.o
                0x00023170                __init_array_end = .
                0x00023170                . = ALIGN (0x4)
 *(.fini)
 .fini          0x00023170        0x4 c:/program files (x86)/cypress/psoc creator/3.3/psoc creator/import/gnu/arm/4.9.3/bin/../lib/gcc/arm-none-eabi/4.9.3/armv7-m/crti.o
                0x00023170                _fini
 .fini          0x00023174        0x8 c:/program files (x86)/cypress/psoc creator/3.3/psoc creator/import/gnu/arm/4.9.3/bin/../lib/gcc/arm-none-eabi/4.9.3/armv7-m/crtn.o
                0x0002317c                . = ALIGN (0x4)
                0x0002317c                __fini_array_start = .
 *(.fini_array)
 .fini_array    0x0002317c        0x4 c:/program files (x86)/cypress/psoc creator/3.3/psoc creator/import/gnu/arm/4.9.3/bin/../lib/gcc/arm-none-eabi/4.9.3/armv7-m/crtbegin.o
 *(SORT(.fini_array.*))
                0x00023180                __fini_array_end = .
                0x00023180                . = ALIGN (0x4)
 *crtbegin.o(.ctors)
 *(EXCLUDE_FILE(*crtend.o) .ctors)
 *(SORT(.ctors.*))
 *crtend.o(.ctors)
                0x00023180                . = ALIGN (0x4)
 *crtbegin.o(.dtors)
 *(EXCLUDE_FILE(*crtend.o) .dtors)
 *(SORT(.dtors.*))
 *crtend.o(.dtors)
                0x00023180                . = ALIGN (0x4)
                0x00023180                __cy_regions = .
                0x00023180        0x4 LONG 0x23190 __cy_region_init_ram
                0x00023184        0x4 LONG 0x1fff8108 __cy_region_start_data
                0x00023188        0x4 LONG 0xd0 __cy_region_init_size_ram
                0x0002318c        0x4 LONG 0x14f8 __cy_region_zero_size_ram
                0x00023190                __cy_regions_end = .
                0x00023190                . = ALIGN (0x8)
                0x00023190                _etext = .

.ramvectors     0x1fff8000      0x100
                0x1fff8000                __cy_region_start_ram = .
 *(.ramvectors)
 .ramvectors    0x1fff8000      0x100 .\CortexM3\ARM_GCC_493\Debug\Cm3Start.o
                0x1fff8000                CyRamVectors

.noinit         0x1fff8100        0x5
 *(.noinit)
 .noinit        0x1fff8100        0x4 .\CortexM3\ARM_GCC_493\Debug\Cm3Start.o
 .noinit        0x1fff8104        0x1 .\CortexM3\ARM_GCC_493\Debug\MuxAdvance.a(CyLib.o)
                0x1fff8104                CyResetStatus

.data           0x1fff8108       0xd0 load address 0x00023190
                0x1fff8108                __cy_region_start_data = .
 *(.jcr)
 .jcr           0x1fff8108        0x0 c:/program files (x86)/cypress/psoc creator/3.3/psoc creator/import/gnu/arm/4.9.3/bin/../lib/gcc/arm-none-eabi/4.9.3/armv7-m/crtbegin.o
 .jcr           0x1fff8108        0x4 c:/program files (x86)/cypress/psoc creator/3.3/psoc creator/import/gnu/arm/4.9.3/bin/../lib/gcc/arm-none-eabi/4.9.3/armv7-m/crtend.o
 *(.got.plt)
 *(.got)
 *(.shdata)
 *(.data .data.* .gnu.linkonce.d.*)
 .data          0x1fff810c       0x14 .\CortexM3\ARM_GCC_493\Debug\main.o
                0x1fff810c                version
                0x1fff8118                passwordPump
 .data          0x1fff8120        0x4 .\CortexM3\ARM_GCC_493\Debug\Cm3Start.o
 .data          0x1fff8124       0x10 .\CortexM3\ARM_GCC_493\Debug\MuxAdvance.a(CyLib.o)
                0x1fff8124                cydelay_freq_hz
                0x1fff8128                cydelay_freq_khz
                0x1fff812c                cydelay_freq_mhz
                0x1fff8130                cydelay_32k_ms
 .data.__fdlib_version
                0x1fff8134        0x1 c:/program files (x86)/cypress/psoc creator/3.3/psoc creator/import/gnu/arm/4.9.3/bin/../lib/gcc/arm-none-eabi/4.9.3/../../../../arm-none-eabi/lib/armv7-m\libm.a(lib_a-s_lib_ver.o)
                0x1fff8134                __fdlib_version
 *fill*         0x1fff8135        0x3 
 .data.impure_data
                0x1fff8138       0x60 c:/program files (x86)/cypress/psoc creator/3.3/psoc creator/import/gnu/arm/4.9.3/bin/../lib/gcc/arm-none-eabi/4.9.3/../../../../arm-none-eabi/lib/armv7-m\libg_nano.a(lib_a-impure.o)
 .data._impure_ptr
                0x1fff8198        0x4 c:/program files (x86)/cypress/psoc creator/3.3/psoc creator/import/gnu/arm/4.9.3/bin/../lib/gcc/arm-none-eabi/4.9.3/../../../../arm-none-eabi/lib/armv7-m\libg_nano.a(lib_a-impure.o)
                0x1fff8198                _impure_ptr
 .data.lconv    0x1fff819c       0x38 c:/program files (x86)/cypress/psoc creator/3.3/psoc creator/import/gnu/arm/4.9.3/bin/../lib/gcc/arm-none-eabi/4.9.3/../../../../arm-none-eabi/lib/armv7-m\libg_nano.a(lib_a-locale.o)
                0x1fff81d8                . = ALIGN (0x8)
 *fill*         0x1fff81d4        0x4 
 *(.ram)
                0x1fff81d8                _edata = .

.igot.plt       0x1fff81d8        0x0 load address 0x00023260
 .igot.plt      0x00000000        0x0 c:/program files (x86)/cypress/psoc creator/3.3/psoc creator/import/gnu/arm/4.9.3/bin/../lib/gcc/arm-none-eabi/4.9.3/armv7-m/crtbegin.o

.bss            0x1fff81d8     0x14f8 load address 0x00023260
                0x1fff81d8                PROVIDE (__bss_start__, .)
 *(.shbss)
 *(.bss .bss.* .gnu.linkonce.b.*)
 .bss           0x1fff81d8       0x1c c:/program files (x86)/cypress/psoc creator/3.3/psoc creator/import/gnu/arm/4.9.3/bin/../lib/gcc/arm-none-eabi/4.9.3/armv7-m/crtbegin.o
 .bss           0x1fff81f4        0x1 .\CortexM3\ARM_GCC_493\Debug\MuxAdvance.a(I2C_1.o)
                0x1fff81f4                I2C_1_initVar
 .bss           0x1fff81f5        0x1 .\CortexM3\ARM_GCC_493\Debug\MuxAdvance.a(Waitable_2.o)
                0x1fff81f5                Waitable_2_initVar
 .bss           0x1fff81f6        0x1 .\CortexM3\ARM_GCC_493\Debug\MuxAdvance.a(Waitable_3.o)
                0x1fff81f6                Waitable_3_initVar
 .bss           0x1fff81f7        0x1 .\CortexM3\ARM_GCC_493\Debug\MuxAdvance.a(Waitable_1.o)
                0x1fff81f7                Waitable_1_initVar
 .bss           0x1fff81f8        0xa .\CortexM3\ARM_GCC_493\Debug\MuxAdvance.a(Beagle.o)
                0x1fff81f8                Beagle_initVar
                0x1fff81fa                Beagle_rxBufferRead
                0x1fff81fc                Beagle_rxBufferWrite
                0x1fff81fe                Beagle_rxBufferLoopDetect
                0x1fff81ff                Beagle_rxBufferOverflow
 .bss           0x1fff8202        0x6 .\CortexM3\ARM_GCC_493\Debug\MuxAdvance.a(LCD2.o)
                0x1fff8202                LCD2_initVar
                0x1fff8203                LCD2_rxBufferRead
                0x1fff8204                LCD2_rxBufferWrite
                0x1fff8205                LCD2_rxBufferLoopDetect
                0x1fff8206                LCD2_rxBufferOverflow
 .bss           0x1fff8208        0x6 .\CortexM3\ARM_GCC_493\Debug\MuxAdvance.a(LCD1.o)
                0x1fff8208                LCD1_initVar
                0x1fff8209                LCD1_rxBufferRead
                0x1fff820a                LCD1_rxBufferWrite
                0x1fff820b                LCD1_rxBufferLoopDetect
                0x1fff820c                LCD1_rxBufferOverflow
 .bss           0x1fff820e        0xa .\CortexM3\ARM_GCC_493\Debug\MuxAdvance.a(Pump_AL.o)
                0x1fff820e                Pump_AL_initVar
                0x1fff8210                Pump_AL_rxBufferRead
                0x1fff8212                Pump_AL_rxBufferWrite
                0x1fff8214                Pump_AL_rxBufferLoopDetect
                0x1fff8215                Pump_AL_rxBufferOverflow
 .bss           0x1fff8218        0xa .\CortexM3\ARM_GCC_493\Debug\MuxAdvance.a(Tag.o)
                0x1fff8218                Tag_initVar
                0x1fff821a                Tag_rxBufferRead
                0x1fff821c                Tag_rxBufferWrite
                0x1fff821e                Tag_rxBufferLoopDetect
                0x1fff821f                Tag_rxBufferOverflow
 .bss           0x1fff8222        0xa .\CortexM3\ARM_GCC_493\Debug\MuxAdvance.a(Code_Bar.o)
                0x1fff8222                Code_Bar_initVar
                0x1fff8224                Code_Bar_rxBufferRead
                0x1fff8226                Code_Bar_rxBufferWrite
                0x1fff8228                Code_Bar_rxBufferLoopDetect
                0x1fff8229                Code_Bar_rxBufferOverflow
 .bss           0x1fff822c        0x8 .\CortexM3\ARM_GCC_493\Debug\MuxAdvance.a(CySpc.o)
                0x1fff822c                SpcLockState
 .bss.__malloc_sbrk_start
                0x1fff8234        0x4 c:/program files (x86)/cypress/psoc creator/3.3/psoc creator/import/gnu/arm/4.9.3/bin/../lib/gcc/arm-none-eabi/4.9.3/../../../../arm-none-eabi/lib/armv7-m\libg_nano.a(lib_a-nano-mallocr.o)
                0x1fff8234                __malloc_sbrk_start
 .bss.__malloc_free_list
                0x1fff8238        0x4 c:/program files (x86)/cypress/psoc creator/3.3/psoc creator/import/gnu/arm/4.9.3/bin/../lib/gcc/arm-none-eabi/4.9.3/../../../../arm-none-eabi/lib/armv7-m\libg_nano.a(lib_a-nano-mallocr.o)
                0x1fff8238                __malloc_free_list
 *(COMMON)
 *fill*         0x1fff823c        0x4 
 COMMON         0x1fff8240      0xb86 .\CortexM3\ARM_GCC_493\Debug\I2C.o
                0x1fff8240                bufferLCD2
                0x1fff84bc                idSeller
                0x1fff84d8                delayPicture2
                0x1fff84dc                side
                0x1fff86dc                flagPoint2
                0x1fff86dd                decimalVolume
                0x1fff86e0                screen
                0x1fff86e8                countAnimation1
                0x1fff86f0                turn
                0x1fff86f4                button
                0x1fff8ab4                residue
                0x1fff8ac2                flagResetMux
                0x1fff8ac4                passwordSeller
                0x1fff8acc                presetFast
                0x1fff8aea                productNumber
                0x1fff8aec                symbols
                0x1fff8aee                digits
                0x1fff8aef                numberKeys1
                0x1fff8af0                ipAdress
                0x1fff8b00                countAnimation2
                0x1fff8b08                countBeagleTX
                0x1fff8b10                ppux10
                0x1fff8b14                time
                0x1fff8b17                flagPoint1
                0x1fff8b18                bufferLCD1
                0x1fff8d94                flowLCD1
                0x1fff8d98                temporal
                0x1fff8db6                numberKeys2
                0x1fff8db8                delayPicture1
                0x1fff8dbc                date
                0x1fff8dc0                flowLCD2
                0x1fff8dc4                decimalMoney
                0x1fff8dc5                typeIdSeller
 COMMON         0x1fff8dc6        0x1 .\CortexM3\ARM_GCC_493\Debug\MuxAdvance.a(I2C_1.o)
                0x1fff8dc6                I2C_1_state
 *fill*         0x1fff8dc7        0x1 
 COMMON         0x1fff8dc8       0x11 .\CortexM3\ARM_GCC_493\Debug\MuxAdvance.a(I2C_1_MASTER.o)
                0x1fff8dc8                I2C_1_mstrWrBufIndex
                0x1fff8dc9                I2C_1_mstrControl
                0x1fff8dca                I2C_1_mstrStatus
                0x1fff8dcb                I2C_1_mstrWrBufSize
                0x1fff8dcc                I2C_1_mstrRdBufIndex
                0x1fff8dd0                I2C_1_mstrWrBufPtr
                0x1fff8dd4                I2C_1_mstrRdBufPtr
                0x1fff8dd8                I2C_1_mstrRdBufSize
 *fill*         0x1fff8dd9        0x3 
 COMMON         0x1fff8ddc      0x5dc .\CortexM3\ARM_GCC_493\Debug\MuxAdvance.a(Beagle.o)
                0x1fff8ddc                Beagle_rxBuffer
 COMMON         0x1fff93b8        0x8 .\CortexM3\ARM_GCC_493\Debug\MuxAdvance.a(LCD2.o)
                0x1fff93b8                LCD2_rxBuffer
 COMMON         0x1fff93c0        0x8 .\CortexM3\ARM_GCC_493\Debug\MuxAdvance.a(LCD1.o)
                0x1fff93c0                LCD1_rxBuffer
 COMMON         0x1fff93c8      0x100 .\CortexM3\ARM_GCC_493\Debug\MuxAdvance.a(Pump_AL.o)
                0x1fff93c8                Pump_AL_rxBuffer
 COMMON         0x1fff94c8      0x100 .\CortexM3\ARM_GCC_493\Debug\MuxAdvance.a(Tag.o)
                0x1fff94c8                Tag_rxBuffer
 COMMON         0x1fff95c8      0x100 .\CortexM3\ARM_GCC_493\Debug\MuxAdvance.a(Code_Bar.o)
                0x1fff95c8                Code_Bar_rxBuffer
 COMMON         0x1fff96c8        0x2 .\CortexM3\ARM_GCC_493\Debug\MuxAdvance.a(CyFlash.o)
                0x1fff96c8                dieTemperature
 *fill*         0x1fff96ca        0x2 
 COMMON         0x1fff96cc        0x4 c:/program files (x86)/cypress/psoc creator/3.3/psoc creator/import/gnu/arm/4.9.3/bin/../lib/gcc/arm-none-eabi/4.9.3/../../../../arm-none-eabi/lib/armv7-m\libg_nano.a(lib_a-reent.o)
                0x1fff96cc                errno
                0x1fff96d0                . = ALIGN (0x8)
 *(.ram.b)
                0x1fff96d0                _end = .
                0x1fff96d0                __end = .
                0x1fff96d0                PROVIDE (end, .)
                0x1fff96d0                PROVIDE (__bss_end__, .)
                0x00023190                __cy_region_init_ram = LOADADDR (.data)
                0x000000d0                __cy_region_init_size_ram = (_edata - ADDR (.data))
                0x000014f8                __cy_region_zero_size_ram = (_end - _edata)

.heap           0x1fff96d0     0x2000 load address 0x00023260
                0x1fff96d0                . = _end
                0x1fffb6d0                . = (. + 0x2000)
 *fill*         0x1fff96d0     0x2000 
                0x1fffb6d0                __cy_heap_limit = .

.stack          0x20004000     0x4000
                0x20004000                __cy_stack_limit = .
                0x20008000                . = (. + 0x4000)
 *fill*         0x20004000     0x4000 
                0x00000001                ASSERT ((__cy_stack_limit >= __cy_heap_limit), region RAM overflowed with stack)

.cyloadermeta   0xf0000000       0x40
 *(.cyloadermeta)
 .cyloadermeta  0xf0000000       0x40 .\CortexM3\ARM_GCC_493\Debug\cybootloader.o
                0xf0000000                cy_meta_loader

.cyloadablemeta
                0x0003ffc0       0x40
 *(.cyloadablemeta)
 .cyloadablemeta
                0x0003ffc0       0x40 .\CortexM3\ARM_GCC_493\Debug\cymetadata.o
                0x0003ffc0                cy_meta_loadable

.cyconfigecc    0x80000400     0x130c
 *(.cyconfigecc)
 .cyconfigecc   0x80000400     0x130c .\CortexM3\ARM_GCC_493\Debug\cymetadata.o
                0x80000400                cy_meta_configecc

.cycustnvl      0x90000000        0x4
 *(.cycustnvl)
 .cycustnvl     0x90000000        0x4 .\CortexM3\ARM_GCC_493\Debug\cybootloader.o
                0x90000000                cy_meta_custnvl

.cywolatch      0x90100000        0x4
 *(.cywolatch)
 .cywolatch     0x90100000        0x4 .\CortexM3\ARM_GCC_493\Debug\cybootloader.o
                0x90100000                cy_meta_wonvl

.cyeeprom       0x90200000        0x0
 *(.cyeeprom)
                0x00000001                ASSERT ((. <= ((0x90200000 + ee_offset) + ee_size)), .cyeeprom data will not fit in EEPROM)

.cyflashprotect
                0x90400000      0x100
 *(.cyflashprotect)
 .cyflashprotect
                0x90400000      0x100 .\CortexM3\ARM_GCC_493\Debug\cybootloader.o
                0x90400000                cy_meta_flashprotect

.cymeta         0x90500000        0xc
 *(.cymeta)
 .cymeta        0x90500000        0xc .\CortexM3\ARM_GCC_493\Debug\cybootloader.o
                0x90500000                cy_metadata

.rel.dyn        0x00040000        0x0 load address 0x9050000c
 .rel.iplt      0x00000000        0x0 c:/program files (x86)/cypress/psoc creator/3.3/psoc creator/import/gnu/arm/4.9.3/bin/../lib/gcc/arm-none-eabi/4.9.3/armv7-m/crtbegin.o

.stab
 *(.stab)

.stabstr
 *(.stabstr)

.debug
 *(.debug)

.line
 *(.line)

.debug_srcinfo
 *(.debug_srcinfo)

.debug_sfnames
 *(.debug_sfnames)

.debug_aranges  0x00000000     0x1560
 *(.debug_aranges)
 .debug_aranges
                0x00000000       0x38 .\CortexM3\ARM_GCC_493\Debug\ibuton.o
 .debug_aranges
                0x00000038       0x38 .\CortexM3\ARM_GCC_493\Debug\I2C.o
 .debug_aranges
                0x00000070       0x70 .\CortexM3\ARM_GCC_493\Debug\main.o
 .debug_aranges
                0x000000e0       0x50 .\CortexM3\ARM_GCC_493\Debug\LCD.o
 .debug_aranges
                0x00000130       0x20 .\CortexM3\ARM_GCC_493\Debug\keyboard.o
 .debug_aranges
                0x00000150       0x50 .\CortexM3\ARM_GCC_493\Debug\protocol.o
 .debug_aranges
                0x000001a0       0x40 .\CortexM3\ARM_GCC_493\Debug\operations.o
 .debug_aranges
                0x000001e0       0x20 .\CortexM3\ARM_GCC_493\Debug\codebar.o
 .debug_aranges
                0x00000200       0x20 .\CortexM3\ARM_GCC_493\Debug\codetag.o
 .debug_aranges
                0x00000220       0x30 .\CortexM3\ARM_GCC_493\Debug\memoryEP.o
 .debug_aranges
                0x00000250       0x48 .\CortexM3\ARM_GCC_493\Debug\Cm3Start.o
 .debug_aranges
                0x00000298       0x18 .\CortexM3\ARM_GCC_493\Debug\cymetadata.o
 .debug_aranges
                0x000002b0       0x18 .\CortexM3\ARM_GCC_493\Debug\cybootloader.o
 .debug_aranges
                0x000002c8       0x60 .\CortexM3\ARM_GCC_493\Debug\MuxAdvance.a(cyfitter_cfg.o)
 .debug_aranges
                0x00000328       0x20 .\CortexM3\ARM_GCC_493\Debug\MuxAdvance.a(CyBootAsmGnu.o)
 .debug_aranges
                0x00000348      0x290 .\CortexM3\ARM_GCC_493\Debug\MuxAdvance.a(CyLib.o)
 .debug_aranges
                0x000005d8       0x90 .\CortexM3\ARM_GCC_493\Debug\MuxAdvance.a(cyPm.o)
 .debug_aranges
                0x00000668       0x38 .\CortexM3\ARM_GCC_493\Debug\MuxAdvance.a(I2C_1.o)
 .debug_aranges
                0x000006a0       0x20 .\CortexM3\ARM_GCC_493\Debug\MuxAdvance.a(I2C_1_INT.o)
 .debug_aranges
                0x000006c0       0x38 .\CortexM3\ARM_GCC_493\Debug\MuxAdvance.a(I2C_1_PM.o)
 .debug_aranges
                0x000006f8       0x80 .\CortexM3\ARM_GCC_493\Debug\MuxAdvance.a(I2C_1_MASTER.o)
 .debug_aranges
                0x00000778       0x80 .\CortexM3\ARM_GCC_493\Debug\MuxAdvance.a(isr_1.o)
 .debug_aranges
                0x000007f8       0x80 .\CortexM3\ARM_GCC_493\Debug\MuxAdvance.a(isr_2.o)
 .debug_aranges
                0x00000878       0x38 .\CortexM3\ARM_GCC_493\Debug\MuxAdvance.a(IB1.o)
 .debug_aranges
                0x000008b0       0x38 .\CortexM3\ARM_GCC_493\Debug\MuxAdvance.a(IB2.o)
 .debug_aranges
                0x000008e8       0x80 .\CortexM3\ARM_GCC_493\Debug\MuxAdvance.a(isr_3.o)
 .debug_aranges
                0x00000968       0x88 .\CortexM3\ARM_GCC_493\Debug\MuxAdvance.a(Waitable_2.o)
 .debug_aranges
                0x000009f0       0x88 .\CortexM3\ARM_GCC_493\Debug\MuxAdvance.a(Waitable_3.o)
 .debug_aranges
                0x00000a78       0x88 .\CortexM3\ARM_GCC_493\Debug\MuxAdvance.a(Waitable_1.o)
 .debug_aranges
                0x00000b00      0x100 .\CortexM3\ARM_GCC_493\Debug\MuxAdvance.a(Beagle.o)
 .debug_aranges
                0x00000c00       0x20 .\CortexM3\ARM_GCC_493\Debug\MuxAdvance.a(Beagle_INT.o)
 .debug_aranges
                0x00000c20       0x70 .\CortexM3\ARM_GCC_493\Debug\MuxAdvance.a(Beagle_IntClock.o)
 .debug_aranges
                0x00000c90       0x78 .\CortexM3\ARM_GCC_493\Debug\MuxAdvance.a(EEPROM_1.o)
 .debug_aranges
                0x00000d08      0x100 .\CortexM3\ARM_GCC_493\Debug\MuxAdvance.a(LCD2.o)
 .debug_aranges
                0x00000e08       0x20 .\CortexM3\ARM_GCC_493\Debug\MuxAdvance.a(LCD2_INT.o)
 .debug_aranges
                0x00000e28       0x70 .\CortexM3\ARM_GCC_493\Debug\MuxAdvance.a(LCD2_IntClock.o)
 .debug_aranges
                0x00000e98      0x100 .\CortexM3\ARM_GCC_493\Debug\MuxAdvance.a(LCD1.o)
 .debug_aranges
                0x00000f98       0x20 .\CortexM3\ARM_GCC_493\Debug\MuxAdvance.a(LCD1_INT.o)
 .debug_aranges
                0x00000fb8       0x70 .\CortexM3\ARM_GCC_493\Debug\MuxAdvance.a(LCD1_IntClock.o)
 .debug_aranges
                0x00001028      0x100 .\CortexM3\ARM_GCC_493\Debug\MuxAdvance.a(Pump_AL.o)
 .debug_aranges
                0x00001128       0x20 .\CortexM3\ARM_GCC_493\Debug\MuxAdvance.a(Pump_AL_INT.o)
 .debug_aranges
                0x00001148      0x100 .\CortexM3\ARM_GCC_493\Debug\MuxAdvance.a(Tag.o)
 .debug_aranges
                0x00001248       0x20 .\CortexM3\ARM_GCC_493\Debug\MuxAdvance.a(Tag_INT.o)
 .debug_aranges
                0x00001268       0x70 .\CortexM3\ARM_GCC_493\Debug\MuxAdvance.a(Tag_IntClock.o)
 .debug_aranges
                0x000012d8      0x100 .\CortexM3\ARM_GCC_493\Debug\MuxAdvance.a(Code_Bar.o)
 .debug_aranges
                0x000013d8       0x20 .\CortexM3\ARM_GCC_493\Debug\MuxAdvance.a(Code_Bar_INT.o)
 .debug_aranges
                0x000013f8       0x70 .\CortexM3\ARM_GCC_493\Debug\MuxAdvance.a(Code_Bar_IntClock.o)
 .debug_aranges
                0x00001468       0x80 .\CortexM3\ARM_GCC_493\Debug\MuxAdvance.a(CyFlash.o)
 .debug_aranges
                0x000014e8       0x78 .\CortexM3\ARM_GCC_493\Debug\MuxAdvance.a(CySpc.o)

.debug_pubnames
 *(.debug_pubnames)

.debug_info     0x00000000     0xcb5b
 *(.debug_info .gnu.linkonce.wi.*)
 .debug_info    0x00000000      0x1c1 .\CortexM3\ARM_GCC_493\Debug\ibuton.o
 .debug_info    0x000001c1      0x890 .\CortexM3\ARM_GCC_493\Debug\I2C.o
 .debug_info    0x00000a51      0xa91 .\CortexM3\ARM_GCC_493\Debug\main.o
 .debug_info    0x000014e2      0xa3a .\CortexM3\ARM_GCC_493\Debug\LCD.o
 .debug_info    0x00001f1c      0x80a .\CortexM3\ARM_GCC_493\Debug\keyboard.o
 .debug_info    0x00002726      0xa60 .\CortexM3\ARM_GCC_493\Debug\protocol.o
 .debug_info    0x00003186      0xa93 .\CortexM3\ARM_GCC_493\Debug\operations.o
 .debug_info    0x00003c19      0x7cc .\CortexM3\ARM_GCC_493\Debug\codebar.o
 .debug_info    0x000043e5      0x804 .\CortexM3\ARM_GCC_493\Debug\codetag.o
 .debug_info    0x00004be9      0x87b .\CortexM3\ARM_GCC_493\Debug\memoryEP.o
 .debug_info    0x00005464      0x323 .\CortexM3\ARM_GCC_493\Debug\Cm3Start.o
 .debug_info    0x00005787       0xd8 .\CortexM3\ARM_GCC_493\Debug\cymetadata.o
 .debug_info    0x0000585f      0x164 .\CortexM3\ARM_GCC_493\Debug\cybootloader.o
 .debug_info    0x000059c3      0x457 .\CortexM3\ARM_GCC_493\Debug\MuxAdvance.a(cyfitter_cfg.o)
 .debug_info    0x00005e1a       0xb2 .\CortexM3\ARM_GCC_493\Debug\MuxAdvance.a(CyBootAsmGnu.o)
 .debug_info    0x00005ecc      0xd85 .\CortexM3\ARM_GCC_493\Debug\MuxAdvance.a(CyLib.o)
 .debug_info    0x00006c51      0x536 .\CortexM3\ARM_GCC_493\Debug\MuxAdvance.a(cyPm.o)
 .debug_info    0x00007187      0x1f7 .\CortexM3\ARM_GCC_493\Debug\MuxAdvance.a(I2C_1.o)
 .debug_info    0x0000737e      0x14d .\CortexM3\ARM_GCC_493\Debug\MuxAdvance.a(I2C_1_INT.o)
 .debug_info    0x000074cb      0x190 .\CortexM3\ARM_GCC_493\Debug\MuxAdvance.a(I2C_1_PM.o)
 .debug_info    0x0000765b      0x3ef .\CortexM3\ARM_GCC_493\Debug\MuxAdvance.a(I2C_1_MASTER.o)
 .debug_info    0x00007a4a      0x238 .\CortexM3\ARM_GCC_493\Debug\MuxAdvance.a(isr_1.o)
 .debug_info    0x00007c82      0x238 .\CortexM3\ARM_GCC_493\Debug\MuxAdvance.a(isr_2.o)
 .debug_info    0x00007eba      0x11d .\CortexM3\ARM_GCC_493\Debug\MuxAdvance.a(IB1.o)
 .debug_info    0x00007fd7      0x11d .\CortexM3\ARM_GCC_493\Debug\MuxAdvance.a(IB2.o)
 .debug_info    0x000080f4      0x238 .\CortexM3\ARM_GCC_493\Debug\MuxAdvance.a(isr_3.o)
 .debug_info    0x0000832c      0x23c .\CortexM3\ARM_GCC_493\Debug\MuxAdvance.a(Waitable_2.o)
 .debug_info    0x00008568      0x23c .\CortexM3\ARM_GCC_493\Debug\MuxAdvance.a(Waitable_3.o)
 .debug_info    0x000087a4      0x23c .\CortexM3\ARM_GCC_493\Debug\MuxAdvance.a(Waitable_1.o)
 .debug_info    0x000089e0      0x5ec .\CortexM3\ARM_GCC_493\Debug\MuxAdvance.a(Beagle.o)
 .debug_info    0x00008fcc      0x138 .\CortexM3\ARM_GCC_493\Debug\MuxAdvance.a(Beagle_INT.o)
 .debug_info    0x00009104      0x25b .\CortexM3\ARM_GCC_493\Debug\MuxAdvance.a(Beagle_IntClock.o)
 .debug_info    0x0000935f      0x350 .\CortexM3\ARM_GCC_493\Debug\MuxAdvance.a(EEPROM_1.o)
 .debug_info    0x000096af      0x5e6 .\CortexM3\ARM_GCC_493\Debug\MuxAdvance.a(LCD2.o)
 .debug_info    0x00009c95      0x127 .\CortexM3\ARM_GCC_493\Debug\MuxAdvance.a(LCD2_INT.o)
 .debug_info    0x00009dbc      0x25b .\CortexM3\ARM_GCC_493\Debug\MuxAdvance.a(LCD2_IntClock.o)
 .debug_info    0x0000a017      0x5e6 .\CortexM3\ARM_GCC_493\Debug\MuxAdvance.a(LCD1.o)
 .debug_info    0x0000a5fd      0x127 .\CortexM3\ARM_GCC_493\Debug\MuxAdvance.a(LCD1_INT.o)
 .debug_info    0x0000a724      0x25b .\CortexM3\ARM_GCC_493\Debug\MuxAdvance.a(LCD1_IntClock.o)
 .debug_info    0x0000a97f      0x5eb .\CortexM3\ARM_GCC_493\Debug\MuxAdvance.a(Pump_AL.o)
 .debug_info    0x0000af6a      0x137 .\CortexM3\ARM_GCC_493\Debug\MuxAdvance.a(Pump_AL_INT.o)
 .debug_info    0x0000b0a1      0x5eb .\CortexM3\ARM_GCC_493\Debug\MuxAdvance.a(Tag.o)
 .debug_info    0x0000b68c      0x137 .\CortexM3\ARM_GCC_493\Debug\MuxAdvance.a(Tag_INT.o)
 .debug_info    0x0000b7c3      0x25b .\CortexM3\ARM_GCC_493\Debug\MuxAdvance.a(Tag_IntClock.o)
 .debug_info    0x0000ba1e      0x5eb .\CortexM3\ARM_GCC_493\Debug\MuxAdvance.a(Code_Bar.o)
 .debug_info    0x0000c009      0x137 .\CortexM3\ARM_GCC_493\Debug\MuxAdvance.a(Code_Bar_INT.o)
 .debug_info    0x0000c140      0x25b .\CortexM3\ARM_GCC_493\Debug\MuxAdvance.a(Code_Bar_IntClock.o)
 .debug_info    0x0000c39b      0x36a .\CortexM3\ARM_GCC_493\Debug\MuxAdvance.a(CyFlash.o)
 .debug_info    0x0000c705      0x456 .\CortexM3\ARM_GCC_493\Debug\MuxAdvance.a(CySpc.o)

.debug_abbrev   0x00000000     0x36ba
 *(.debug_abbrev)
 .debug_abbrev  0x00000000       0xc3 .\CortexM3\ARM_GCC_493\Debug\ibuton.o
 .debug_abbrev  0x000000c3      0x111 .\CortexM3\ARM_GCC_493\Debug\I2C.o
 .debug_abbrev  0x000001d4      0x191 .\CortexM3\ARM_GCC_493\Debug\main.o
 .debug_abbrev  0x00000365      0x172 .\CortexM3\ARM_GCC_493\Debug\LCD.o
 .debug_abbrev  0x000004d7       0xf7 .\CortexM3\ARM_GCC_493\Debug\keyboard.o
 .debug_abbrev  0x000005ce      0x167 .\CortexM3\ARM_GCC_493\Debug\protocol.o
 .debug_abbrev  0x00000735      0x19b .\CortexM3\ARM_GCC_493\Debug\operations.o
 .debug_abbrev  0x000008d0       0xe6 .\CortexM3\ARM_GCC_493\Debug\codebar.o
 .debug_abbrev  0x000009b6      0x106 .\CortexM3\ARM_GCC_493\Debug\codetag.o
 .debug_abbrev  0x00000abc       0xf3 .\CortexM3\ARM_GCC_493\Debug\memoryEP.o
 .debug_abbrev  0x00000baf      0x1c5 .\CortexM3\ARM_GCC_493\Debug\Cm3Start.o
 .debug_abbrev  0x00000d74       0x66 .\CortexM3\ARM_GCC_493\Debug\cymetadata.o
 .debug_abbrev  0x00000dda       0x77 .\CortexM3\ARM_GCC_493\Debug\cybootloader.o
 .debug_abbrev  0x00000e51      0x1ca .\CortexM3\ARM_GCC_493\Debug\MuxAdvance.a(cyfitter_cfg.o)
 .debug_abbrev  0x0000101b       0x14 .\CortexM3\ARM_GCC_493\Debug\MuxAdvance.a(CyBootAsmGnu.o)
 .debug_abbrev  0x0000102f      0x217 .\CortexM3\ARM_GCC_493\Debug\MuxAdvance.a(CyLib.o)
 .debug_abbrev  0x00001246      0x16e .\CortexM3\ARM_GCC_493\Debug\MuxAdvance.a(cyPm.o)
 .debug_abbrev  0x000013b4       0xe2 .\CortexM3\ARM_GCC_493\Debug\MuxAdvance.a(I2C_1.o)
 .debug_abbrev  0x00001496       0x8e .\CortexM3\ARM_GCC_493\Debug\MuxAdvance.a(I2C_1_INT.o)
 .debug_abbrev  0x00001524       0xf8 .\CortexM3\ARM_GCC_493\Debug\MuxAdvance.a(I2C_1_PM.o)
 .debug_abbrev  0x0000161c      0x12b .\CortexM3\ARM_GCC_493\Debug\MuxAdvance.a(I2C_1_MASTER.o)
 .debug_abbrev  0x00001747      0x17f .\CortexM3\ARM_GCC_493\Debug\MuxAdvance.a(isr_1.o)
 .debug_abbrev  0x000018c6      0x17f .\CortexM3\ARM_GCC_493\Debug\MuxAdvance.a(isr_2.o)
 .debug_abbrev  0x00001a45       0x9d .\CortexM3\ARM_GCC_493\Debug\MuxAdvance.a(IB1.o)
 .debug_abbrev  0x00001ae2       0x9d .\CortexM3\ARM_GCC_493\Debug\MuxAdvance.a(IB2.o)
 .debug_abbrev  0x00001b7f      0x17f .\CortexM3\ARM_GCC_493\Debug\MuxAdvance.a(isr_3.o)
 .debug_abbrev  0x00001cfe       0xf6 .\CortexM3\ARM_GCC_493\Debug\MuxAdvance.a(Waitable_2.o)
 .debug_abbrev  0x00001df4       0xf6 .\CortexM3\ARM_GCC_493\Debug\MuxAdvance.a(Waitable_3.o)
 .debug_abbrev  0x00001eea       0xf6 .\CortexM3\ARM_GCC_493\Debug\MuxAdvance.a(Waitable_1.o)
 .debug_abbrev  0x00001fe0      0x19e .\CortexM3\ARM_GCC_493\Debug\MuxAdvance.a(Beagle.o)
 .debug_abbrev  0x0000217e       0x97 .\CortexM3\ARM_GCC_493\Debug\MuxAdvance.a(Beagle_INT.o)
 .debug_abbrev  0x00002215      0x12a .\CortexM3\ARM_GCC_493\Debug\MuxAdvance.a(Beagle_IntClock.o)
 .debug_abbrev  0x0000233f      0x124 .\CortexM3\ARM_GCC_493\Debug\MuxAdvance.a(EEPROM_1.o)
 .debug_abbrev  0x00002463      0x19e .\CortexM3\ARM_GCC_493\Debug\MuxAdvance.a(LCD2.o)
 .debug_abbrev  0x00002601       0x97 .\CortexM3\ARM_GCC_493\Debug\MuxAdvance.a(LCD2_INT.o)
 .debug_abbrev  0x00002698      0x12a .\CortexM3\ARM_GCC_493\Debug\MuxAdvance.a(LCD2_IntClock.o)
 .debug_abbrev  0x000027c2      0x19e .\CortexM3\ARM_GCC_493\Debug\MuxAdvance.a(LCD1.o)
 .debug_abbrev  0x00002960       0x97 .\CortexM3\ARM_GCC_493\Debug\MuxAdvance.a(LCD1_INT.o)
 .debug_abbrev  0x000029f7      0x12a .\CortexM3\ARM_GCC_493\Debug\MuxAdvance.a(LCD1_IntClock.o)
 .debug_abbrev  0x00002b21      0x19e .\CortexM3\ARM_GCC_493\Debug\MuxAdvance.a(Pump_AL.o)
 .debug_abbrev  0x00002cbf       0x97 .\CortexM3\ARM_GCC_493\Debug\MuxAdvance.a(Pump_AL_INT.o)
 .debug_abbrev  0x00002d56      0x19e .\CortexM3\ARM_GCC_493\Debug\MuxAdvance.a(Tag.o)
 .debug_abbrev  0x00002ef4       0x97 .\CortexM3\ARM_GCC_493\Debug\MuxAdvance.a(Tag_INT.o)
 .debug_abbrev  0x00002f8b      0x12a .\CortexM3\ARM_GCC_493\Debug\MuxAdvance.a(Tag_IntClock.o)
 .debug_abbrev  0x000030b5      0x19e .\CortexM3\ARM_GCC_493\Debug\MuxAdvance.a(Code_Bar.o)
 .debug_abbrev  0x00003253       0x97 .\CortexM3\ARM_GCC_493\Debug\MuxAdvance.a(Code_Bar_INT.o)
 .debug_abbrev  0x000032ea      0x12a .\CortexM3\ARM_GCC_493\Debug\MuxAdvance.a(Code_Bar_IntClock.o)
 .debug_abbrev  0x00003414      0x12d .\CortexM3\ARM_GCC_493\Debug\MuxAdvance.a(CyFlash.o)
 .debug_abbrev  0x00003541      0x179 .\CortexM3\ARM_GCC_493\Debug\MuxAdvance.a(CySpc.o)

.debug_line     0x00000000     0xa635
 *(.debug_line)
 .debug_line    0x00000000      0x27a .\CortexM3\ARM_GCC_493\Debug\ibuton.o
 .debug_line    0x0000027a      0x226 .\CortexM3\ARM_GCC_493\Debug\I2C.o
 .debug_line    0x000004a0     0x3a93 .\CortexM3\ARM_GCC_493\Debug\main.o
 .debug_line    0x00003f33      0xcb8 .\CortexM3\ARM_GCC_493\Debug\LCD.o
 .debug_line    0x00004beb      0x249 .\CortexM3\ARM_GCC_493\Debug\keyboard.o
 .debug_line    0x00004e34      0x893 .\CortexM3\ARM_GCC_493\Debug\protocol.o
 .debug_line    0x000056c7      0x451 .\CortexM3\ARM_GCC_493\Debug\operations.o
 .debug_line    0x00005b18      0x183 .\CortexM3\ARM_GCC_493\Debug\codebar.o
 .debug_line    0x00005c9b      0x1c1 .\CortexM3\ARM_GCC_493\Debug\codetag.o
 .debug_line    0x00005e5c      0x34c .\CortexM3\ARM_GCC_493\Debug\memoryEP.o
 .debug_line    0x000061a8      0x1d4 .\CortexM3\ARM_GCC_493\Debug\Cm3Start.o
 .debug_line    0x0000637c       0x53 .\CortexM3\ARM_GCC_493\Debug\cymetadata.o
 .debug_line    0x000063cf       0x55 .\CortexM3\ARM_GCC_493\Debug\cybootloader.o
 .debug_line    0x00006424      0x228 .\CortexM3\ARM_GCC_493\Debug\MuxAdvance.a(cyfitter_cfg.o)
 .debug_line    0x0000664c       0x68 .\CortexM3\ARM_GCC_493\Debug\MuxAdvance.a(CyBootAsmGnu.o)
 .debug_line    0x000066b4      0x841 .\CortexM3\ARM_GCC_493\Debug\MuxAdvance.a(CyLib.o)
 .debug_line    0x00006ef5      0x36f .\CortexM3\ARM_GCC_493\Debug\MuxAdvance.a(cyPm.o)
 .debug_line    0x00007264       0xdd .\CortexM3\ARM_GCC_493\Debug\MuxAdvance.a(I2C_1.o)
 .debug_line    0x00007341      0x118 .\CortexM3\ARM_GCC_493\Debug\MuxAdvance.a(I2C_1_INT.o)
 .debug_line    0x00007459       0xbe .\CortexM3\ARM_GCC_493\Debug\MuxAdvance.a(I2C_1_PM.o)
 .debug_line    0x00007517      0x1ed .\CortexM3\ARM_GCC_493\Debug\MuxAdvance.a(I2C_1_MASTER.o)
 .debug_line    0x00007704      0x169 .\CortexM3\ARM_GCC_493\Debug\MuxAdvance.a(isr_1.o)
 .debug_line    0x0000786d      0x169 .\CortexM3\ARM_GCC_493\Debug\MuxAdvance.a(isr_2.o)
 .debug_line    0x000079d6       0x94 .\CortexM3\ARM_GCC_493\Debug\MuxAdvance.a(IB1.o)
 .debug_line    0x00007a6a       0x94 .\CortexM3\ARM_GCC_493\Debug\MuxAdvance.a(IB2.o)
 .debug_line    0x00007afe      0x169 .\CortexM3\ARM_GCC_493\Debug\MuxAdvance.a(isr_3.o)
 .debug_line    0x00007c67      0x164 .\CortexM3\ARM_GCC_493\Debug\MuxAdvance.a(Waitable_2.o)
 .debug_line    0x00007dcb      0x164 .\CortexM3\ARM_GCC_493\Debug\MuxAdvance.a(Waitable_3.o)
 .debug_line    0x00007f2f      0x164 .\CortexM3\ARM_GCC_493\Debug\MuxAdvance.a(Waitable_1.o)
 .debug_line    0x00008093      0x338 .\CortexM3\ARM_GCC_493\Debug\MuxAdvance.a(Beagle.o)
 .debug_line    0x000083cb       0x8d .\CortexM3\ARM_GCC_493\Debug\MuxAdvance.a(Beagle_INT.o)
 .debug_line    0x00008458      0x1c3 .\CortexM3\ARM_GCC_493\Debug\MuxAdvance.a(Beagle_IntClock.o)
 .debug_line    0x0000861b      0x22a .\CortexM3\ARM_GCC_493\Debug\MuxAdvance.a(EEPROM_1.o)
 .debug_line    0x00008845      0x336 .\CortexM3\ARM_GCC_493\Debug\MuxAdvance.a(LCD2.o)
 .debug_line    0x00008b7b       0x89 .\CortexM3\ARM_GCC_493\Debug\MuxAdvance.a(LCD2_INT.o)
 .debug_line    0x00008c04      0x1c1 .\CortexM3\ARM_GCC_493\Debug\MuxAdvance.a(LCD2_IntClock.o)
 .debug_line    0x00008dc5      0x336 .\CortexM3\ARM_GCC_493\Debug\MuxAdvance.a(LCD1.o)
 .debug_line    0x000090fb       0x89 .\CortexM3\ARM_GCC_493\Debug\MuxAdvance.a(LCD1_INT.o)
 .debug_line    0x00009184      0x1c1 .\CortexM3\ARM_GCC_493\Debug\MuxAdvance.a(LCD1_IntClock.o)
 .debug_line    0x00009345      0x337 .\CortexM3\ARM_GCC_493\Debug\MuxAdvance.a(Pump_AL.o)
 .debug_line    0x0000967c       0x8f .\CortexM3\ARM_GCC_493\Debug\MuxAdvance.a(Pump_AL_INT.o)
 .debug_line    0x0000970b      0x335 .\CortexM3\ARM_GCC_493\Debug\MuxAdvance.a(Tag.o)
 .debug_line    0x00009a40       0x87 .\CortexM3\ARM_GCC_493\Debug\MuxAdvance.a(Tag_INT.o)
 .debug_line    0x00009ac7      0x1c0 .\CortexM3\ARM_GCC_493\Debug\MuxAdvance.a(Tag_IntClock.o)
 .debug_line    0x00009c87      0x33a .\CortexM3\ARM_GCC_493\Debug\MuxAdvance.a(Code_Bar.o)
 .debug_line    0x00009fc1       0x91 .\CortexM3\ARM_GCC_493\Debug\MuxAdvance.a(Code_Bar_INT.o)
 .debug_line    0x0000a052      0x1c5 .\CortexM3\ARM_GCC_493\Debug\MuxAdvance.a(Code_Bar_IntClock.o)
 .debug_line    0x0000a217      0x207 .\CortexM3\ARM_GCC_493\Debug\MuxAdvance.a(CyFlash.o)
 .debug_line    0x0000a41e      0x217 .\CortexM3\ARM_GCC_493\Debug\MuxAdvance.a(CySpc.o)

.debug_frame    0x00000000     0x5afc
 *(.debug_frame)
 .debug_frame   0x00000000       0xb0 .\CortexM3\ARM_GCC_493\Debug\ibuton.o
 .debug_frame   0x000000b0       0xb4 .\CortexM3\ARM_GCC_493\Debug\I2C.o
 .debug_frame   0x00000164      0x1b4 .\CortexM3\ARM_GCC_493\Debug\main.o
 .debug_frame   0x00000318      0x140 .\CortexM3\ARM_GCC_493\Debug\LCD.o
 .debug_frame   0x00000458       0x3c .\CortexM3\ARM_GCC_493\Debug\keyboard.o
 .debug_frame   0x00000494      0x138 .\CortexM3\ARM_GCC_493\Debug\protocol.o
 .debug_frame   0x000005cc       0xe8 .\CortexM3\ARM_GCC_493\Debug\operations.o
 .debug_frame   0x000006b4       0x38 .\CortexM3\ARM_GCC_493\Debug\codebar.o
 .debug_frame   0x000006ec       0x3c .\CortexM3\ARM_GCC_493\Debug\codetag.o
 .debug_frame   0x00000728       0x90 .\CortexM3\ARM_GCC_493\Debug\memoryEP.o
 .debug_frame   0x000007b8       0xd4 .\CortexM3\ARM_GCC_493\Debug\Cm3Start.o
 .debug_frame   0x0000088c      0x16c .\CortexM3\ARM_GCC_493\Debug\MuxAdvance.a(cyfitter_cfg.o)
 .debug_frame   0x000009f8      0xbcc .\CortexM3\ARM_GCC_493\Debug\MuxAdvance.a(CyLib.o)
 .debug_frame   0x000015c4      0x218 .\CortexM3\ARM_GCC_493\Debug\MuxAdvance.a(cyPm.o)
 .debug_frame   0x000017dc       0x98 .\CortexM3\ARM_GCC_493\Debug\MuxAdvance.a(I2C_1.o)
 .debug_frame   0x00001874       0x38 .\CortexM3\ARM_GCC_493\Debug\MuxAdvance.a(I2C_1_INT.o)
 .debug_frame   0x000018ac       0x94 .\CortexM3\ARM_GCC_493\Debug\MuxAdvance.a(I2C_1_PM.o)
 .debug_frame   0x00001940      0x208 .\CortexM3\ARM_GCC_493\Debug\MuxAdvance.a(I2C_1_MASTER.o)
 .debug_frame   0x00001b48      0x1e8 .\CortexM3\ARM_GCC_493\Debug\MuxAdvance.a(isr_1.o)
 .debug_frame   0x00001d30      0x1e8 .\CortexM3\ARM_GCC_493\Debug\MuxAdvance.a(isr_2.o)